This is pdfTeX, Version 3.141592653-2.6-1.40.28 (MiKTeX 25.12 Portable) (preloaded format=pdflatex 2026.1.10)  16 JAN 2026 18:52
entering extended mode
 restricted \write18 enabled.
 %&-line parsing enabled.
**./main.tex
(main.tex
LaTeX2e <2025-11-01>
L3 programming layer <2025-12-24>
(svmono.cls
Document Class: svmono 2009/12/17 v5.5 
Springer Verlag global LaTeX document class for monographs
Class Springer-SVMono Info: extra/valid Springer sub-package 
(Springer-SVMono)           not found in option list - using "global" style.

(C:\Users\moise\scoop\apps\miktex\current\texmfs\install\tex/latex/base\article
.cls
Document Class: article 2025/01/22 v1.4n Standard LaTeX document class

(C:\Users\moise\scoop\apps\miktex\current\texmfs\install\tex/latex/base\size10.
clo
File: size10.clo 2025/01/22 v1.4n Standard LaTeX file (size option)
)
\c@part=\count275
\c@section=\count276
\c@subsection=\count277
\c@subsubsection=\count278
\c@paragraph=\count279
\c@subparagraph=\count280
\c@figure=\count281
\c@table=\count282
\abovecaptionskip=\skip49
\belowcaptionskip=\skip50
\bibindent=\dimen148
)
\svparindent=\dimen149
\betweenumberspace=\dimen150
\headlineindent=\dimen151
\c@chapter=\count283
\mottowidth=\dimen152
\svitemindent=\dimen153
\verbatimindent=\dimen154
LaTeX Font Info:    Redeclaring math symbol \Gamma on input line 832.
LaTeX Font Info:    Redeclaring math symbol \Delta on input line 833.
LaTeX Font Info:    Redeclaring math symbol \Theta on input line 834.
LaTeX Font Info:    Redeclaring math symbol \Lambda on input line 835.
LaTeX Font Info:    Redeclaring math symbol \Xi on input line 836.
LaTeX Font Info:    Redeclaring math symbol \Pi on input line 837.
LaTeX Font Info:    Redeclaring math symbol \Sigma on input line 838.
LaTeX Font Info:    Redeclaring math symbol \Upsilon on input line 839.
LaTeX Font Info:    Redeclaring math symbol \Phi on input line 840.
LaTeX Font Info:    Redeclaring math symbol \Psi on input line 841.
LaTeX Font Info:    Redeclaring math symbol \Omega on input line 842.
\tocchpnum=\dimen155
\tocsecnum=\dimen156
\tocsectotal=\dimen157
\tocsubsecnum=\dimen158
\tocsubsectotal=\dimen159
\tocsubsubsecnum=\dimen160
\tocsubsubsectotal=\dimen161
\tocparanum=\dimen162
\tocparatotal=\dimen163
\tocsubparanum=\dimen164
\foot@parindent=\dimen165
\spthmsep=\dimen166
\c@theorem=\count284
\c@case=\count285
\c@conjecture=\count286
\c@corollary=\count287
\c@definition=\count288
\c@example=\count289
\c@exercise=\count290
\c@lemma=\count291
\c@note=\count292
\c@problem=\count293
\c@property=\count294
\c@proposition=\count295
\c@question=\count296
\c@solution=\count297
\c@remark=\count298
\c@prob=\count299
\instindent=\dimen167
\figgap=\dimen168
\bildb@x=\box53
\figcapgap=\dimen169
\tabcapgap=\dimen170
\c@merk=\count300
LaTeX Info: Redefining \abstract on input line 1894.
)
(C:\Users\moise\scoop\apps\miktex\current\texmfs\install\tex/latex/graphics\col
or.sty
Package: color 2025/01/14 v1.3e Standard LaTeX Color (DPC)

(C:\Users\moise\scoop\apps\miktex\current\texmfs\install\tex/latex/graphics-cfg
\color.cfg
File: color.cfg 2016/01/02 v1.6 sample color configuration
)
Package color Info: Driver file: pdftex.def on input line 149.

(C:\Users\moise\scoop\apps\miktex\current\texmfs\install\tex/latex/graphics-def
\pdftex.def
File: pdftex.def 2025/09/29 v1.2d Graphics/color driver for pdftex
)
(C:\Users\moise\scoop\apps\miktex\current\texmfs\install\tex/latex/graphics\mat
hcolor.ltx))
(C:\Users\moise\scoop\apps\miktex\current\texmfs\install\tex/latex/framed\frame
d.sty
Package: framed 2011/10/22 v 0.96: framed or shaded text with page breaks
\OuterFrameSep=\skip51
\fb@frw=\dimen171
\fb@frh=\dimen172
\FrameRule=\dimen173
\FrameSep=\dimen174
)
(C:\Users\moise\scoop\apps\miktex\current\texmfs\install\tex/latex/psnfss\mathp
tmx.sty
Package: mathptmx 2020/03/25 PSNFSS-v9.3 Times w/ Math, improved (SPQR, WaS) 
LaTeX Font Info:    Redeclaring symbol font `operators' on input line 28.
LaTeX Font Info:    Overwriting symbol font `operators' in version `normal'
(Font)                  OT1/cmr/m/n --> OT1/ztmcm/m/n on input line 28.
LaTeX Font Info:    Overwriting symbol font `operators' in version `bold'
(Font)                  OT1/cmr/bx/n --> OT1/ztmcm/m/n on input line 28.
LaTeX Font Info:    Redeclaring symbol font `letters' on input line 29.
LaTeX Font Info:    Overwriting symbol font `letters' in version `normal'
(Font)                  OML/cmm/m/it --> OML/ztmcm/m/it on input line 29.
LaTeX Font Info:    Overwriting symbol font `letters' in version `bold'
(Font)                  OML/cmm/b/it --> OML/ztmcm/m/it on input line 29.
LaTeX Font Info:    Redeclaring symbol font `symbols' on input line 30.
LaTeX Font Info:    Overwriting symbol font `symbols' in version `normal'
(Font)                  OMS/cmsy/m/n --> OMS/ztmcm/m/n on input line 30.
LaTeX Font Info:    Overwriting symbol font `symbols' in version `bold'
(Font)                  OMS/cmsy/b/n --> OMS/ztmcm/m/n on input line 30.
LaTeX Font Info:    Redeclaring symbol font `largesymbols' on input line 31.
LaTeX Font Info:    Overwriting symbol font `largesymbols' in version `normal'
(Font)                  OMX/cmex/m/n --> OMX/ztmcm/m/n on input line 31.
LaTeX Font Info:    Overwriting symbol font `largesymbols' in version `bold'
(Font)                  OMX/cmex/m/n --> OMX/ztmcm/m/n on input line 31.
\symbold=\mathgroup4
\symitalic=\mathgroup5
LaTeX Font Info:    Redeclaring math alphabet \mathbf on input line 34.
LaTeX Font Info:    Overwriting math alphabet `\mathbf' in version `normal'
(Font)                  OT1/cmr/bx/n --> OT1/ptm/bx/n on input line 34.
LaTeX Font Info:    Overwriting math alphabet `\mathbf' in version `bold'
(Font)                  OT1/cmr/bx/n --> OT1/ptm/bx/n on input line 34.
LaTeX Font Info:    Redeclaring math alphabet \mathit on input line 35.
LaTeX Font Info:    Overwriting math alphabet `\mathit' in version `normal'
(Font)                  OT1/cmr/m/it --> OT1/ptm/m/it on input line 35.
LaTeX Font Info:    Overwriting math alphabet `\mathit' in version `bold'
(Font)                  OT1/cmr/bx/it --> OT1/ptm/m/it on input line 35.
LaTeX Info: Redefining \hbar on input line 50.
)
(C:\Users\moise\scoop\apps\miktex\current\texmfs\install\tex/latex/psnfss\helve
t.sty
Package: helvet 2020/03/25 PSNFSS-v9.3 (WaS) 

(C:\Users\moise\scoop\apps\miktex\current\texmfs\install\tex/latex/graphics\key
val.sty
Package: keyval 2022/05/29 v1.15 key=value parser (DPC)
\KV@toks@=\toks17
))
(C:\Users\moise\scoop\apps\miktex\current\texmfs\install\tex/latex/psnfss\couri
er.sty
Package: courier 2020/03/25 PSNFSS-v9.3 (WaS) 
)
(C:\Users\moise\scoop\apps\miktex\current\texmfs\install\tex/latex/type1cm\type
1cm.sty
Package: type1cm 2002/09/05 v0.04 BlueSky/Y&Y Type1 CM font definitions (DPC, p
atched RF)
)
(C:\Users\moise\scoop\apps\miktex\current\texmfs\install\tex/latex/base\makeidx
.sty
Package: makeidx 2021/10/04 v1.0m Standard LaTeX package
)
(C:\Users\moise\scoop\apps\miktex\current\texmfs\install\tex/latex/graphics\gra
phicx.sty
Package: graphicx 2024/12/31 v1.2e Enhanced LaTeX Graphics (DPC,SPQR)

(C:\Users\moise\scoop\apps\miktex\current\texmfs\install\tex/latex/graphics\gra
phics.sty
Package: graphics 2024/08/06 v1.4g Standard LaTeX Graphics (DPC,SPQR)

(C:\Users\moise\scoop\apps\miktex\current\texmfs\install\tex/latex/graphics\tri
g.sty
Package: trig 2023/12/02 v1.11 sin cos tan (DPC)
)
(C:\Users\moise\scoop\apps\miktex\current\texmfs\install\tex/latex/graphics-cfg
\graphics.cfg
File: graphics.cfg 2016/06/04 v1.11 sample graphics configuration
)
Package graphics Info: Driver file: pdftex.def on input line 106.
)
\Gin@req@height=\dimen175
\Gin@req@width=\dimen176
)
(C:\Users\moise\scoop\apps\miktex\current\texmfs\install\tex/latex/tools\multic
ol.sty
Package: multicol 2025/10/21 v2.0b multicolumn formatting (FMi)
\c@tracingmulticols=\count301
\mult@box=\box54
\multicol@leftmargin=\dimen177
\c@unbalance=\count302
\c@collectmore=\count303
\doublecol@number=\count304
\multicoltolerance=\count305
\multicolpretolerance=\count306
\full@width=\dimen178
\page@free=\dimen179
\premulticols=\dimen180
\postmulticols=\dimen181
\multicolsep=\skip52
\multicolbaselineskip=\skip53
\partial@page=\box55
\last@line=\box56
\mc@boxedresult=\box57
\maxbalancingoverflow=\dimen182
\mult@rightbox=\box58
\mult@grightbox=\box59
\mult@firstbox=\box60
\mult@gfirstbox=\box61
\@tempa=\box62
\@tempa=\box63
\@tempa=\box64
\@tempa=\box65
\@tempa=\box66
\@tempa=\box67
\@tempa=\box68
\@tempa=\box69
\@tempa=\box70
\@tempa=\box71
\@tempa=\box72
\@tempa=\box73
\@tempa=\box74
\@tempa=\box75
\@tempa=\box76
\@tempa=\box77
\@tempa=\box78
\@tempa=\box79
\@tempa=\box80
\@tempa=\box81
\@tempa=\box82
\@tempa=\box83
\@tempa=\box84
\@tempa=\box85
\@tempa=\box86
\@tempa=\box87
\@tempa=\box88
\@tempa=\box89
\@tempa=\box90
\@tempa=\box91
\@tempa=\box92
\@tempa=\box93
\@tempa=\box94
\@tempa=\box95
\@tempa=\box96
\@tempa=\box97
\c@minrows=\count307
\c@columnbadness=\count308
\c@finalcolumnbadness=\count309
\last@try=\dimen183
\multicolovershoot=\dimen184
\multicolundershoot=\dimen185
\mult@nat@firstbox=\box98
\colbreak@box=\box99
\mc@col@check@num=\count310
\g__mc_curr_col_int=\count311
)
(C:\Users\moise\scoop\apps\miktex\current\texmfs\install\tex/latex/footmisc\foo
tmisc.sty
Package: footmisc 2025/05/09 v7.0b a miscellany of footnote facilities
\FN@temptoken=\toks18
\footnotemargin=\dimen186
Package footmisc Info: Declaring symbol style bringhurst on input line 549.
Package footmisc Info: Declaring symbol style chicago on input line 557.
Package footmisc Info: Declaring symbol style wiley on input line 566.
Package footmisc Info: Declaring symbol style lamport-robust on input line 577.

Package footmisc Info: Declaring symbol style lamport* on input line 597.
Package footmisc Info: Declaring symbol style lamport*-robust on input line 618
.
)
(C:\Users\moise\scoop\apps\miktex\current\texmfs\install\tex/latex/amsfonts\ams
symb.sty
Package: amssymb 2013/01/14 v3.01 AMS font symbols

(C:\Users\moise\scoop\apps\miktex\current\texmfs\install\tex/latex/amsfonts\ams
fonts.sty
Package: amsfonts 2013/01/14 v3.01 Basic AMSFonts support
\@emptytoks=\toks19
\symAMSa=\mathgroup6
\symAMSb=\mathgroup7
LaTeX Font Info:    Overwriting math alphabet `\mathfrak' in version `bold'
(Font)                  U/euf/m/n --> U/euf/b/n on input line 106.
))
(C:\Users\moise\scoop\apps\miktex\current\texmfs\install\tex/latex/amsmath\amsm
ath.sty
Package: amsmath 2025/07/09 v2.17z AMS math features
\@mathmargin=\skip54

For additional information on amsmath, use the `?' option.

(C:\Users\moise\scoop\apps\miktex\current\texmfs\install\tex/latex/amsmath\amst
ext.sty
Package: amstext 2024/11/17 v2.01 AMS text

(C:\Users\moise\scoop\apps\miktex\current\texmfs\install\tex/latex/amsmath\amsg
en.sty
File: amsgen.sty 1999/11/30 v2.0 generic functions
\@emptytoks=\toks20
\ex@=\dimen187
))
(C:\Users\moise\scoop\apps\miktex\current\texmfs\install\tex/latex/amsmath\amsb
sy.sty
Package: amsbsy 1999/11/29 v1.2d Bold Symbols
\pmbraise@=\dimen188
)
(C:\Users\moise\scoop\apps\miktex\current\texmfs\install\tex/latex/amsmath\amso
pn.sty
Package: amsopn 2022/04/08 v2.04 operator names
)
\inf@bad=\count312
LaTeX Info: Redefining \frac on input line 233.
\uproot@=\count313
\leftroot@=\count314
LaTeX Info: Redefining \overline on input line 398.
LaTeX Info: Redefining \colon on input line 409.
\classnum@=\count315
\DOTSCASE@=\count316
LaTeX Info: Redefining \ldots on input line 495.
LaTeX Info: Redefining \dots on input line 498.
LaTeX Info: Redefining \cdots on input line 619.
\Mathstrutbox@=\box100
\strutbox@=\box101
LaTeX Info: Redefining \big on input line 721.
LaTeX Info: Redefining \Big on input line 722.
LaTeX Info: Redefining \bigg on input line 723.
LaTeX Info: Redefining \Bigg on input line 724.
\big@size=\dimen189
LaTeX Font Info:    Redeclaring font encoding OML on input line 742.
LaTeX Font Info:    Redeclaring font encoding OMS on input line 743.
\macc@depth=\count317
LaTeX Info: Redefining \bmod on input line 904.
LaTeX Info: Redefining \pmod on input line 909.
LaTeX Info: Redefining \smash on input line 939.
LaTeX Info: Redefining \relbar on input line 969.
LaTeX Info: Redefining \Relbar on input line 970.
\c@MaxMatrixCols=\count318
\dotsspace@=\muskip17
\c@parentequation=\count319
\dspbrk@lvl=\count320
\tag@help=\toks21
\row@=\count321
\column@=\count322
\maxfields@=\count323
\andhelp@=\toks22
\eqnshift@=\dimen190
\alignsep@=\dimen191
\tagshift@=\dimen192
\tagwidth@=\dimen193
\totwidth@=\dimen194
\lineht@=\dimen195
\@envbody=\toks23
\multlinegap=\skip55
\multlinetaggap=\skip56
\mathdisplay@stack=\toks24
LaTeX Info: Redefining \[ on input line 2950.
LaTeX Info: Redefining \] on input line 2951.
)
(C:\Users\moise\scoop\apps\miktex\current\texmfs\install\tex/latex/mathtools\ma
thtools.sty
Package: mathtools 2024/10/04 v1.31 mathematical typesetting tools

(C:\Users\moise\scoop\apps\miktex\current\texmfs\install\tex/latex/tools\calc.s
ty
Package: calc 2025/03/01 v4.3b Infix arithmetic (KKT,FJ)
\calc@Acount=\count324
\calc@Bcount=\count325
\calc@Adimen=\dimen196
\calc@Bdimen=\dimen197
\calc@Askip=\skip57
\calc@Bskip=\skip58
LaTeX Info: Redefining \setlength on input line 86.
LaTeX Info: Redefining \addtolength on input line 87.
\calc@Ccount=\count326
\calc@Cskip=\skip59
)
(C:\Users\moise\scoop\apps\miktex\current\texmfs\install\tex/latex/mathtools\mh
setup.sty
Package: mhsetup 2021/03/18 v1.4 programming setup (MH)
)
\g_MT_multlinerow_int=\count327
\l_MT_multwidth_dim=\dimen198
\origjot=\skip60
\l_MT_shortvdotswithinadjustabove_dim=\dimen199
\l_MT_shortvdotswithinadjustbelow_dim=\dimen256
\l_MT_above_intertext_sep=\dimen257
\l_MT_below_intertext_sep=\dimen258
\l_MT_above_shortintertext_sep=\dimen259
\l_MT_below_shortintertext_sep=\dimen260
\xmathstrut@box=\box102
\xmathstrut@dim=\dimen261
)
(C:\Users\moise\scoop\apps\miktex\current\texmfs\install\tex/latex/natbib\natbi
b.sty
Package: natbib 2010/09/13 8.31b (PWD, AO)
\bibhang=\skip61
\bibsep=\skip62
LaTeX Info: Redefining \cite on input line 694.
\c@NAT@ctr=\count328
)
(C:\Users\moise\scoop\apps\miktex\current\texmfs\install\tex/latex/subfigure\su
bfigure.sty
Package: subfigure 2002/07/30 v2.1.4 subfigure package
\subfigtopskip=\skip63
\subfigcapskip=\skip64
\subfigcaptopadj=\dimen262
\subfigbottomskip=\skip65
\subfigcapmargin=\dimen263
\subfiglabelskip=\skip66
\c@subfigure=\count329
\c@lofdepth=\count330
\c@subtable=\count331
\c@lotdepth=\count332

****************************************
* Local config file subfigure.cfg used *
****************************************

(C:\Users\moise\scoop\apps\miktex\current\texmfs\install\tex/latex/subfigure\su
bfigure.cfg)
\subfig@top=\skip67
\subfig@bottom=\skip68
)
(C:\Users\moise\scoop\apps\miktex\current\texmfs\install\tex/latex/pgfplots\pgf
plots.sty
(C:\Users\moise\scoop\apps\miktex\current\texmfs\install\tex/generic/pgfplots\p
gfplots.revision.tex)
Package: pgfplots 2021/05/15 v1.18.1 Data Visualization (1.18.1)

(C:\Users\moise\scoop\apps\miktex\current\texmfs\install\tex/latex/pgf/frontend
layer\tikz.sty
(C:\Users\moise\scoop\apps\miktex\current\texmfs\install\tex/latex/pgf/basiclay
er\pgf.sty
(C:\Users\moise\scoop\apps\miktex\current\texmfs\install\tex/latex/pgf/utilitie
s\pgfrcs.sty
(C:\Users\moise\scoop\apps\miktex\current\texmfs\install\tex/generic/pgf/utilit
ies\pgfutil-common.tex
\pgfutil@everybye=\toks25
\pgfutil@tempdima=\dimen264
\pgfutil@tempdimb=\dimen265
)
(C:\Users\moise\scoop\apps\miktex\current\texmfs\install\tex/generic/pgf/utilit
ies\pgfutil-latex.def
\pgfutil@abb=\box103
)
(C:\Users\moise\scoop\apps\miktex\current\texmfs\install\tex/generic/pgf/utilit
ies\pgfrcs.code.tex
(C:\Users\moise\scoop\apps\miktex\current\texmfs\install\tex/generic/pgf\pgf.re
vision.tex)
Package: pgfrcs 2025-08-29 v3.1.11a (3.1.11a)
))
Package: pgf 2025-08-29 v3.1.11a (3.1.11a)

(C:\Users\moise\scoop\apps\miktex\current\texmfs\install\tex/latex/pgf/basiclay
er\pgfcore.sty
(C:\Users\moise\scoop\apps\miktex\current\texmfs\install\tex/latex/pgf/systemla
yer\pgfsys.sty
(C:\Users\moise\scoop\apps\miktex\current\texmfs\install\tex/generic/pgf/system
layer\pgfsys.code.tex
Package: pgfsys 2025-08-29 v3.1.11a (3.1.11a)

(C:\Users\moise\scoop\apps\miktex\current\texmfs\install\tex/generic/pgf/utilit
ies\pgfkeys.code.tex
\pgfkeys@pathtoks=\toks26
\pgfkeys@temptoks=\toks27

(C:\Users\moise\scoop\apps\miktex\current\texmfs\install\tex/generic/pgf/utilit
ies\pgfkeyslibraryfiltered.code.tex
\pgfkeys@tmptoks=\toks28
))
\pgf@x=\dimen266
\pgf@y=\dimen267
\pgf@xa=\dimen268
\pgf@ya=\dimen269
\pgf@xb=\dimen270
\pgf@yb=\dimen271
\pgf@xc=\dimen272
\pgf@yc=\dimen273
\pgf@xd=\dimen274
\pgf@yd=\dimen275
\w@pgf@writea=\write3
\r@pgf@reada=\read2
\c@pgf@counta=\count333
\c@pgf@countb=\count334
\c@pgf@countc=\count335
\c@pgf@countd=\count336
\t@pgf@toka=\toks29
\t@pgf@tokb=\toks30
\t@pgf@tokc=\toks31
\pgf@sys@id@count=\count337

(C:\Users\moise\scoop\apps\miktex\current\texmfs\install\tex/generic/pgf/system
layer\pgf.cfg
File: pgf.cfg 2025-08-29 v3.1.11a (3.1.11a)
)
Driver file for pgf: pgfsys-pdftex.def

(C:\Users\moise\scoop\apps\miktex\current\texmfs\install\tex/generic/pgf/system
layer\pgfsys-pdftex.def
File: pgfsys-pdftex.def 2025-08-29 v3.1.11a (3.1.11a)

(C:\Users\moise\scoop\apps\miktex\current\texmfs\install\tex/generic/pgf/system
layer\pgfsys-common-pdf.def
File: pgfsys-common-pdf.def 2025-08-29 v3.1.11a (3.1.11a)
)))
(C:\Users\moise\scoop\apps\miktex\current\texmfs\install\tex/generic/pgf/system
layer\pgfsyssoftpath.code.tex
File: pgfsyssoftpath.code.tex 2025-08-29 v3.1.11a (3.1.11a)
\pgfsyssoftpath@smallbuffer@items=\count338
\pgfsyssoftpath@bigbuffer@items=\count339
)
(C:\Users\moise\scoop\apps\miktex\current\texmfs\install\tex/generic/pgf/system
layer\pgfsysprotocol.code.tex
File: pgfsysprotocol.code.tex 2025-08-29 v3.1.11a (3.1.11a)
))
(C:\Users\moise\scoop\apps\miktex\current\texmfs\install\tex/latex/xcolor\xcolo
r.sty
Package: xcolor 2024/09/29 v3.02 LaTeX color extensions (UK)

(C:\Users\moise\scoop\apps\miktex\current\texmfs\install\tex/latex/graphics-cfg
\color.cfg
File: color.cfg 2016/01/02 v1.6 sample color configuration
)
Package xcolor Info: Driver file: pdftex.def on input line 274.
LaTeX Info: Redefining \color on input line 762.

(C:\Users\moise\scoop\apps\miktex\current\texmfs\install\tex/latex/graphics\mat
hcolor.ltx)
Package xcolor Info: Model `cmy' substituted by `cmy0' on input line 1349.
Package xcolor Info: Model `hsb' substituted by `rgb' on input line 1353.
Package xcolor Info: Model `RGB' extended on input line 1365.
Package xcolor Info: Model `HTML' substituted by `rgb' on input line 1367.
Package xcolor Info: Model `Hsb' substituted by `hsb' on input line 1368.
Package xcolor Info: Model `tHsb' substituted by `hsb' on input line 1369.
Package xcolor Info: Model `HSB' substituted by `hsb' on input line 1370.
Package xcolor Info: Model `Gray' substituted by `gray' on input line 1371.
Package xcolor Info: Model `wave' substituted by `hsb' on input line 1372.
)
(C:\Users\moise\scoop\apps\miktex\current\texmfs\install\tex/generic/pgf/basicl
ayer\pgfcore.code.tex
Package: pgfcore 2025-08-29 v3.1.11a (3.1.11a)

(C:\Users\moise\scoop\apps\miktex\current\texmfs\install\tex/generic/pgf/math\p
gfmath.code.tex
(C:\Users\moise\scoop\apps\miktex\current\texmfs\install\tex/generic/pgf/math\p
gfmathutil.code.tex)
(C:\Users\moise\scoop\apps\miktex\current\texmfs\install\tex/generic/pgf/math\p
gfmathparser.code.tex
\pgfmath@dimen=\dimen276
\pgfmath@count=\count340
\pgfmath@box=\box104
\pgfmath@toks=\toks32
\pgfmath@stack@operand=\toks33
\pgfmath@stack@operation=\toks34
)
(C:\Users\moise\scoop\apps\miktex\current\texmfs\install\tex/generic/pgf/math\p
gfmathfunctions.code.tex)
(C:\Users\moise\scoop\apps\miktex\current\texmfs\install\tex/generic/pgf/math\p
gfmathfunctions.basic.code.tex)
(C:\Users\moise\scoop\apps\miktex\current\texmfs\install\tex/generic/pgf/math\p
gfmathfunctions.trigonometric.code.tex)
(C:\Users\moise\scoop\apps\miktex\current\texmfs\install\tex/generic/pgf/math\p
gfmathfunctions.random.code.tex)
(C:\Users\moise\scoop\apps\miktex\current\texmfs\install\tex/generic/pgf/math\p
gfmathfunctions.comparison.code.tex)
(C:\Users\moise\scoop\apps\miktex\current\texmfs\install\tex/generic/pgf/math\p
gfmathfunctions.base.code.tex)
(C:\Users\moise\scoop\apps\miktex\current\texmfs\install\tex/generic/pgf/math\p
gfmathfunctions.round.code.tex)
(C:\Users\moise\scoop\apps\miktex\current\texmfs\install\tex/generic/pgf/math\p
gfmathfunctions.misc.code.tex)
(C:\Users\moise\scoop\apps\miktex\current\texmfs\install\tex/generic/pgf/math\p
gfmathfunctions.integerarithmetics.code.tex)
(C:\Users\moise\scoop\apps\miktex\current\texmfs\install\tex/generic/pgf/math\p
gfmathcalc.code.tex)
(C:\Users\moise\scoop\apps\miktex\current\texmfs\install\tex/generic/pgf/math\p
gfmathfloat.code.tex
\c@pgfmathroundto@lastzeros=\count341
))
(C:\Users\moise\scoop\apps\miktex\current\texmfs\install\tex/generic/pgf/math\p
gfint.code.tex)
(C:\Users\moise\scoop\apps\miktex\current\texmfs\install\tex/generic/pgf/basicl
ayer\pgfcorepoints.code.tex
File: pgfcorepoints.code.tex 2025-08-29 v3.1.11a (3.1.11a)
\pgf@picminx=\dimen277
\pgf@picmaxx=\dimen278
\pgf@picminy=\dimen279
\pgf@picmaxy=\dimen280
\pgf@pathminx=\dimen281
\pgf@pathmaxx=\dimen282
\pgf@pathminy=\dimen283
\pgf@pathmaxy=\dimen284
\pgf@xx=\dimen285
\pgf@xy=\dimen286
\pgf@yx=\dimen287
\pgf@yy=\dimen288
\pgf@zx=\dimen289
\pgf@zy=\dimen290
)
(C:\Users\moise\scoop\apps\miktex\current\texmfs\install\tex/generic/pgf/basicl
ayer\pgfcorepathconstruct.code.tex
File: pgfcorepathconstruct.code.tex 2025-08-29 v3.1.11a (3.1.11a)
\pgf@path@lastx=\dimen291
\pgf@path@lasty=\dimen292
)
(C:\Users\moise\scoop\apps\miktex\current\texmfs\install\tex/generic/pgf/basicl
ayer\pgfcorepathusage.code.tex
File: pgfcorepathusage.code.tex 2025-08-29 v3.1.11a (3.1.11a)
\pgf@shorten@end@additional=\dimen293
\pgf@shorten@start@additional=\dimen294
)
(C:\Users\moise\scoop\apps\miktex\current\texmfs\install\tex/generic/pgf/basicl
ayer\pgfcorescopes.code.tex
File: pgfcorescopes.code.tex 2025-08-29 v3.1.11a (3.1.11a)
\pgfpic=\box105
\pgf@hbox=\box106
\pgf@layerbox@main=\box107
\pgf@picture@serial@count=\count342
)
(C:\Users\moise\scoop\apps\miktex\current\texmfs\install\tex/generic/pgf/basicl
ayer\pgfcoregraphicstate.code.tex
File: pgfcoregraphicstate.code.tex 2025-08-29 v3.1.11a (3.1.11a)
\pgflinewidth=\dimen295
)
(C:\Users\moise\scoop\apps\miktex\current\texmfs\install\tex/generic/pgf/basicl
ayer\pgfcoretransformations.code.tex
File: pgfcoretransformations.code.tex 2025-08-29 v3.1.11a (3.1.11a)
\pgf@pt@x=\dimen296
\pgf@pt@y=\dimen297
\pgf@pt@temp=\dimen298
)
(C:\Users\moise\scoop\apps\miktex\current\texmfs\install\tex/generic/pgf/basicl
ayer\pgfcorequick.code.tex
File: pgfcorequick.code.tex 2025-08-29 v3.1.11a (3.1.11a)
)
(C:\Users\moise\scoop\apps\miktex\current\texmfs\install\tex/generic/pgf/basicl
ayer\pgfcoreobjects.code.tex
File: pgfcoreobjects.code.tex 2025-08-29 v3.1.11a (3.1.11a)
)
(C:\Users\moise\scoop\apps\miktex\current\texmfs\install\tex/generic/pgf/basicl
ayer\pgfcorepathprocessing.code.tex
File: pgfcorepathprocessing.code.tex 2025-08-29 v3.1.11a (3.1.11a)
)
(C:\Users\moise\scoop\apps\miktex\current\texmfs\install\tex/generic/pgf/basicl
ayer\pgfcorearrows.code.tex
File: pgfcorearrows.code.tex 2025-08-29 v3.1.11a (3.1.11a)
\pgfarrowsep=\dimen299
)
(C:\Users\moise\scoop\apps\miktex\current\texmfs\install\tex/generic/pgf/basicl
ayer\pgfcoreshade.code.tex
File: pgfcoreshade.code.tex 2025-08-29 v3.1.11a (3.1.11a)
\pgf@max=\dimen300
\pgf@sys@shading@range@num=\count343
\pgf@shadingcount=\count344
)
(C:\Users\moise\scoop\apps\miktex\current\texmfs\install\tex/generic/pgf/basicl
ayer\pgfcoreimage.code.tex
File: pgfcoreimage.code.tex 2025-08-29 v3.1.11a (3.1.11a)
)
(C:\Users\moise\scoop\apps\miktex\current\texmfs\install\tex/generic/pgf/basicl
ayer\pgfcoreexternal.code.tex
File: pgfcoreexternal.code.tex 2025-08-29 v3.1.11a (3.1.11a)
\pgfexternal@startupbox=\box108
)
(C:\Users\moise\scoop\apps\miktex\current\texmfs\install\tex/generic/pgf/basicl
ayer\pgfcorelayers.code.tex
File: pgfcorelayers.code.tex 2025-08-29 v3.1.11a (3.1.11a)
)
(C:\Users\moise\scoop\apps\miktex\current\texmfs\install\tex/generic/pgf/basicl
ayer\pgfcoretransparency.code.tex
File: pgfcoretransparency.code.tex 2025-08-29 v3.1.11a (3.1.11a)
)
(C:\Users\moise\scoop\apps\miktex\current\texmfs\install\tex/generic/pgf/basicl
ayer\pgfcorepatterns.code.tex
File: pgfcorepatterns.code.tex 2025-08-29 v3.1.11a (3.1.11a)
)
(C:\Users\moise\scoop\apps\miktex\current\texmfs\install\tex/generic/pgf/basicl
ayer\pgfcorerdf.code.tex
File: pgfcorerdf.code.tex 2025-08-29 v3.1.11a (3.1.11a)
)))
(C:\Users\moise\scoop\apps\miktex\current\texmfs\install\tex/generic/pgf/module
s\pgfmoduleshapes.code.tex
File: pgfmoduleshapes.code.tex 2025-08-29 v3.1.11a (3.1.11a)
\pgfnodeparttextbox=\box109
)
(C:\Users\moise\scoop\apps\miktex\current\texmfs\install\tex/generic/pgf/module
s\pgfmoduleplot.code.tex
File: pgfmoduleplot.code.tex 2025-08-29 v3.1.11a (3.1.11a)
)
(C:\Users\moise\scoop\apps\miktex\current\texmfs\install\tex/latex/pgf/compatib
ility\pgfcomp-version-0-65.sty
Package: pgfcomp-version-0-65 2025-08-29 v3.1.11a (3.1.11a)
\pgf@nodesepstart=\dimen301
\pgf@nodesepend=\dimen302
)
(C:\Users\moise\scoop\apps\miktex\current\texmfs\install\tex/latex/pgf/compatib
ility\pgfcomp-version-1-18.sty
Package: pgfcomp-version-1-18 2025-08-29 v3.1.11a (3.1.11a)
))
(C:\Users\moise\scoop\apps\miktex\current\texmfs\install\tex/latex/pgf/utilitie
s\pgffor.sty
(C:\Users\moise\scoop\apps\miktex\current\texmfs\install\tex/latex/pgf/utilitie
s\pgfkeys.sty
(C:\Users\moise\scoop\apps\miktex\current\texmfs\install\tex/generic/pgf/utilit
ies\pgfkeys.code.tex))
(C:\Users\moise\scoop\apps\miktex\current\texmfs\install\tex/latex/pgf/math\pgf
math.sty
(C:\Users\moise\scoop\apps\miktex\current\texmfs\install\tex/generic/pgf/math\p
gfmath.code.tex))
(C:\Users\moise\scoop\apps\miktex\current\texmfs\install\tex/generic/pgf/utilit
ies\pgffor.code.tex
Package: pgffor 2025-08-29 v3.1.11a (3.1.11a)
\pgffor@iter=\dimen303
\pgffor@skip=\dimen304
\pgffor@stack=\toks35
\pgffor@toks=\toks36
))
(C:\Users\moise\scoop\apps\miktex\current\texmfs\install\tex/generic/pgf/fronte
ndlayer/tikz\tikz.code.tex
Package: tikz 2025-08-29 v3.1.11a (3.1.11a)

(C:\Users\moise\scoop\apps\miktex\current\texmfs\install\tex/generic/pgf/librar
ies\pgflibraryplothandlers.code.tex
File: pgflibraryplothandlers.code.tex 2025-08-29 v3.1.11a (3.1.11a)
\pgf@plot@mark@count=\count345
\pgfplotmarksize=\dimen305
)
\tikz@lastx=\dimen306
\tikz@lasty=\dimen307
\tikz@lastxsaved=\dimen308
\tikz@lastysaved=\dimen309
\tikz@lastmovetox=\dimen310
\tikz@lastmovetoy=\dimen311
\tikzleveldistance=\dimen312
\tikzsiblingdistance=\dimen313
\tikz@figbox=\box110
\tikz@figbox@bg=\box111
\tikz@tempbox=\box112
\tikz@tempbox@bg=\box113
\tikztreelevel=\count346
\tikznumberofchildren=\count347
\tikznumberofcurrentchild=\count348
\tikz@fig@count=\count349

(C:\Users\moise\scoop\apps\miktex\current\texmfs\install\tex/generic/pgf/module
s\pgfmodulematrix.code.tex
File: pgfmodulematrix.code.tex 2025-08-29 v3.1.11a (3.1.11a)
\pgfmatrixcurrentrow=\count350
\pgfmatrixcurrentcolumn=\count351
\pgf@matrix@numberofcolumns=\count352
)
\tikz@expandcount=\count353

(C:\Users\moise\scoop\apps\miktex\current\texmfs\install\tex/generic/pgf/fronte
ndlayer/tikz/libraries\tikzlibrarytopaths.code.tex
File: tikzlibrarytopaths.code.tex 2025-08-29 v3.1.11a (3.1.11a)
)))
(C:\Users\moise\scoop\apps\miktex\current\texmfs\install\tex/generic/pgfplots\p
gfplots.code.tex
(C:\Users\moise\scoop\apps\miktex\current\texmfs\install\tex/generic/pgfplots\p
gfplotscore.code.tex
\t@pgfplots@toka=\toks37
\t@pgfplots@tokb=\toks38
\t@pgfplots@tokc=\toks39
\pgfplots@tmpa=\dimen314
\c@pgfplots@coordindex=\count354
\c@pgfplots@scanlineindex=\count355

(C:\Users\moise\scoop\apps\miktex\current\texmfs\install\tex/generic/pgfplots/s
ys\pgfplotssysgeneric.code.tex))
(C:\Users\moise\scoop\apps\miktex\current\texmfs\install\tex/generic/pgfplots/l
ibs\pgfplotslibrary.code.tex)
(C:\Users\moise\scoop\apps\miktex\current\texmfs\install\tex/generic/pgfplots/o
ldpgfcompatib\pgfplotsoldpgfsupp_loader.code.tex
(C:\Users\moise\scoop\apps\miktex\current\texmfs\install\tex/generic/pgf/librar
ies\pgflibraryfpu.code.tex)
Package pgfplots: loading complementary utilities for your pgf version...
\t@pgf@toka=\toks40
\t@pgf@tokb=\toks41
\t@pgf@tokc=\toks42

(C:\Users\moise\scoop\apps\miktex\current\texmfs\install\tex/generic/pgfplots/o
ldpgfcompatib\pgfplotsoldpgfsupp_pgfutil-common-lists.tex))
(C:\Users\moise\scoop\apps\miktex\current\texmfs\install\tex/generic/pgfplots/u
til\pgfplotsutil.code.tex
(C:\Users\moise\scoop\apps\miktex\current\texmfs\install\tex/generic/pgfplots/l
iststructure\pgfplotsliststructure.code.tex)
(C:\Users\moise\scoop\apps\miktex\current\texmfs\install\tex/generic/pgfplots/l
iststructure\pgfplotsliststructureext.code.tex)
(C:\Users\moise\scoop\apps\miktex\current\texmfs\install\tex/generic/pgfplots/l
iststructure\pgfplotsarray.code.tex
\c@pgfplotsarray@tmp=\count356
)
(C:\Users\moise\scoop\apps\miktex\current\texmfs\install\tex/generic/pgfplots/l
iststructure\pgfplotsmatrix.code.tex)
(C:\Users\moise\scoop\apps\miktex\current\texmfs\install\tex/generic/pgfplots/n
umtable\pgfplotstableshared.code.tex
\c@pgfplotstable@counta=\count357
\t@pgfplotstable@a=\toks43
)
(C:\Users\moise\scoop\apps\miktex\current\texmfs\install\tex/generic/pgfplots/l
iststructure\pgfplotsdeque.code.tex)
(C:\Users\moise\scoop\apps\miktex\current\texmfs\install\tex/generic/pgfplots/u
til\pgfplotsbinary.code.tex
(C:\Users\moise\scoop\apps\miktex\current\texmfs\install\tex/generic/pgfplots/u
til\pgfplotsbinary.data.code.tex))
(C:\Users\moise\scoop\apps\miktex\current\texmfs\install\tex/generic/pgfplots/u
til\pgfplotsutil.verb.code.tex)
(C:\Users\moise\scoop\apps\miktex\current\texmfs\install\tex/generic/pgfplots/l
ibs\pgflibrarypgfplots.surfshading.code.tex
\c@pgfplotslibrarysurf@no=\count358

(C:\Users\moise\scoop\apps\miktex\current\texmfs\install\tex/generic/pgfplots/s
ys\pgflibrarypgfplots.surfshading.pgfsys-pdftex.def)))
(C:\Users\moise\scoop\apps\miktex\current\texmfs\install\tex/generic/pgfplots/u
til\pgfplotscolormap.code.tex
(C:\Users\moise\scoop\apps\miktex\current\texmfs\install\tex/generic/pgfplots/u
til\pgfplotscolor.code.tex))
(C:\Users\moise\scoop\apps\miktex\current\texmfs\install\tex/generic/pgfplots\p
gfplotsstackedplots.code.tex)
(C:\Users\moise\scoop\apps\miktex\current\texmfs\install\tex/generic/pgfplots\p
gfplotsplothandlers.code.tex
(C:\Users\moise\scoop\apps\miktex\current\texmfs\install\tex/generic/pgfplots\p
gfplotsmeshplothandler.code.tex
(C:\Users\moise\scoop\apps\miktex\current\texmfs\install\tex/generic/pgfplots\p
gfplotsmeshplotimage.code.tex)))
(C:\Users\moise\scoop\apps\miktex\current\texmfs\install\tex/generic/pgfplots\p
gfplots.scaling.code.tex)
(C:\Users\moise\scoop\apps\miktex\current\texmfs\install\tex/generic/pgfplots\p
gfplotscoordprocessing.code.tex)
(C:\Users\moise\scoop\apps\miktex\current\texmfs\install\tex/generic/pgfplots\p
gfplots.errorbars.code.tex)
(C:\Users\moise\scoop\apps\miktex\current\texmfs\install\tex/generic/pgfplots\p
gfplots.markers.code.tex)
(C:\Users\moise\scoop\apps\miktex\current\texmfs\install\tex/generic/pgfplots\p
gfplotsticks.code.tex)
(C:\Users\moise\scoop\apps\miktex\current\texmfs\install\tex/generic/pgfplots\p
gfplots.paths.code.tex)
(C:\Users\moise\scoop\apps\miktex\current\texmfs\install\tex/generic/pgf/fronte
ndlayer/tikz/libraries\tikzlibrarydecorations.code.tex
(C:\Users\moise\scoop\apps\miktex\current\texmfs\install\tex/generic/pgf/module
s\pgfmoduledecorations.code.tex
\pgfdecoratedcompleteddistance=\dimen315
\pgfdecoratedremainingdistance=\dimen316
\pgfdecoratedinputsegmentcompleteddistance=\dimen317
\pgfdecoratedinputsegmentremainingdistance=\dimen318
\pgf@decorate@distancetomove=\dimen319
\pgf@decorate@repeatstate=\count359
\pgfdecorationsegmentamplitude=\dimen320
\pgfdecorationsegmentlength=\dimen321
)
\tikz@lib@dec@box=\box114
)
(C:\Users\moise\scoop\apps\miktex\current\texmfs\install\tex/generic/pgf/fronte
ndlayer/tikz/libraries\tikzlibrarydecorations.pathmorphing.code.tex
(C:\Users\moise\scoop\apps\miktex\current\texmfs\install\tex/generic/pgf/librar
ies/decorations\pgflibrarydecorations.pathmorphing.code.tex))
(C:\Users\moise\scoop\apps\miktex\current\texmfs\install\tex/generic/pgf/fronte
ndlayer/tikz/libraries\tikzlibrarydecorations.pathreplacing.code.tex
(C:\Users\moise\scoop\apps\miktex\current\texmfs\install\tex/generic/pgf/librar
ies/decorations\pgflibrarydecorations.pathreplacing.code.tex))
(C:\Users\moise\scoop\apps\miktex\current\texmfs\install\tex/generic/pgfplots/l
ibs\tikzlibrarypgfplots.contourlua.code.tex)
\pgfplots@numplots=\count360
\pgfplots@xmin@reg=\dimen322
\pgfplots@xmax@reg=\dimen323
\pgfplots@ymin@reg=\dimen324
\pgfplots@ymax@reg=\dimen325
\pgfplots@zmin@reg=\dimen326
\pgfplots@zmax@reg=\dimen327
)
(C:\Users\moise\scoop\apps\miktex\current\texmfs\install\tex/generic/pgf/fronte
ndlayer/tikz/libraries\tikzlibraryplotmarks.code.tex
File: tikzlibraryplotmarks.code.tex 2025-08-29 v3.1.11a (3.1.11a)

(C:\Users\moise\scoop\apps\miktex\current\texmfs\install\tex/generic/pgf/librar
ies\pgflibraryplotmarks.code.tex
File: pgflibraryplotmarks.code.tex 2025-08-29 v3.1.11a (3.1.11a)
)))
(C:\Users\moise\scoop\apps\miktex\current\texmfs\install\tex/latex/textgreek\te
xtgreek.sty
Package: textgreek 2011/10/09 v0.7 Greek symbols in text
Package textgreek Info: Loading the definitions for the Greek fontencoding. on 
input line 39.

(C:\Users\moise\scoop\apps\miktex\current\texmfs\install\tex/latex/greek-fonten
c\lgrenc.def
File: lgrenc.def 2023-09-12 2.5 LGR Greek font encoding definitions
Now handling font encoding LGR ...
... processing UTF-8 mapping file for font encoding LGR

(C:\Users\moise\scoop\apps\miktex\current\texmfs\install\tex/latex/greek-inpute
nc\lgrenc.dfu
File: lgrenc.dfu 2023-03-21 1.9 UTF-8 support for Greek
   defining Unicode char U+00A8 (decimal 168)
   defining Unicode char U+00AB (decimal 171)
   defining Unicode char U+00AF (decimal 175)
   defining Unicode char U+00B4 (decimal 180)
   defining Unicode char U+00B7 (decimal 183)
   defining Unicode char U+00BB (decimal 187)
   defining Unicode char U+0259 (decimal 601)
   defining Unicode char U+02D8 (decimal 728)
   defining Unicode char U+0374 (decimal 884)
   defining Unicode char U+0375 (decimal 885)
   defining Unicode char U+037A (decimal 890)
   defining Unicode char U+037E (decimal 894)
   defining Unicode char U+0384 (decimal 900)
   defining Unicode char U+0385 (decimal 901)
   defining Unicode char U+0386 (decimal 902)
   defining Unicode char U+0387 (decimal 903)
   defining Unicode char U+0388 (decimal 904)
   defining Unicode char U+0389 (decimal 905)
   defining Unicode char U+038A (decimal 906)
   defining Unicode char U+038C (decimal 908)
   defining Unicode char U+038E (decimal 910)
   defining Unicode char U+038F (decimal 911)
   defining Unicode char U+0390 (decimal 912)
   defining Unicode char U+0391 (decimal 913)
   defining Unicode char U+0392 (decimal 914)
   defining Unicode char U+0393 (decimal 915)
   defining Unicode char U+0394 (decimal 916)
   defining Unicode char U+0395 (decimal 917)
   defining Unicode char U+0396 (decimal 918)
   defining Unicode char U+0397 (decimal 919)
   defining Unicode char U+0398 (decimal 920)
   defining Unicode char U+0399 (decimal 921)
   defining Unicode char U+039A (decimal 922)
   defining Unicode char U+039B (decimal 923)
   defining Unicode char U+039C (decimal 924)
   defining Unicode char U+039D (decimal 925)
   defining Unicode char U+039E (decimal 926)
   defining Unicode char U+039F (decimal 927)
   defining Unicode char U+03A0 (decimal 928)
   defining Unicode char U+03A1 (decimal 929)
   defining Unicode char U+03A3 (decimal 931)
   defining Unicode char U+03A4 (decimal 932)
   defining Unicode char U+03A5 (decimal 933)
   defining Unicode char U+03A6 (decimal 934)
   defining Unicode char U+03A7 (decimal 935)
   defining Unicode char U+03A8 (decimal 936)
   defining Unicode char U+03A9 (decimal 937)
   defining Unicode char U+03AA (decimal 938)
   defining Unicode char U+03AB (decimal 939)
   defining Unicode char U+03AC (decimal 940)
   defining Unicode char U+03AD (decimal 941)
   defining Unicode char U+03AE (decimal 942)
   defining Unicode char U+03AF (decimal 943)
   defining Unicode char U+03B0 (decimal 944)
   defining Unicode char U+03B1 (decimal 945)
   defining Unicode char U+03B2 (decimal 946)
   defining Unicode char U+03B3 (decimal 947)
   defining Unicode char U+03B4 (decimal 948)
   defining Unicode char U+03B5 (decimal 949)
   defining Unicode char U+03B6 (decimal 950)
   defining Unicode char U+03B7 (decimal 951)
   defining Unicode char U+03B8 (decimal 952)
   defining Unicode char U+03B9 (decimal 953)
   defining Unicode char U+03BA (decimal 954)
   defining Unicode char U+03BB (decimal 955)
   defining Unicode char U+03BC (decimal 956)
   defining Unicode char U+03BD (decimal 957)
   defining Unicode char U+03BE (decimal 958)
   defining Unicode char U+03BF (decimal 959)
   defining Unicode char U+03C0 (decimal 960)
   defining Unicode char U+03C1 (decimal 961)
   defining Unicode char U+03C2 (decimal 962)
   defining Unicode char U+03C3 (decimal 963)
   defining Unicode char U+03C4 (decimal 964)
   defining Unicode char U+03C5 (decimal 965)
   defining Unicode char U+03C6 (decimal 966)
   defining Unicode char U+03C7 (decimal 967)
   defining Unicode char U+03C8 (decimal 968)
   defining Unicode char U+03C9 (decimal 969)
   defining Unicode char U+03CA (decimal 970)
   defining Unicode char U+03CB (decimal 971)
   defining Unicode char U+03CC (decimal 972)
   defining Unicode char U+03CD (decimal 973)
   defining Unicode char U+03CE (decimal 974)
   defining Unicode char U+03D0 (decimal 976)
   defining Unicode char U+03D1 (decimal 977)
   defining Unicode char U+03D5 (decimal 981)
   defining Unicode char U+03D6 (decimal 982)
   defining Unicode char U+03D8 (decimal 984)
   defining Unicode char U+03D9 (decimal 985)
   defining Unicode char U+03DA (decimal 986)
   defining Unicode char U+03DB (decimal 987)
   defining Unicode char U+03DC (decimal 988)
   defining Unicode char U+03DD (decimal 989)
   defining Unicode char U+03DE (decimal 990)
   defining Unicode char U+03DF (decimal 991)
   defining Unicode char U+03E0 (decimal 992)
   defining Unicode char U+03E1 (decimal 993)
   defining Unicode char U+03F0 (decimal 1008)
   defining Unicode char U+03F1 (decimal 1009)
   defining Unicode char U+03F4 (decimal 1012)
   defining Unicode char U+03F5 (decimal 1013)
   defining Unicode char U+1F00 (decimal 7936)
   defining Unicode char U+1F01 (decimal 7937)
   defining Unicode char U+1F02 (decimal 7938)
   defining Unicode char U+1F03 (decimal 7939)
   defining Unicode char U+1F04 (decimal 7940)
   defining Unicode char U+1F05 (decimal 7941)
   defining Unicode char U+1F06 (decimal 7942)
   defining Unicode char U+1F07 (decimal 7943)
   defining Unicode char U+1F08 (decimal 7944)
   defining Unicode char U+1F09 (decimal 7945)
   defining Unicode char U+1F0A (decimal 7946)
   defining Unicode char U+1F0B (decimal 7947)
   defining Unicode char U+1F0C (decimal 7948)
   defining Unicode char U+1F0D (decimal 7949)
   defining Unicode char U+1F0E (decimal 7950)
   defining Unicode char U+1F0F (decimal 7951)
   defining Unicode char U+1F10 (decimal 7952)
   defining Unicode char U+1F11 (decimal 7953)
   defining Unicode char U+1F12 (decimal 7954)
   defining Unicode char U+1F13 (decimal 7955)
   defining Unicode char U+1F14 (decimal 7956)
   defining Unicode char U+1F15 (decimal 7957)
   defining Unicode char U+1F18 (decimal 7960)
   defining Unicode char U+1F19 (decimal 7961)
   defining Unicode char U+1F1A (decimal 7962)
   defining Unicode char U+1F1B (decimal 7963)
   defining Unicode char U+1F1C (decimal 7964)
   defining Unicode char U+1F1D (decimal 7965)
   defining Unicode char U+1F20 (decimal 7968)
   defining Unicode char U+1F21 (decimal 7969)
   defining Unicode char U+1F22 (decimal 7970)
   defining Unicode char U+1F23 (decimal 7971)
   defining Unicode char U+1F24 (decimal 7972)
   defining Unicode char U+1F25 (decimal 7973)
   defining Unicode char U+1F26 (decimal 7974)
   defining Unicode char U+1F27 (decimal 7975)
   defining Unicode char U+1F28 (decimal 7976)
   defining Unicode char U+1F29 (decimal 7977)
   defining Unicode char U+1F2A (decimal 7978)
   defining Unicode char U+1F2B (decimal 7979)
   defining Unicode char U+1F2C (decimal 7980)
   defining Unicode char U+1F2D (decimal 7981)
   defining Unicode char U+1F2E (decimal 7982)
   defining Unicode char U+1F2F (decimal 7983)
   defining Unicode char U+1F30 (decimal 7984)
   defining Unicode char U+1F31 (decimal 7985)
   defining Unicode char U+1F32 (decimal 7986)
   defining Unicode char U+1F33 (decimal 7987)
   defining Unicode char U+1F34 (decimal 7988)
   defining Unicode char U+1F35 (decimal 7989)
   defining Unicode char U+1F36 (decimal 7990)
   defining Unicode char U+1F37 (decimal 7991)
   defining Unicode char U+1F38 (decimal 7992)
   defining Unicode char U+1F39 (decimal 7993)
   defining Unicode char U+1F3A (decimal 7994)
   defining Unicode char U+1F3B (decimal 7995)
   defining Unicode char U+1F3C (decimal 7996)
   defining Unicode char U+1F3D (decimal 7997)
   defining Unicode char U+1F3E (decimal 7998)
   defining Unicode char U+1F3F (decimal 7999)
   defining Unicode char U+1F40 (decimal 8000)
   defining Unicode char U+1F41 (decimal 8001)
   defining Unicode char U+1F42 (decimal 8002)
   defining Unicode char U+1F43 (decimal 8003)
   defining Unicode char U+1F44 (decimal 8004)
   defining Unicode char U+1F45 (decimal 8005)
   defining Unicode char U+1F48 (decimal 8008)
   defining Unicode char U+1F49 (decimal 8009)
   defining Unicode char U+1F4A (decimal 8010)
   defining Unicode char U+1F4B (decimal 8011)
   defining Unicode char U+1F4C (decimal 8012)
   defining Unicode char U+1F4D (decimal 8013)
   defining Unicode char U+1F50 (decimal 8016)
   defining Unicode char U+1F51 (decimal 8017)
   defining Unicode char U+1F52 (decimal 8018)
   defining Unicode char U+1F53 (decimal 8019)
   defining Unicode char U+1F54 (decimal 8020)
   defining Unicode char U+1F55 (decimal 8021)
   defining Unicode char U+1F56 (decimal 8022)
   defining Unicode char U+1F57 (decimal 8023)
   defining Unicode char U+1F59 (decimal 8025)
   defining Unicode char U+1F5B (decimal 8027)
   defining Unicode char U+1F5D (decimal 8029)
   defining Unicode char U+1F5F (decimal 8031)
   defining Unicode char U+1F60 (decimal 8032)
   defining Unicode char U+1F61 (decimal 8033)
   defining Unicode char U+1F62 (decimal 8034)
   defining Unicode char U+1F63 (decimal 8035)
   defining Unicode char U+1F64 (decimal 8036)
   defining Unicode char U+1F65 (decimal 8037)
   defining Unicode char U+1F66 (decimal 8038)
   defining Unicode char U+1F67 (decimal 8039)
   defining Unicode char U+1F68 (decimal 8040)
   defining Unicode char U+1F69 (decimal 8041)
   defining Unicode char U+1F6A (decimal 8042)
   defining Unicode char U+1F6B (decimal 8043)
   defining Unicode char U+1F6C (decimal 8044)
   defining Unicode char U+1F6D (decimal 8045)
   defining Unicode char U+1F6E (decimal 8046)
   defining Unicode char U+1F6F (decimal 8047)
   defining Unicode char U+1F70 (decimal 8048)
   defining Unicode char U+1F71 (decimal 8049)
   defining Unicode char U+1F72 (decimal 8050)
   defining Unicode char U+1F73 (decimal 8051)
   defining Unicode char U+1F74 (decimal 8052)
   defining Unicode char U+1F75 (decimal 8053)
   defining Unicode char U+1F76 (decimal 8054)
   defining Unicode char U+1F77 (decimal 8055)
   defining Unicode char U+1F78 (decimal 8056)
   defining Unicode char U+1F79 (decimal 8057)
   defining Unicode char U+1F7A (decimal 8058)
   defining Unicode char U+1F7B (decimal 8059)
   defining Unicode char U+1F7C (decimal 8060)
   defining Unicode char U+1F7D (decimal 8061)
   defining Unicode char U+1F80 (decimal 8064)
   defining Unicode char U+1F81 (decimal 8065)
   defining Unicode char U+1F82 (decimal 8066)
   defining Unicode char U+1F83 (decimal 8067)
   defining Unicode char U+1F84 (decimal 8068)
   defining Unicode char U+1F85 (decimal 8069)
   defining Unicode char U+1F86 (decimal 8070)
   defining Unicode char U+1F87 (decimal 8071)
   defining Unicode char U+1F88 (decimal 8072)
   defining Unicode char U+1F89 (decimal 8073)
   defining Unicode char U+1F8A (decimal 8074)
   defining Unicode char U+1F8B (decimal 8075)
   defining Unicode char U+1F8C (decimal 8076)
   defining Unicode char U+1F8D (decimal 8077)
   defining Unicode char U+1F8E (decimal 8078)
   defining Unicode char U+1F8F (decimal 8079)
   defining Unicode char U+1F90 (decimal 8080)
   defining Unicode char U+1F91 (decimal 8081)
   defining Unicode char U+1F92 (decimal 8082)
   defining Unicode char U+1F93 (decimal 8083)
   defining Unicode char U+1F94 (decimal 8084)
   defining Unicode char U+1F95 (decimal 8085)
   defining Unicode char U+1F96 (decimal 8086)
   defining Unicode char U+1F97 (decimal 8087)
   defining Unicode char U+1F98 (decimal 8088)
   defining Unicode char U+1F99 (decimal 8089)
   defining Unicode char U+1F9A (decimal 8090)
   defining Unicode char U+1F9B (decimal 8091)
   defining Unicode char U+1F9C (decimal 8092)
   defining Unicode char U+1F9D (decimal 8093)
   defining Unicode char U+1F9E (decimal 8094)
   defining Unicode char U+1F9F (decimal 8095)
   defining Unicode char U+1FA0 (decimal 8096)
   defining Unicode char U+1FA1 (decimal 8097)
   defining Unicode char U+1FA2 (decimal 8098)
   defining Unicode char U+1FA3 (decimal 8099)
   defining Unicode char U+1FA4 (decimal 8100)
   defining Unicode char U+1FA5 (decimal 8101)
   defining Unicode char U+1FA6 (decimal 8102)
   defining Unicode char U+1FA7 (decimal 8103)
   defining Unicode char U+1FA8 (decimal 8104)
   defining Unicode char U+1FA9 (decimal 8105)
   defining Unicode char U+1FAA (decimal 8106)
   defining Unicode char U+1FAB (decimal 8107)
   defining Unicode char U+1FAC (decimal 8108)
   defining Unicode char U+1FAD (decimal 8109)
   defining Unicode char U+1FAE (decimal 8110)
   defining Unicode char U+1FAF (decimal 8111)
   defining Unicode char U+1FB0 (decimal 8112)
   defining Unicode char U+1FB1 (decimal 8113)
   defining Unicode char U+1FB2 (decimal 8114)
   defining Unicode char U+1FB3 (decimal 8115)
   defining Unicode char U+1FB4 (decimal 8116)
   defining Unicode char U+1FB6 (decimal 8118)
   defining Unicode char U+1FB7 (decimal 8119)
   defining Unicode char U+1FB8 (decimal 8120)
   defining Unicode char U+1FB9 (decimal 8121)
   defining Unicode char U+1FBA (decimal 8122)
   defining Unicode char U+1FBB (decimal 8123)
   defining Unicode char U+1FBC (decimal 8124)
   defining Unicode char U+1FBD (decimal 8125)
   defining Unicode char U+1FBE (decimal 8126)
   defining Unicode char U+1FBF (decimal 8127)
   defining Unicode char U+1FC0 (decimal 8128)
   defining Unicode char U+1FC1 (decimal 8129)
   defining Unicode char U+1FC2 (decimal 8130)
   defining Unicode char U+1FC3 (decimal 8131)
   defining Unicode char U+1FC4 (decimal 8132)
   defining Unicode char U+1FC6 (decimal 8134)
   defining Unicode char U+1FC7 (decimal 8135)
   defining Unicode char U+1FC8 (decimal 8136)
   defining Unicode char U+1FC9 (decimal 8137)
   defining Unicode char U+1FCA (decimal 8138)
   defining Unicode char U+1FCB (decimal 8139)
   defining Unicode char U+1FCC (decimal 8140)
   defining Unicode char U+1FCD (decimal 8141)
   defining Unicode char U+1FCE (decimal 8142)
   defining Unicode char U+1FCF (decimal 8143)
   defining Unicode char U+1FD0 (decimal 8144)
   defining Unicode char U+1FD1 (decimal 8145)
   defining Unicode char U+1FD2 (decimal 8146)
   defining Unicode char U+1FD3 (decimal 8147)
   defining Unicode char U+1FD6 (decimal 8150)
   defining Unicode char U+1FD7 (decimal 8151)
   defining Unicode char U+1FD8 (decimal 8152)
   defining Unicode char U+1FD9 (decimal 8153)
   defining Unicode char U+1FDA (decimal 8154)
   defining Unicode char U+1FDB (decimal 8155)
   defining Unicode char U+1FDD (decimal 8157)
   defining Unicode char U+1FDE (decimal 8158)
   defining Unicode char U+1FDF (decimal 8159)
   defining Unicode char U+1FE0 (decimal 8160)
   defining Unicode char U+1FE1 (decimal 8161)
   defining Unicode char U+1FE2 (decimal 8162)
   defining Unicode char U+1FE3 (decimal 8163)
   defining Unicode char U+1FE4 (decimal 8164)
   defining Unicode char U+1FE5 (decimal 8165)
   defining Unicode char U+1FE6 (decimal 8166)
   defining Unicode char U+1FE7 (decimal 8167)
   defining Unicode char U+1FE8 (decimal 8168)
   defining Unicode char U+1FE9 (decimal 8169)
   defining Unicode char U+1FEA (decimal 8170)
   defining Unicode char U+1FEB (decimal 8171)
   defining Unicode char U+1FEC (decimal 8172)
   defining Unicode char U+1FED (decimal 8173)
   defining Unicode char U+1FEE (decimal 8174)
   defining Unicode char U+1FEF (decimal 8175)
   defining Unicode char U+1FF2 (decimal 8178)
   defining Unicode char U+1FF3 (decimal 8179)
   defining Unicode char U+1FF4 (decimal 8180)
   defining Unicode char U+1FF6 (decimal 8182)
   defining Unicode char U+1FF7 (decimal 8183)
   defining Unicode char U+1FF8 (decimal 8184)
   defining Unicode char U+1FF9 (decimal 8185)
   defining Unicode char U+1FFA (decimal 8186)
   defining Unicode char U+1FFB (decimal 8187)
   defining Unicode char U+1FFC (decimal 8188)
   defining Unicode char U+1FFD (decimal 8189)
   defining Unicode char U+1FFE (decimal 8190)
   defining Unicode char U+2013 (decimal 8211)
   defining Unicode char U+2014 (decimal 8212)
   defining Unicode char U+2018 (decimal 8216)
   defining Unicode char U+2019 (decimal 8217)
   defining Unicode char U+201A (decimal 8218)
   defining Unicode char U+2030 (decimal 8240)
   defining Unicode char U+2039 (decimal 8249)
   defining Unicode char U+203A (decimal 8250)
   defining Unicode char U+20AC (decimal 8364)
   defining Unicode char U+2126 (decimal 8486)
   defining Unicode char U+10144 (decimal 65860)
   defining Unicode char U+10145 (decimal 65861)
   defining Unicode char U+10146 (decimal 65862)
   defining Unicode char U+10147 (decimal 65863)
)
(C:\Users\moise\scoop\apps\miktex\current\texmfs\install\tex/latex/greek-fonten
c\greek-fontenc.def
File: greek-fontenc.def 2023-09-12 2.5 Common Greek font encoding definitions
LaTeX Encoding Info:    Ignoring declaration for text command \accACUTE (encodi
ng LGR) on input line 251.
LaTeX Encoding Info:    Ignoring declaration for text command \accGRAVE (encodi
ng LGR) on input line 259.
LaTeX Encoding Info:    Ignoring declaration for text command \accTILDE (encodi
ng LGR) on input line 267.
))
Package textgreek Info: Loaded fontmap: {eur/*/*}{U/eur/*/*} {phv/*/*}{U/psy/*/
*}. on input line 69.
)
(C:\Users\moise\scoop\apps\miktex\current\texmfs\install\tex/latex/url\url.sty
\Urlmuskip=\muskip18
Package: url 2013/09/16  ver 3.4  Verb mode for urls, etc.
)
(C:\Users\moise\scoop\apps\miktex\current\texmfs\install\tex/latex/cancel\cance
l.sty
Package: cancel 2013/04/12 v2.2 Cancel math terms
)
\@indexfile=\write4
\openout4 = `main.idx'.


Writing index file main.idx
LaTeX Font Info:    Trying to load font information for OT1+ptm on input line 5
7.

(C:\Users\moise\scoop\apps\miktex\current\texmfs\install\tex/latex/psnfss\ot1pt
m.fd
File: ot1ptm.fd 2001/06/04 font definitions for OT1/ptm.
)
(C:\Users\moise\scoop\apps\miktex\current\texmfs\install\tex/latex/l3backend\l3
backend-pdftex.def
File: l3backend-pdftex.def 2025-10-09 L3 backend support: PDF output (pdfTeX)
\l__color_backend_stack_int=\count361
) (main.aux (ch01.aux) (ch02.aux) (ch03.aux) (ch04.aux)
(ch05.aux) (ch06.aux) (ch07.aux) (ch08.aux) (ch09.aux) (ch10.aux) (ch11.aux)
(ch12.aux) (ch13.aux) (ch14.aux) (ch15.aux) (ch16.aux) (ch17.aux) (ch18.aux)
(ch19.aux) (ch20.aux) (ch21.aux) (ch22.aux) (ch23.aux) (ch24.aux) (ch25.aux)
(ch26.aux) (ch27.aux) (referenc.aux))
\openout1 = `main.aux'.

LaTeX Font Info:    Checking defaults for OML/cmm/m/it on input line 57.
LaTeX Font Info:    ... okay on input line 57.
LaTeX Font Info:    Checking defaults for OMS/cmsy/m/n on input line 57.
LaTeX Font Info:    ... okay on input line 57.
LaTeX Font Info:    Checking defaults for OT1/cmr/m/n on input line 57.
LaTeX Font Info:    ... okay on input line 57.
LaTeX Font Info:    Checking defaults for T1/cmr/m/n on input line 57.
LaTeX Font Info:    ... okay on input line 57.
LaTeX Font Info:    Checking defaults for TS1/cmr/m/n on input line 57.
LaTeX Font Info:    ... okay on input line 57.
LaTeX Font Info:    Checking defaults for OMX/cmex/m/n on input line 57.
LaTeX Font Info:    ... okay on input line 57.
LaTeX Font Info:    Checking defaults for U/cmr/m/n on input line 57.
LaTeX Font Info:    ... okay on input line 57.
LaTeX Font Info:    Checking defaults for LGR/cmr/m/n on input line 57.
LaTeX Font Info:    Trying to load font information for LGR+cmr on input line 5
7.

(C:\Users\moise\scoop\apps\miktex\current\texmfs\install\tex/latex/cbfonts-fd\l
grcmr.fd
File: lgrcmr.fd 2017/07/29 v1.2 Greek European Computer Regular
)
LaTeX Font Info:    ... okay on input line 57.

(C:\Users\moise\scoop\apps\miktex\current\texmfs\install\tex/context/base/mkii\
supp-pdf.mkii
[Loading MPS to PDF converter (version 2006.09.02).]
\scratchcounter=\count362
\scratchdimen=\dimen328
\scratchbox=\box115
\nofMPsegments=\count363
\nofMParguments=\count364
\everyMPshowfont=\toks44
\MPscratchCnt=\count365
\MPscratchDim=\dimen329
\MPnumerator=\count366
\makeMPintoPDFobject=\count367
\everyMPtoPDFconversion=\toks45
)
(C:\Users\moise\scoop\apps\miktex\current\texmfs\install\tex/latex/epstopdf-pkg
\epstopdf-base.sty
Package: epstopdf-base 2020-01-24 v2.11 Base part for package epstopdf
Package epstopdf-base Info: Redefining graphics rule for `.eps' on input line 4
85.

(C:\Users\moise\scoop\apps\miktex\current\texmfs\install\tex/latex/00miktex\eps
topdf-sys.cfg
File: epstopdf-sys.cfg 2021/03/18 v2.0 Configuration of epstopdf for MiKTeX
))
Package pgfplots notification 'compat/show suggested version=true': you might b
enefit from \pgfplotsset{compat=1.18} (current compat level: 1.17).

[1

{C:/Users/moise/scoop/apps/miktex/current/texmfs/data/fonts/map/pdftex/pdftex.m
ap}{C:/Users/moise/scoop/apps/miktex/current/texmfs/install/fonts/enc/dvips/bas
e/8r.enc}] [2


]

Package mathptmx Warning: There are no bold math fonts on input line 70.

(main.toc
LaTeX Font Info:    Trying to load font information for OT1+ztmcm on input line
 1.

(C:\Users\moise\scoop\apps\miktex\current\texmfs\install\tex/latex/psnfss\ot1zt
mcm.fd
File: ot1ztmcm.fd 2000/01/03 Fontinst v1.801 font definitions for OT1/ztmcm.
)
LaTeX Font Info:    Trying to load font information for OML+ztmcm on input line
 1.

(C:\Users\moise\scoop\apps\miktex\current\texmfs\install\tex/latex/psnfss\omlzt
mcm.fd
File: omlztmcm.fd 2000/01/03 Fontinst v1.801 font definitions for OML/ztmcm.
)
LaTeX Font Info:    Trying to load font information for OMS+ztmcm on input line
 1.

(C:\Users\moise\scoop\apps\miktex\current\texmfs\install\tex/latex/psnfss\omszt
mcm.fd
File: omsztmcm.fd 2000/01/03 Fontinst v1.801 font definitions for OMS/ztmcm.
)
LaTeX Font Info:    Trying to load font information for OMX+ztmcm on input line
 1.

(C:\Users\moise\scoop\apps\miktex\current\texmfs\install\tex/latex/psnfss\omxzt
mcm.fd
File: omxztmcm.fd 2000/01/03 Fontinst v1.801 font definitions for OMX/ztmcm.
)
LaTeX Font Info:    Font shape `OT1/ptm/bx/n' in size <10> not available
(Font)              Font shape `OT1/ptm/b/n' tried instead on input line 1.
LaTeX Font Info:    Font shape `OT1/ptm/bx/n' in size <7.4> not available
(Font)              Font shape `OT1/ptm/b/n' tried instead on input line 1.
LaTeX Font Info:    Font shape `OT1/ptm/bx/n' in size <6> not available
(Font)              Font shape `OT1/ptm/b/n' tried instead on input line 1.
 [5


] [6] [7] [8] [9])
\tf@toc=\write5
\openout5 = `main.toc'.

 [10]
\openout2 = `ch01.aux'.

 (ch01.tex
Chapter 1.
[1





] [2] [3] [4] [5]) [6]
\openout2 = `ch02.aux'.

 (ch02.tex
Chapter 2.
[7





] [8]
<Figures/fig-02.01.pdf, id=63, 289.08pt x 289.08pt>
File: Figures/fig-02.01.pdf Graphic file (type pdf)
<use Figures/fig-02.01.pdf>
Package pdftex.def Info: Figures/fig-02.01.pdf  used on input line 53.
(pdftex.def)             Requested size: 144.54pt x 144.53964pt.
 [9] [10 <./Figures/fig-02.01.pdf>]
<Figures/fig-02.02.pdf, id=80, 462.52798pt x 346.89601pt>
File: Figures/fig-02.02.pdf Graphic file (type pdf)
<use Figures/fig-02.02.pdf>
Package pdftex.def Info: Figures/fig-02.02.pdf  used on input line 101.
(pdftex.def)             Requested size: 216.81pt x 162.6071pt.
LaTeX Font Info:    Calculating math sizes for size <8.5> on input line 102.
LaTeX Font Info:    Font shape `OT1/ptm/bx/n' in size <8.5> not available
(Font)              Font shape `OT1/ptm/b/n' tried instead on input line 102.
LaTeX Font Info:    Font shape `OT1/ptm/bx/n' in size <6.29004> not available
(Font)              Font shape `OT1/ptm/b/n' tried instead on input line 102.
LaTeX Font Info:    Font shape `OT1/ptm/bx/n' in size <5.10005> not available
(Font)              Font shape `OT1/ptm/b/n' tried instead on input line 102.
 [11 <./Figures/fig-02.02.pdf>]
<Figures/fig-02.03.pdf, id=107, 462.52798pt x 346.89601pt>
File: Figures/fig-02.03.pdf Graphic file (type pdf)
<use Figures/fig-02.03.pdf>
Package pdftex.def Info: Figures/fig-02.03.pdf  used on input line 122.
(pdftex.def)             Requested size: 216.81pt x 162.6071pt.

[12 <./Figures/fig-02.03.pdf>]
<Figures/fig-02.04.pdf, id=134, 289.08pt x 289.08pt>
File: Figures/fig-02.04.pdf Graphic file (type pdf)
<use Figures/fig-02.04.pdf>
Package pdftex.def Info: Figures/fig-02.04.pdf  used on input line 143.
(pdftex.def)             Requested size: 144.54pt x 144.53964pt.
 [13 <./Figures/fig-02.04.pdf>] [14] [15]
[16]
LaTeX Font Info:    Trying to load font information for TS1+ptm on input line 2
36.

(C:\Users\moise\scoop\apps\miktex\current\texmfs\install\tex/latex/psnfss\ts1pt
m.fd
File: ts1ptm.fd 2001/06/04 font definitions for TS1/ptm.
)) [17]
\openout2 = `ch03.aux'.

 (ch03.tex [18





]
Chapter 3.
[19] [20] [21] [22]) [23]
\openout2 = `ch04.aux'.

 (ch04.tex [24





]
Chapter 4.
[25] [26] [27] [28] [29] [30]) [31]
\openout2 = `ch05.aux'.

 (ch05.tex [32





]
Chapter 5.
[33] [34] [35]) [36]
\openout2 = `ch06.aux'.

 (ch06.tex
Chapter 6.
[37





]
<Figures/fig-06.01.pdf, id=231, 462.52798pt x 346.89601pt>
File: Figures/fig-06.01.pdf Graphic file (type pdf)
<use Figures/fig-06.01.pdf>
Package pdftex.def Info: Figures/fig-06.01.pdf  used on input line 37.
(pdftex.def)             Requested size: 216.81pt x 162.6071pt.
 [38] [39 <./Figures/fig-06.01.pdf>] [40]
Overfull \hbox (8.80861pt too wide) in paragraph at lines 105--106
\OT1/ptm/m/n/10 Find the steady states and char-ac-ter-ize their sta-bil-ity fo
r the fol-low-ing one-dimensional
 []

[41]) [42]
\openout2 = `ch07.aux'.

 (ch07.tex
Chapter 7.
[43





] [44] [45] [46] [47]) [48]
\openout2 = `ch08.aux'.

 (ch08.tex
Chapter 8.
[49





] [50] [51]
<Figures/fig-08.01.pdf, id=293, 462.52798pt x 346.89601pt>
File: Figures/fig-08.01.pdf Graphic file (type pdf)
<use Figures/fig-08.01.pdf>
Package pdftex.def Info: Figures/fig-08.01.pdf  used on input line 78.
(pdftex.def)             Requested size: 216.81pt x 162.6071pt.
 [52]
<Figures/fig-08.02.pdf, id=297, 578.16pt x 433.62pt>
File: Figures/fig-08.02.pdf Graphic file (type pdf)
<use Figures/fig-08.02.pdf>
Package pdftex.def Info: Figures/fig-08.02.pdf  used on input line 93.
(pdftex.def)             Requested size: 216.81pt x 162.6071pt.
 [53 <./Figures/fig-08.01.pdf>] [54 <./Figures/fig-08.02.pdf>]) [55]
\openout2 = `ch09.aux'.

 (ch09.tex [56





]
Chapter 9.
[57]
<Figures/fig-09.01.pdf, id=347, 462.52798pt x 346.89601pt>
File: Figures/fig-09.01.pdf Graphic file (type pdf)
<use Figures/fig-09.01.pdf>
Package pdftex.def Info: Figures/fig-09.01.pdf  used on input line 35.
(pdftex.def)             Requested size: 216.81pt x 162.6071pt.
 [58 <./Figures/fig-09.01.pdf>] [59]
<Figures/fig-09.02.pdf, id=370, 462.52798pt x 346.89601pt>
File: Figures/fig-09.02.pdf Graphic file (type pdf)
<use Figures/fig-09.02.pdf>
Package pdftex.def Info: Figures/fig-09.02.pdf  used on input line 63.
(pdftex.def)             Requested size: 216.81pt x 162.6071pt.

Overfull \hbox (3.83945pt too wide) in paragraph at lines 74--75
\OT1/ptm/m/n/10 model: in-creased back-ground mor-tal-ity and an Allee ef-fect.
 By in-cor-po-rat-ing density-
 []

[60 <./Figures/fig-09.02.pdf>] [61]) [62]
\openout2 = `ch10.aux'.

 (ch10.tex
Chapter 10.
[63





]
Overfull \hbox (2.57947pt too wide) in paragraph at lines 32--33
[]\OT1/ptm/m/n/10 By elu-ci-dat-ing analo-gies be-tween con-tin-u-ous and dis-c
rete rep-re-sen-ta-tions through
 []

[64] [65] [66] [67]
Overfull \hbox (18.91939pt too wide) in paragraph at lines 108--109
\OT1/ptm/m/n/10 col-lab-o-ra-tions un-cov-ered new di-men-sions of in-tri-cacy 
even within classically-understood
 []

[68]) [69]
\openout2 = `ch11.aux'.

 (ch11.tex [70





]
Chapter 11.
[71] [72] [73] [74]
<Figures/fig-11.01.pdf, id=438, 433.62pt x 433.62pt>
File: Figures/fig-11.01.pdf Graphic file (type pdf)
<use Figures/fig-11.01.pdf>
Package pdftex.def Info: Figures/fig-11.01.pdf  used on input line 132.
(pdftex.def)             Requested size: 216.81pt x 216.80946pt.
<Figures/fig-11.02.I.pdf, id=439, 433.62pt x 433.62pt>
File: Figures/fig-11.02.I.pdf Graphic file (type pdf)
<use Figures/fig-11.02.I.pdf>
Package pdftex.def Info: Figures/fig-11.02.I.pdf  used on input line 144.
(pdftex.def)             Requested size: 108.405pt x 108.40472pt.
<Figures/fig-11.02.II.pdf, id=440, 433.62pt x 433.62pt>
File: Figures/fig-11.02.II.pdf Graphic file (type pdf)
<use Figures/fig-11.02.II.pdf>
Package pdftex.def Info: Figures/fig-11.02.II.pdf  used on input line 147.
(pdftex.def)             Requested size: 108.405pt x 108.40472pt.
<Figures/fig-11.02.V.pdf, id=441, 433.62pt x 433.62pt>
File: Figures/fig-11.02.V.pdf Graphic file (type pdf)
<use Figures/fig-11.02.V.pdf>
Package pdftex.def Info: Figures/fig-11.02.V.pdf  used on input line 150.
(pdftex.def)             Requested size: 108.405pt x 108.40472pt.
 [75 <./Figures/fig-11.01.pdf>] [76 <./Figures/fig-11.02.I.pdf> <./Figures/fig-
11.02.II.pdf> <./Figures/fig-11.02.V.pdf>]
<Figures/fig-11.03.III.pdf, id=468, 433.62pt x 433.62pt>
File: Figures/fig-11.03.III.pdf Graphic file (type pdf)
<use Figures/fig-11.03.III.pdf>
Package pdftex.def Info: Figures/fig-11.03.III.pdf  used on input line 172.
(pdftex.def)             Requested size: 108.405pt x 108.40472pt.
<Figures/fig-11.03.IV.pdf, id=469, 433.62pt x 433.62pt>
File: Figures/fig-11.03.IV.pdf Graphic file (type pdf)
<use Figures/fig-11.03.IV.pdf>
Package pdftex.def Info: Figures/fig-11.03.IV.pdf  used on input line 175.
(pdftex.def)             Requested size: 108.405pt x 108.40472pt.
 [77 <./Figures/fig-11.03.III.pdf> <./Figures/fig-11.03.IV.pdf>]) [78]
\openout2 = `ch12.aux'.

 (ch12.tex
Chapter 12.
[79





] [80] [81] [82]) [83]
\openout2 = `ch13.aux'.

 (ch13.tex [84





]
Chapter 13.
[85] [86] [87] [88]
<Figures/fig-13.01.A.pdf, id=510, 433.62pt x 433.62pt>
File: Figures/fig-13.01.A.pdf Graphic file (type pdf)
<use Figures/fig-13.01.A.pdf>
Package pdftex.def Info: Figures/fig-13.01.A.pdf  used on input line 156.
(pdftex.def)             Requested size: 144.54pt x 144.53743pt.
<Figures/fig-13.01.B.pdf, id=511, 433.62pt x 433.62pt>
File: Figures/fig-13.01.B.pdf Graphic file (type pdf)
<use Figures/fig-13.01.B.pdf>
Package pdftex.def Info: Figures/fig-13.01.B.pdf  used on input line 160.
(pdftex.def)             Requested size: 144.54pt x 144.53743pt.
<Figures/fig-13.01.C.pdf, id=512, 433.62pt x 433.62pt>
File: Figures/fig-13.01.C.pdf Graphic file (type pdf)
<use Figures/fig-13.01.C.pdf>
Package pdftex.def Info: Figures/fig-13.01.C.pdf  used on input line 164.
(pdftex.def)             Requested size: 144.54pt x 144.53743pt.
<Figures/fig-13.01.D.pdf, id=513, 433.62pt x 433.62pt>
File: Figures/fig-13.01.D.pdf Graphic file (type pdf)
<use Figures/fig-13.01.D.pdf>
Package pdftex.def Info: Figures/fig-13.01.D.pdf  used on input line 168.
(pdftex.def)             Requested size: 144.54pt x 144.53743pt.
 [89] [90 <./Figures/fig-13.01.A.pdf> <./Figures/fig-13.01.B.pdf> <./Figures/fi
g-13.01.C.pdf> <./Figures/fig-13.01.D.pdf>] [91]) [92]
\openout2 = `ch14.aux'.


(ch14.tex
Chapter 14.
[93





]
<Figures/fig-14.01.pdf, id=628, 433.62pt x 144.54pt>
File: Figures/fig-14.01.pdf Graphic file (type pdf)
<use Figures/fig-14.01.pdf>
Package pdftex.def Info: Figures/fig-14.01.pdf  used on input line 36.
(pdftex.def)             Requested size: 216.81pt x 72.2698pt.


LaTeX Warning: `!h' float specifier changed to `!ht'.

[94] [95 <./Figures/fig-14.01.pdf>] [96]
<Figures/fig-14.02.pdf, id=659, 722.7pt x 289.08pt>
File: Figures/fig-14.02.pdf Graphic file (type pdf)
<use Figures/fig-14.02.pdf>
Package pdftex.def Info: Figures/fig-14.02.pdf  used on input line 137.
(pdftex.def)             Requested size: 289.07999pt x 115.62994pt.
 [97] [98 <./Figures/fig-14.02.pdf>]
[99]) [100]
\openout2 = `ch15.aux'.

 (ch15.tex
Chapter 15.
[101





] [102]
Overfull \hbox (2.08931pt too wide) in paragraph at lines 42--43
[]\OT1/ptm/m/n/10 When con-sid-er-ing evo-lu-tion-ary re-quire-ments, it be-com
es clear that sim-ply shrink-
 []

[103]) [104]
\openout2 = `ch16.aux'.

 (ch16.tex
Chapter 16.
[105





] [106] [107] [108]) [109]
\openout2 = `ch17.aux'.

 (ch17.tex [110





]
Chapter 17.
[111] [112] [113] [114] [115] [116] [117]) [118]
\openout2 = `ch18.aux'.

 (ch18.tex
Chapter 18.
[119





]
<Figures/fig-18.01.pdf, id=753, 462.52798pt x 346.89601pt>
File: Figures/fig-18.01.pdf Graphic file (type pdf)
<use Figures/fig-18.01.pdf>
Package pdftex.def Info: Figures/fig-18.01.pdf  used on input line 40.
(pdftex.def)             Requested size: 216.81pt x 162.6071pt.
 [120]
<Figures/fig-18.02.pdf, id=757, 462.52798pt x 346.89601pt>
File: Figures/fig-18.02.pdf Graphic file (type pdf)
<use Figures/fig-18.02.pdf>
Package pdftex.def Info: Figures/fig-18.02.pdf  used on input line 68.
(pdftex.def)             Requested size: 289.07999pt x 216.82005pt.
 [121 <./Figures/fig-18.01.pdf>] [122 <./Figures/fig-18.02.pdf>]
<Figures/fig-18.03.pdf, id=784, 144.90135pt x 155.41953pt>
File: Figures/fig-18.03.pdf Graphic file (type pdf)
<use Figures/fig-18.03.pdf>
Package pdftex.def Info: Figures/fig-18.03.pdf  used on input line 97.
(pdftex.def)             Requested size: 108.405pt x 116.27502pt.

[123 <./Figures/fig-18.03.pdf>] [124] [125]) [126]
\openout2 = `ch19.aux'.

 (ch19.tex
Chapter 19.
[127





] [128]
<Figures/fig-19.01.pdf, id=813, 433.62pt x 433.62pt>
File: Figures/fig-19.01.pdf Graphic file (type pdf)
<use Figures/fig-19.01.pdf>
Package pdftex.def Info: Figures/fig-19.01.pdf  used on input line 46.
(pdftex.def)             Requested size: 216.81pt x 216.80946pt.
 [129 <./Figures/fig-19.01.pdf>]
<Figures/fig-19.02.A.pdf, id=849, 433.62pt x 433.62pt>
File: Figures/fig-19.02.A.pdf Graphic file (type pdf)
<use Figures/fig-19.02.A.pdf>
Package pdftex.def Info: Figures/fig-19.02.A.pdf  used on input line 82.
(pdftex.def)             Requested size: 144.54pt x 144.53743pt.
<Figures/fig-19.02.B.pdf, id=850, 433.62pt x 433.62pt>
File: Figures/fig-19.02.B.pdf Graphic file (type pdf)
<use Figures/fig-19.02.B.pdf>
Package pdftex.def Info: Figures/fig-19.02.B.pdf  used on input line 86.
(pdftex.def)             Requested size: 144.54pt x 144.53743pt.
 [130]
<Figures/fig-19.03.pdf, id=854, 433.62pt x 433.62pt>
File: Figures/fig-19.03.pdf Graphic file (type pdf)
<use Figures/fig-19.03.pdf>
Package pdftex.def Info: Figures/fig-19.03.pdf  used on input line 101.
(pdftex.def)             Requested size: 216.81pt x 216.80946pt.


LaTeX Warning: `h' float specifier changed to `ht'.

[131 <./Figures/fig-19.02.A.pdf> <./Figures/fig-19.02.B.pdf>] [132 <./Figures/f
ig-19.03.pdf>]
LaTeX Font Info:    Trying to load font information for OT1+pcr on input line 1
22.

(C:\Users\moise\scoop\apps\miktex\current\texmfs\install\tex/latex/psnfss\ot1pc
r.fd
File: ot1pcr.fd 2001/06/04 font definitions for OT1/pcr.
)) [133]
\openout2 = `ch20.aux'.

 (ch20.tex [134





]
Chapter 20.
[135]
<Figures/fig-20.01.pdf, id=977, 473.2661pt x 231.62535pt>
File: Figures/fig-20.01.pdf Graphic file (type pdf)
<use Figures/fig-20.01.pdf>
Package pdftex.def Info: Figures/fig-20.01.pdf  used on input line 31.
(pdftex.def)             Requested size: 216.81pt x 106.11423pt.
 [136] [137 <./Figures/fig-20.01.pdf>] [138]
<Figures/fig-20.02.pdf, id=1002, 433.62pt x 433.62pt>
File: Figures/fig-20.02.pdf Graphic file (type pdf)
<use Figures/fig-20.02.pdf>
Package pdftex.def Info: Figures/fig-20.02.pdf  used on input line 95.
(pdftex.def)             Requested size: 216.81pt x 216.80946pt.
 [139] [140 <./Figures/fig-20.02.pdf>]
<Figures/fig-20.03.A.pdf, id=1034, 433.62pt x 433.62pt>
File: Figures/fig-20.03.A.pdf Graphic file (type pdf)
<use Figures/fig-20.03.A.pdf>
Package pdftex.def Info: Figures/fig-20.03.A.pdf  used on input line 125.
(pdftex.def)             Requested size: 144.54pt x 144.53743pt.
<Figures/fig-20.03.B.pdf, id=1035, 433.62pt x 433.62pt>
File: Figures/fig-20.03.B.pdf Graphic file (type pdf)
<use Figures/fig-20.03.B.pdf>
Package pdftex.def Info: Figures/fig-20.03.B.pdf  used on input line 129.
(pdftex.def)             Requested size: 144.54pt x 144.53743pt.
 [141 <./Figures/fig-20.03.A.pdf> <./Figures/fig-20.03.B.pdf>]
<Figures/fig-20.04.pdf, id=1097, 433.62pt x 433.62pt>
File: Figures/fig-20.04.pdf Graphic file (type pdf)
<use Figures/fig-20.04.pdf>
Package pdftex.def Info: Figures/fig-20.04.pdf  used on input line 146.
(pdftex.def)             Requested size: 216.81pt x 216.80946pt.


LaTeX Warning: `h' float specifier changed to `ht'.

[142] [143 <./Figures/fig-20.04.pdf>] [144]) [145]
\openout2 = `ch21.aux'.

 (ch21.tex [146





]
Chapter 21.
[147]
<Figures/fig-21.01.pdf, id=1148, 182.74673pt x 141.68935pt>
File: Figures/fig-21.01.pdf Graphic file (type pdf)
<use Figures/fig-21.01.pdf>
Package pdftex.def Info: Figures/fig-21.01.pdf  used on input line 31.
(pdftex.def)             Requested size: 108.405pt x 84.05pt.
 [148 <./Figures/fig-21.01.pdf>] [149] [150] [151] [152] [153]) [154]
\openout2 = `ch22.aux'.


(ch22.tex
Chapter 22.
[155





] [156] [157] [158] [159] [160]

LaTeX Warning: Reference `ch:18' on page 161 undefined on input line 134.

) [161]
\openout2 = `ch23.aux'.

 (ch23.tex [162





]
Chapter 23.
[163] [164]) [165]
\openout2 = `ch24.aux'.

 (ch24.tex [166





]
Chapter 24.
[167] [168] [169] [170] [171] [172] [173]
<Figures/fig-24.01.pdf, id=1249, 462.52798pt x 578.16pt>
File: Figures/fig-24.01.pdf Graphic file (type pdf)
<use Figures/fig-24.01.pdf>
Package pdftex.def Info: Figures/fig-24.01.pdf  used on input line 194.
(pdftex.def)             Requested size: 216.81pt x 271.01183pt.
 [174 <./Figures/fig-24.01.pdf>])
[175]
\openout2 = `ch25.aux'.

 (ch25.tex [176





]
Chapter 25.
[177] [178]
Overfull \hbox (8.61934pt too wide) in paragraph at lines 32--33
\OT1/ptm/m/n/10 Desmond Bernal ap-plied X-ray crys-tal-log-ra-phy to an-a-lyze 
larger bi-o-log-i-cal molecules.
 []

[179] [180]
Overfull \hbox (3.84998pt too wide) in paragraph at lines 58--59
[]\OT1/ptm/m/n/10 These ef-forts ex-em-pli-fied pro-duc-tive col-lab-o-ra-tion 
even dur-ing wartime, as French
 []

[181]) [182]
\openout2 = `ch26.aux'.

 (ch26.tex
Chapter 26.
[183





] [184] [185] [186] [187] [188]) [189]
\openout2 = `ch27.aux'.

 (ch27.tex [190





]
Chapter 27.
[191] [192] [193] [194]
Overfull \hbox (39.70328pt too wide) in paragraph at lines 116--117
[]\OT1/ptm/m/n/10 By in-tro-duc-ing the di-men-sion-less vari-ables $\OML/ztmcm
/m/it/10 p \OT1/ztmcm/m/n/10 = \OML/ztmcm/m/it/10 P= []$\OT1/ptm/m/n/10 , $\OML
/ztmcm/m/it/10 w \OT1/ztmcm/m/n/10 = \OML/ztmcm/m/it/10 W= []$\OT1/ptm/m/n/10 ,

 []

[195] [196] [197]) [198]
\openout2 = `referenc.aux'.

 (referenc.tex (main.bbl
Underfull \hbox (badness 1694) in paragraph at lines 12--15
\OT1/ptm/m/n/10 Lon-don, DOI $10 . 1007 / 978-[]0-[]85729-[]115-[]8$, URL $\OT1
/pcr/m/n/10 http : / / dx . doi . org /
 []


Underfull \hbox (badness 4981) in paragraph at lines 21--25
[]\OT1/ptm/m/n/10 Bassett DR (2002) Sci-en-tific con-tri-bu-tions of a. v. hill
: ex-er-cise phys-
 []


Underfull \hbox (badness 3907) in paragraph at lines 21--25
\OT1/ptm/m/n/10 i-ol-ogy pi-o-neer. Jour-nal of Ap-plied Phys-i-ol-ogy 93(5):15
67--1582, DOI 
 []


Underfull \hbox (badness 1515) in paragraph at lines 50--54
\OT1/ptm/m/n/10 els for ery-thro-poiesis. Math-e-mat-i-cal Bio-sciences 128(1--
2):317--346, DOI 
 []


Underfull \hbox (badness 4108) in paragraph at lines 50--54
\OT1/ptm/m/n/10 10 . 1016 / 0025-[]5564(94 ) 00078-[]e$, URL $\OT1/pcr/m/n/10 h
ttp : / / dx . doi . org / 10 . 1016 /
 []


Underfull \hbox (badness 10000) in paragraph at lines 56--60
[]\OT1/ptm/m/n/10 Cajori F (1913a) His-tory of the ex-ponene-tial and log-a-rit
h-mic con-
 []


Underfull \hbox (badness 10000) in paragraph at lines 56--60
\OT1/ptm/m/n/10 cepts. The Amer-i-can Math-e-mat-i-cal Monthly 20(5):148--151, 
DOI 
 []


Underfull \hbox (badness 10000) in paragraph at lines 56--60
\OT1/ptm/m/n/10 10 . 1080 / 00029890 . 1913 . 11997942$, URL $\OT1/pcr/m/n/10 h
ttp : / / dx . doi . org / 10 .
 []

[199



]
Underfull \hbox (badness 10000) in paragraph at lines 91--95
[]\OT1/ptm/m/n/10 Cajori F (1913g) His-tory of the ex-po-nen-tial and log-a-rit
h-mic con-
 []


Underfull \hbox (badness 10000) in paragraph at lines 91--95
\OT1/ptm/m/n/10 cepts. The Amer-i-can Math-e-mat-i-cal Monthly 20(7):205--210, 
DOI 
 []


Underfull \hbox (badness 10000) in paragraph at lines 91--95
\OT1/ptm/m/n/10 10 . 1080 / 00029890 . 1913 . 11997960$, URL $\OT1/pcr/m/n/10 h
ttp : / / dx . doi . org / 10 .
 []


Underfull \hbox (badness 5847) in paragraph at lines 118--121
[]\OT1/ptm/m/n/10 Izhikevich E, FitzHugh R (2006) FitzHugh-nagumo model. Schol-
ar-pe-dia
 []

[200]
Underfull \hbox (badness 10000) in paragraph at lines 199--202
[]\OT1/ptm/m/n/10 Stent GS (1968) That was the molec-u-lar bi-ol-ogy that was. 
Sci-ence
 []


Underfull \hbox (badness 10000) in paragraph at lines 199--202
\OT1/ptm/m/n/10 160(3826):390{395, DOI $10 . 1126 / science . 160 . 3826 . 390$
, URL $\OT1/pcr/m/n/10 http :
 []

)) [201] (main.aux (ch01.aux) (ch02.aux) (ch03.aux) (ch04.aux) (ch05.aux)
(ch06.aux) (ch07.aux) (ch08.aux) (ch09.aux) (ch10.aux) (ch11.aux) (ch12.aux)
(ch13.aux) (ch14.aux) (ch15.aux) (ch16.aux) (ch17.aux) (ch18.aux) (ch19.aux)
(ch20.aux) (ch21.aux) (ch22.aux) (ch23.aux) (ch24.aux) (ch25.aux) (ch26.aux)
(ch27.aux) (referenc.aux))
 ***********
LaTeX2e <2025-11-01>
L3 programming layer <2025-12-24>
 ***********


LaTeX Warning: There were undefined references.

 ) 
Here is how much of TeX's memory you used:
 28139 strings out of 467871
 703879 string characters out of 5413034
 1187793 words of memory out of 5000000
 56322 multiletter control sequences out of 15000+600000
 685569 words of font info for 154 fonts, out of 8000000 for 9000
 1141 hyphenation exceptions out of 8191
 99i,23n,118p,1417b,609s stack positions out of 10000i,1000n,20000p,200000b,200000s
<C:/Users/moise/scoop/apps/miktex/current/texmfs/install/fonts/type1/public/a
msfonts/cm/cmex10.pfb><C:/Users/moise/scoop/apps/miktex/current/texmfs/install/
fonts/type1/public/amsfonts/cm/cmmi10.pfb><C:/Users/moise/scoop/apps/miktex/cur
rent/texmfs/install/fonts/type1/public/amsfonts/cm/cmr10.pfb><C:/Users/moise/sc
oop/apps/miktex/current/texmfs/install/fonts/type1/public/amsfonts/cm/cmsy10.pf
b><C:/Users/moise/scoop/apps/miktex/current/texmfs/install/fonts/type1/public/a
msfonts/latxfont/line10.pfb><C:/Users/moise/scoop/apps/miktex/current/texmfs/in
stall/fonts/type1/public/amsfonts/symbols/msam10.pfb><C:/Users/moise/scoop/apps
/miktex/current/texmfs/install/fonts/type1/urw/courier/ucrr8a.pfb><C:/Users/moi
se/scoop/apps/miktex/current/texmfs/install/fonts/type1/urw/symbol/usyr.pfb><C:
/Users/moise/scoop/apps/miktex/current/texmfs/install/fonts/type1/urw/symbol/us
yr.pfb><C:/Users/moise/scoop/apps/miktex/current/texmfs/install/fonts/type1/urw
/times/utmb8a.pfb><C:/Users/moise/scoop/apps/miktex/current/texmfs/install/font
s/type1/urw/times/utmbi8a.pfb><C:/Users/moise/scoop/apps/miktex/current/texmfs/
install/fonts/type1/urw/times/utmr8a.pfb><C:/Users/moise/scoop/apps/miktex/curr
ent/texmfs/install/fonts/type1/urw/times/utmri8a.pfb>
Output written on "C:\Users\moise\OneDrive - CINVESTAV\Trabajo\NLD_Book\Book\Bo
ok\main.pdf" (209 pages, 1421288 bytes).
PDF statistics:
 1447 PDF objects out of 1728 (max. 8388607)
 0 named destinations out of 1000 (max. 500000)
 188 words of extra memory for PDF output out of 10000 (max. 10000000)

