This is pdfTeX, Version 3.141592653-2.6-1.40.25 (MiKTeX 24.1) (preloaded format=pdflatex 2024.11.7)  7 NOV 2024 14:26
entering extended mode
 restricted \write18 enabled.
 %&-line parsing enabled.
**./main.tex
(main.tex
LaTeX2e <2023-11-01> patch level 1
L3 programming layer <2024-01-04>
(svmono.cls
Document Class: svmono 2009/12/17 v5.5 
Springer Verlag global LaTeX document class for monographs
Class Springer-SVMono Info: extra/valid Springer sub-package 
(Springer-SVMono)           not found in option list - using "global" style.
(C:\Users\moise\AppData\Local\Programs\MiKTeX\tex/latex/base\article.cls
Document Class: article 2023/05/17 v1.4n Standard LaTeX document class
(C:\Users\moise\AppData\Local\Programs\MiKTeX\tex/latex/base\size10.clo
File: size10.clo 2023/05/17 v1.4n Standard LaTeX file (size option)
)
\c@part=\count187
\c@section=\count188
\c@subsection=\count189
\c@subsubsection=\count190
\c@paragraph=\count191
\c@subparagraph=\count192
\c@figure=\count193
\c@table=\count194
\abovecaptionskip=\skip48
\belowcaptionskip=\skip49
\bibindent=\dimen140
)
\svparindent=\dimen141
\betweenumberspace=\dimen142
\headlineindent=\dimen143
\c@chapter=\count195
\mottowidth=\dimen144
\svitemindent=\dimen145
\verbatimindent=\dimen146
LaTeX Font Info:    Redeclaring math symbol \Gamma on input line 832.
LaTeX Font Info:    Redeclaring math symbol \Delta on input line 833.
LaTeX Font Info:    Redeclaring math symbol \Theta on input line 834.
LaTeX Font Info:    Redeclaring math symbol \Lambda on input line 835.
LaTeX Font Info:    Redeclaring math symbol \Xi on input line 836.
LaTeX Font Info:    Redeclaring math symbol \Pi on input line 837.
LaTeX Font Info:    Redeclaring math symbol \Sigma on input line 838.
LaTeX Font Info:    Redeclaring math symbol \Upsilon on input line 839.
LaTeX Font Info:    Redeclaring math symbol \Phi on input line 840.
LaTeX Font Info:    Redeclaring math symbol \Psi on input line 841.
LaTeX Font Info:    Redeclaring math symbol \Omega on input line 842.
\tocchpnum=\dimen147
\tocsecnum=\dimen148
\tocsectotal=\dimen149
\tocsubsecnum=\dimen150
\tocsubsectotal=\dimen151
\tocsubsubsecnum=\dimen152
\tocsubsubsectotal=\dimen153
\tocparanum=\dimen154
\tocparatotal=\dimen155
\tocsubparanum=\dimen156
\foot@parindent=\dimen157
\spthmsep=\dimen158
\c@theorem=\count196
\c@case=\count197
\c@conjecture=\count198
\c@corollary=\count199
\c@definition=\count266
\c@example=\count267
\c@exercise=\count268
\c@lemma=\count269
\c@note=\count270
\c@problem=\count271
\c@property=\count272
\c@proposition=\count273
\c@question=\count274
\c@solution=\count275
\c@remark=\count276
\c@prob=\count277
\instindent=\dimen159
\figgap=\dimen160
\bildb@x=\box51
\figcapgap=\dimen161
\tabcapgap=\dimen162
\c@merk=\count278
LaTeX Info: Redefining \abstract on input line 1894.
)
(C:\Users\moise\AppData\Local\Programs\MiKTeX\tex/latex/graphics\color.sty
Package: color 2022/01/06 v1.3d Standard LaTeX Color (DPC)

(C:\Users\moise\AppData\Local\Programs\MiKTeX\tex/latex/graphics-cfg\color.cfg
File: color.cfg 2016/01/02 v1.6 sample color configuration
)
Package color Info: Driver file: pdftex.def on input line 149.

(C:\Users\moise\AppData\Local\Programs\MiKTeX\tex/latex/graphics-def\pdftex.def
File: pdftex.def 2022/09/22 v1.2b Graphics/color driver for pdftex
)
(C:\Users\moise\AppData\Local\Programs\MiKTeX\tex/latex/graphics\mathcolor.ltx)
) (C:\Users\moise\AppData\Local\Programs\MiKTeX\tex/latex/framed\framed.sty
Package: framed 2011/10/22 v 0.96: framed or shaded text with page breaks
\OuterFrameSep=\skip50
\fb@frw=\dimen163
\fb@frh=\dimen164
\FrameRule=\dimen165
\FrameSep=\dimen166
)
(C:\Users\moise\AppData\Local\Programs\MiKTeX\tex/latex/psnfss\mathptmx.sty
Package: mathptmx 2020/03/25 PSNFSS-v9.3 Times w/ Math, improved (SPQR, WaS) 
LaTeX Font Info:    Redeclaring symbol font `operators' on input line 28.
LaTeX Font Info:    Overwriting symbol font `operators' in version `normal'
(Font)                  OT1/cmr/m/n --> OT1/ztmcm/m/n on input line 28.
LaTeX Font Info:    Overwriting symbol font `operators' in version `bold'
(Font)                  OT1/cmr/bx/n --> OT1/ztmcm/m/n on input line 28.
LaTeX Font Info:    Redeclaring symbol font `letters' on input line 29.
LaTeX Font Info:    Overwriting symbol font `letters' in version `normal'
(Font)                  OML/cmm/m/it --> OML/ztmcm/m/it on input line 29.
LaTeX Font Info:    Overwriting symbol font `letters' in version `bold'
(Font)                  OML/cmm/b/it --> OML/ztmcm/m/it on input line 29.
LaTeX Font Info:    Redeclaring symbol font `symbols' on input line 30.
LaTeX Font Info:    Overwriting symbol font `symbols' in version `normal'
(Font)                  OMS/cmsy/m/n --> OMS/ztmcm/m/n on input line 30.
LaTeX Font Info:    Overwriting symbol font `symbols' in version `bold'
(Font)                  OMS/cmsy/b/n --> OMS/ztmcm/m/n on input line 30.
LaTeX Font Info:    Redeclaring symbol font `largesymbols' on input line 31.
LaTeX Font Info:    Overwriting symbol font `largesymbols' in version `normal'
(Font)                  OMX/cmex/m/n --> OMX/ztmcm/m/n on input line 31.
LaTeX Font Info:    Overwriting symbol font `largesymbols' in version `bold'
(Font)                  OMX/cmex/m/n --> OMX/ztmcm/m/n on input line 31.
\symbold=\mathgroup4
\symitalic=\mathgroup5
LaTeX Font Info:    Redeclaring math alphabet \mathbf on input line 34.
LaTeX Font Info:    Overwriting math alphabet `\mathbf' in version `normal'
(Font)                  OT1/cmr/bx/n --> OT1/ptm/bx/n on input line 34.
LaTeX Font Info:    Overwriting math alphabet `\mathbf' in version `bold'
(Font)                  OT1/cmr/bx/n --> OT1/ptm/bx/n on input line 34.
LaTeX Font Info:    Redeclaring math alphabet \mathit on input line 35.
LaTeX Font Info:    Overwriting math alphabet `\mathit' in version `normal'
(Font)                  OT1/cmr/m/it --> OT1/ptm/m/it on input line 35.
LaTeX Font Info:    Overwriting math alphabet `\mathit' in version `bold'
(Font)                  OT1/cmr/bx/it --> OT1/ptm/m/it on input line 35.
LaTeX Info: Redefining \hbar on input line 50.
)
(C:\Users\moise\AppData\Local\Programs\MiKTeX\tex/latex/psnfss\helvet.sty
Package: helvet 2020/03/25 PSNFSS-v9.3 (WaS) 

(C:\Users\moise\AppData\Local\Programs\MiKTeX\tex/latex/graphics\keyval.sty
Package: keyval 2022/05/29 v1.15 key=value parser (DPC)
\KV@toks@=\toks17
))
(C:\Users\moise\AppData\Local\Programs\MiKTeX\tex/latex/psnfss\courier.sty
Package: courier 2020/03/25 PSNFSS-v9.3 (WaS) 
)
(C:\Users\moise\AppData\Local\Programs\MiKTeX\tex/latex/type1cm\type1cm.sty
Package: type1cm 2002/09/05 v0.04 BlueSky/Y&Y Type1 CM font definitions (DPC, p
atched RF)
)
(C:\Users\moise\AppData\Local\Programs\MiKTeX\tex/latex/base\makeidx.sty
Package: makeidx 2021/10/04 v1.0m Standard LaTeX package
)
(C:\Users\moise\AppData\Local\Programs\MiKTeX\tex/latex/graphics\graphicx.sty
Package: graphicx 2021/09/16 v1.2d Enhanced LaTeX Graphics (DPC,SPQR)

(C:\Users\moise\AppData\Local\Programs\MiKTeX\tex/latex/graphics\graphics.sty
Package: graphics 2022/03/10 v1.4e Standard LaTeX Graphics (DPC,SPQR)

(C:\Users\moise\AppData\Local\Programs\MiKTeX\tex/latex/graphics\trig.sty
Package: trig 2021/08/11 v1.11 sin cos tan (DPC)
)
(C:\Users\moise\AppData\Local\Programs\MiKTeX\tex/latex/graphics-cfg\graphics.c
fg
File: graphics.cfg 2016/06/04 v1.11 sample graphics configuration
)
Package graphics Info: Driver file: pdftex.def on input line 107.
)
\Gin@req@height=\dimen167
\Gin@req@width=\dimen168
)
(C:\Users\moise\AppData\Local\Programs\MiKTeX\tex/latex/tools\multicol.sty
Package: multicol 2023/03/30 v1.9f multicolumn formatting (FMi)
\c@tracingmulticols=\count279
\mult@box=\box52
\multicol@leftmargin=\dimen169
\c@unbalance=\count280
\c@collectmore=\count281
\doublecol@number=\count282
\multicoltolerance=\count283
\multicolpretolerance=\count284
\full@width=\dimen170
\page@free=\dimen171
\premulticols=\dimen172
\postmulticols=\dimen173
\multicolsep=\skip51
\multicolbaselineskip=\skip52
\partial@page=\box53
\last@line=\box54
\mc@boxedresult=\box55
\maxbalancingoverflow=\dimen174
\mult@rightbox=\box56
\mult@grightbox=\box57
\mult@firstbox=\box58
\mult@gfirstbox=\box59
\@tempa=\box60
\@tempa=\box61
\@tempa=\box62
\@tempa=\box63
\@tempa=\box64
\@tempa=\box65
\@tempa=\box66
\@tempa=\box67
\@tempa=\box68
\@tempa=\box69
\@tempa=\box70
\@tempa=\box71
\@tempa=\box72
\@tempa=\box73
\@tempa=\box74
\@tempa=\box75
\@tempa=\box76
\@tempa=\box77
\@tempa=\box78
\@tempa=\box79
\@tempa=\box80
\@tempa=\box81
\@tempa=\box82
\@tempa=\box83
\@tempa=\box84
\@tempa=\box85
\@tempa=\box86
\@tempa=\box87
\@tempa=\box88
\@tempa=\box89
\@tempa=\box90
\@tempa=\box91
\@tempa=\box92
\@tempa=\box93
\@tempa=\box94
\@tempa=\box95
\c@minrows=\count285
\c@columnbadness=\count286
\c@finalcolumnbadness=\count287
\last@try=\dimen175
\multicolovershoot=\dimen176
\multicolundershoot=\dimen177
\mult@nat@firstbox=\box96
\colbreak@box=\box97
\mc@col@check@num=\count288
)
(C:\Users\moise\AppData\Local\Programs\MiKTeX\tex/latex/footmisc\footmisc.sty
Package: footmisc 2023/07/05 v6.0f a miscellany of footnote facilities
\FN@temptoken=\toks18
\footnotemargin=\dimen178
\@outputbox@depth=\dimen179
Package footmisc Info: Declaring symbol style bringhurst on input line 696.
Package footmisc Info: Declaring symbol style chicago on input line 704.
Package footmisc Info: Declaring symbol style wiley on input line 713.
Package footmisc Info: Declaring symbol style lamport-robust on input line 724.

Package footmisc Info: Declaring symbol style lamport* on input line 744.
Package footmisc Info: Declaring symbol style lamport*-robust on input line 765
.
)
(C:\Users\moise\AppData\Local\Programs\MiKTeX\tex/latex/amsfonts\amssymb.sty
Package: amssymb 2013/01/14 v3.01 AMS font symbols

(C:\Users\moise\AppData\Local\Programs\MiKTeX\tex/latex/amsfonts\amsfonts.sty
Package: amsfonts 2013/01/14 v3.01 Basic AMSFonts support
\@emptytoks=\toks19
\symAMSa=\mathgroup6
\symAMSb=\mathgroup7
LaTeX Font Info:    Overwriting math alphabet `\mathfrak' in version `bold'
(Font)                  U/euf/m/n --> U/euf/b/n on input line 106.
)) (C:\Users\moise\AppData\Local\Programs\MiKTeX\tex/latex/amsmath\amsmath.sty
Package: amsmath 2023/05/13 v2.17o AMS math features
\@mathmargin=\skip53

For additional information on amsmath, use the `?' option.
(C:\Users\moise\AppData\Local\Programs\MiKTeX\tex/latex/amsmath\amstext.sty
Package: amstext 2021/08/26 v2.01 AMS text

(C:\Users\moise\AppData\Local\Programs\MiKTeX\tex/latex/amsmath\amsgen.sty
File: amsgen.sty 1999/11/30 v2.0 generic functions
\@emptytoks=\toks20
\ex@=\dimen180
))
(C:\Users\moise\AppData\Local\Programs\MiKTeX\tex/latex/amsmath\amsbsy.sty
Package: amsbsy 1999/11/29 v1.2d Bold Symbols
\pmbraise@=\dimen181
)
(C:\Users\moise\AppData\Local\Programs\MiKTeX\tex/latex/amsmath\amsopn.sty
Package: amsopn 2022/04/08 v2.04 operator names
)
\inf@bad=\count289
LaTeX Info: Redefining \frac on input line 234.
\uproot@=\count290
\leftroot@=\count291
LaTeX Info: Redefining \overline on input line 399.
LaTeX Info: Redefining \colon on input line 410.
\classnum@=\count292
\DOTSCASE@=\count293
LaTeX Info: Redefining \ldots on input line 496.
LaTeX Info: Redefining \dots on input line 499.
LaTeX Info: Redefining \cdots on input line 620.
\Mathstrutbox@=\box98
\strutbox@=\box99
LaTeX Info: Redefining \big on input line 722.
LaTeX Info: Redefining \Big on input line 723.
LaTeX Info: Redefining \bigg on input line 724.
LaTeX Info: Redefining \Bigg on input line 725.
\big@size=\dimen182
LaTeX Font Info:    Redeclaring font encoding OML on input line 743.
LaTeX Font Info:    Redeclaring font encoding OMS on input line 744.
\macc@depth=\count294
LaTeX Info: Redefining \bmod on input line 905.
LaTeX Info: Redefining \pmod on input line 910.
LaTeX Info: Redefining \smash on input line 940.
LaTeX Info: Redefining \relbar on input line 970.
LaTeX Info: Redefining \Relbar on input line 971.
\c@MaxMatrixCols=\count295
\dotsspace@=\muskip16
\c@parentequation=\count296
\dspbrk@lvl=\count297
\tag@help=\toks21
\row@=\count298
\column@=\count299
\maxfields@=\count300
\andhelp@=\toks22
\eqnshift@=\dimen183
\alignsep@=\dimen184
\tagshift@=\dimen185
\tagwidth@=\dimen186
\totwidth@=\dimen187
\lineht@=\dimen188
\@envbody=\toks23
\multlinegap=\skip54
\multlinetaggap=\skip55
\mathdisplay@stack=\toks24
LaTeX Info: Redefining \[ on input line 2953.
LaTeX Info: Redefining \] on input line 2954.
)
(C:\Users\moise\AppData\Local\Programs\MiKTeX\tex/latex/mathtools\mathtools.sty
Package: mathtools 2024/10/04 v1.31 mathematical typesetting tools
(C:\Users\moise\AppData\Local\Programs\MiKTeX\tex/latex/tools\calc.sty
Package: calc 2023/07/08 v4.3 Infix arithmetic (KKT,FJ)
\calc@Acount=\count301
\calc@Bcount=\count302
\calc@Adimen=\dimen189
\calc@Bdimen=\dimen190
\calc@Askip=\skip56
\calc@Bskip=\skip57
LaTeX Info: Redefining \setlength on input line 80.
LaTeX Info: Redefining \addtolength on input line 81.
\calc@Ccount=\count303
\calc@Cskip=\skip58
)
(C:\Users\moise\AppData\Local\Programs\MiKTeX\tex/latex/mathtools\mhsetup.sty
Package: mhsetup 2021/03/18 v1.4 programming setup (MH)
)
\g_MT_multlinerow_int=\count304
\l_MT_multwidth_dim=\dimen191
\origjot=\skip59
\l_MT_shortvdotswithinadjustabove_dim=\dimen192
\l_MT_shortvdotswithinadjustbelow_dim=\dimen193
\l_MT_above_intertext_sep=\dimen194
\l_MT_below_intertext_sep=\dimen195
\l_MT_above_shortintertext_sep=\dimen196
\l_MT_below_shortintertext_sep=\dimen197
\xmathstrut@box=\box100
\xmathstrut@dim=\dimen198
) (C:\Users\moise\AppData\Local\Programs\MiKTeX\tex/latex/natbib\natbib.sty
Package: natbib 2010/09/13 8.31b (PWD, AO)
\bibhang=\skip60
\bibsep=\skip61
LaTeX Info: Redefining \cite on input line 694.
\c@NAT@ctr=\count305
)
(C:\Users\moise\AppData\Local\Programs\MiKTeX\tex/latex/subfigure\subfigure.sty
Package: subfigure 2002/07/30 v2.1.4 subfigure package
\subfigtopskip=\skip62
\subfigcapskip=\skip63
\subfigcaptopadj=\dimen199
\subfigbottomskip=\skip64
\subfigcapmargin=\dimen256
\subfiglabelskip=\skip65
\c@subfigure=\count306
\c@lofdepth=\count307
\c@subtable=\count308
\c@lotdepth=\count309
****************************************
* Local config file subfigure.cfg used *
****************************************

(C:\Users\moise\AppData\Local\Programs\MiKTeX\tex/latex/subfigure\subfigure.cfg
)
\subfig@top=\skip66
\subfig@bottom=\skip67
)
(C:\Users\moise\AppData\Local\Programs\MiKTeX\tex/latex/pgfplots\pgfplots.sty
(C:\Users\moise\AppData\Local\Programs\MiKTeX\tex/generic/pgfplots\pgfplots.rev
ision.tex)
Package: pgfplots 2021/05/15 v1.18.1 Data Visualization (1.18.1)

(C:\Users\moise\AppData\Local\Programs\MiKTeX\tex/latex/pgf/frontendlayer\tikz.
sty
(C:\Users\moise\AppData\Local\Programs\MiKTeX\tex/latex/pgf/basiclayer\pgf.sty
(C:\Users\moise\AppData\Local\Programs\MiKTeX\tex/latex/pgf/utilities\pgfrcs.st
y
(C:\Users\moise\AppData\Local\Programs\MiKTeX\tex/generic/pgf/utilities\pgfutil
-common.tex
\pgfutil@everybye=\toks25
\pgfutil@tempdima=\dimen257
\pgfutil@tempdimb=\dimen258
)
(C:\Users\moise\AppData\Local\Programs\MiKTeX\tex/generic/pgf/utilities\pgfutil
-latex.def
\pgfutil@abb=\box101
)
(C:\Users\moise\AppData\Local\Programs\MiKTeX\tex/generic/pgf/utilities\pgfrcs.
code.tex
(C:\Users\moise\AppData\Local\Programs\MiKTeX\tex/generic/pgf\pgf.revision.tex)
Package: pgfrcs 2023-01-15 v3.1.10 (3.1.10)
))
Package: pgf 2023-01-15 v3.1.10 (3.1.10)

(C:\Users\moise\AppData\Local\Programs\MiKTeX\tex/latex/pgf/basiclayer\pgfcore.
sty
(C:\Users\moise\AppData\Local\Programs\MiKTeX\tex/latex/pgf/systemlayer\pgfsys.
sty
(C:\Users\moise\AppData\Local\Programs\MiKTeX\tex/generic/pgf/systemlayer\pgfsy
s.code.tex
Package: pgfsys 2023-01-15 v3.1.10 (3.1.10)

(C:\Users\moise\AppData\Local\Programs\MiKTeX\tex/generic/pgf/utilities\pgfkeys
.code.tex
\pgfkeys@pathtoks=\toks26
\pgfkeys@temptoks=\toks27

(C:\Users\moise\AppData\Local\Programs\MiKTeX\tex/generic/pgf/utilities\pgfkeys
libraryfiltered.code.tex
\pgfkeys@tmptoks=\toks28
))
\pgf@x=\dimen259
\pgf@y=\dimen260
\pgf@xa=\dimen261
\pgf@ya=\dimen262
\pgf@xb=\dimen263
\pgf@yb=\dimen264
\pgf@xc=\dimen265
\pgf@yc=\dimen266
\pgf@xd=\dimen267
\pgf@yd=\dimen268
\w@pgf@writea=\write3
\r@pgf@reada=\read2
\c@pgf@counta=\count310
\c@pgf@countb=\count311
\c@pgf@countc=\count312
\c@pgf@countd=\count313
\t@pgf@toka=\toks29
\t@pgf@tokb=\toks30
\t@pgf@tokc=\toks31
\pgf@sys@id@count=\count314

(C:\Users\moise\AppData\Local\Programs\MiKTeX\tex/generic/pgf/systemlayer\pgf.c
fg
File: pgf.cfg 2023-01-15 v3.1.10 (3.1.10)
)
Driver file for pgf: pgfsys-pdftex.def

(C:\Users\moise\AppData\Local\Programs\MiKTeX\tex/generic/pgf/systemlayer\pgfsy
s-pdftex.def
File: pgfsys-pdftex.def 2023-01-15 v3.1.10 (3.1.10)

(C:\Users\moise\AppData\Local\Programs\MiKTeX\tex/generic/pgf/systemlayer\pgfsy
s-common-pdf.def
File: pgfsys-common-pdf.def 2023-01-15 v3.1.10 (3.1.10)
)))
(C:\Users\moise\AppData\Local\Programs\MiKTeX\tex/generic/pgf/systemlayer\pgfsy
ssoftpath.code.tex
File: pgfsyssoftpath.code.tex 2023-01-15 v3.1.10 (3.1.10)
\pgfsyssoftpath@smallbuffer@items=\count315
\pgfsyssoftpath@bigbuffer@items=\count316
)
(C:\Users\moise\AppData\Local\Programs\MiKTeX\tex/generic/pgf/systemlayer\pgfsy
sprotocol.code.tex
File: pgfsysprotocol.code.tex 2023-01-15 v3.1.10 (3.1.10)
))
(C:\Users\moise\AppData\Local\Programs\MiKTeX\tex/latex/xcolor\xcolor.sty
Package: xcolor 2023/11/15 v3.01 LaTeX color extensions (UK)

(C:\Users\moise\AppData\Local\Programs\MiKTeX\tex/latex/graphics-cfg\color.cfg
File: color.cfg 2016/01/02 v1.6 sample color configuration
)
Package xcolor Info: Driver file: pdftex.def on input line 274.
LaTeX Info: Redefining \color on input line 758.
(C:\Users\moise\AppData\Local\Programs\MiKTeX\tex/latex/graphics\mathcolor.ltx)
Package xcolor Info: Model `cmy' substituted by `cmy0' on input line 1350.
Package xcolor Info: Model `hsb' substituted by `rgb' on input line 1354.
Package xcolor Info: Model `RGB' extended on input line 1366.
Package xcolor Info: Model `HTML' substituted by `rgb' on input line 1368.
Package xcolor Info: Model `Hsb' substituted by `hsb' on input line 1369.
Package xcolor Info: Model `tHsb' substituted by `hsb' on input line 1370.
Package xcolor Info: Model `HSB' substituted by `hsb' on input line 1371.
Package xcolor Info: Model `Gray' substituted by `gray' on input line 1372.
Package xcolor Info: Model `wave' substituted by `hsb' on input line 1373.
)
(C:\Users\moise\AppData\Local\Programs\MiKTeX\tex/generic/pgf/basiclayer\pgfcor
e.code.tex
Package: pgfcore 2023-01-15 v3.1.10 (3.1.10)

(C:\Users\moise\AppData\Local\Programs\MiKTeX\tex/generic/pgf/math\pgfmath.code
.tex
(C:\Users\moise\AppData\Local\Programs\MiKTeX\tex/generic/pgf/math\pgfmathutil.
code.tex)
(C:\Users\moise\AppData\Local\Programs\MiKTeX\tex/generic/pgf/math\pgfmathparse
r.code.tex
\pgfmath@dimen=\dimen269
\pgfmath@count=\count317
\pgfmath@box=\box102
\pgfmath@toks=\toks32
\pgfmath@stack@operand=\toks33
\pgfmath@stack@operation=\toks34
)
(C:\Users\moise\AppData\Local\Programs\MiKTeX\tex/generic/pgf/math\pgfmathfunct
ions.code.tex)
(C:\Users\moise\AppData\Local\Programs\MiKTeX\tex/generic/pgf/math\pgfmathfunct
ions.basic.code.tex)
(C:\Users\moise\AppData\Local\Programs\MiKTeX\tex/generic/pgf/math\pgfmathfunct
ions.trigonometric.code.tex)
(C:\Users\moise\AppData\Local\Programs\MiKTeX\tex/generic/pgf/math\pgfmathfunct
ions.random.code.tex)
(C:\Users\moise\AppData\Local\Programs\MiKTeX\tex/generic/pgf/math\pgfmathfunct
ions.comparison.code.tex)
(C:\Users\moise\AppData\Local\Programs\MiKTeX\tex/generic/pgf/math\pgfmathfunct
ions.base.code.tex)
(C:\Users\moise\AppData\Local\Programs\MiKTeX\tex/generic/pgf/math\pgfmathfunct
ions.round.code.tex)
(C:\Users\moise\AppData\Local\Programs\MiKTeX\tex/generic/pgf/math\pgfmathfunct
ions.misc.code.tex)
(C:\Users\moise\AppData\Local\Programs\MiKTeX\tex/generic/pgf/math\pgfmathfunct
ions.integerarithmetics.code.tex)
(C:\Users\moise\AppData\Local\Programs\MiKTeX\tex/generic/pgf/math\pgfmathcalc.
code.tex)
(C:\Users\moise\AppData\Local\Programs\MiKTeX\tex/generic/pgf/math\pgfmathfloat
.code.tex
\c@pgfmathroundto@lastzeros=\count318
))
(C:\Users\moise\AppData\Local\Programs\MiKTeX\tex/generic/pgf/math\pgfint.code.
tex)
(C:\Users\moise\AppData\Local\Programs\MiKTeX\tex/generic/pgf/basiclayer\pgfcor
epoints.code.tex
File: pgfcorepoints.code.tex 2023-01-15 v3.1.10 (3.1.10)
\pgf@picminx=\dimen270
\pgf@picmaxx=\dimen271
\pgf@picminy=\dimen272
\pgf@picmaxy=\dimen273
\pgf@pathminx=\dimen274
\pgf@pathmaxx=\dimen275
\pgf@pathminy=\dimen276
\pgf@pathmaxy=\dimen277
\pgf@xx=\dimen278
\pgf@xy=\dimen279
\pgf@yx=\dimen280
\pgf@yy=\dimen281
\pgf@zx=\dimen282
\pgf@zy=\dimen283
)
(C:\Users\moise\AppData\Local\Programs\MiKTeX\tex/generic/pgf/basiclayer\pgfcor
epathconstruct.code.tex
File: pgfcorepathconstruct.code.tex 2023-01-15 v3.1.10 (3.1.10)
\pgf@path@lastx=\dimen284
\pgf@path@lasty=\dimen285
)
(C:\Users\moise\AppData\Local\Programs\MiKTeX\tex/generic/pgf/basiclayer\pgfcor
epathusage.code.tex
File: pgfcorepathusage.code.tex 2023-01-15 v3.1.10 (3.1.10)
\pgf@shorten@end@additional=\dimen286
\pgf@shorten@start@additional=\dimen287
)
(C:\Users\moise\AppData\Local\Programs\MiKTeX\tex/generic/pgf/basiclayer\pgfcor
escopes.code.tex
File: pgfcorescopes.code.tex 2023-01-15 v3.1.10 (3.1.10)
\pgfpic=\box103
\pgf@hbox=\box104
\pgf@layerbox@main=\box105
\pgf@picture@serial@count=\count319
)
(C:\Users\moise\AppData\Local\Programs\MiKTeX\tex/generic/pgf/basiclayer\pgfcor
egraphicstate.code.tex
File: pgfcoregraphicstate.code.tex 2023-01-15 v3.1.10 (3.1.10)
\pgflinewidth=\dimen288
)
(C:\Users\moise\AppData\Local\Programs\MiKTeX\tex/generic/pgf/basiclayer\pgfcor
etransformations.code.tex
File: pgfcoretransformations.code.tex 2023-01-15 v3.1.10 (3.1.10)
\pgf@pt@x=\dimen289
\pgf@pt@y=\dimen290
\pgf@pt@temp=\dimen291
)
(C:\Users\moise\AppData\Local\Programs\MiKTeX\tex/generic/pgf/basiclayer\pgfcor
equick.code.tex
File: pgfcorequick.code.tex 2023-01-15 v3.1.10 (3.1.10)
)
(C:\Users\moise\AppData\Local\Programs\MiKTeX\tex/generic/pgf/basiclayer\pgfcor
eobjects.code.tex
File: pgfcoreobjects.code.tex 2023-01-15 v3.1.10 (3.1.10)
)
(C:\Users\moise\AppData\Local\Programs\MiKTeX\tex/generic/pgf/basiclayer\pgfcor
epathprocessing.code.tex
File: pgfcorepathprocessing.code.tex 2023-01-15 v3.1.10 (3.1.10)
)
(C:\Users\moise\AppData\Local\Programs\MiKTeX\tex/generic/pgf/basiclayer\pgfcor
earrows.code.tex
File: pgfcorearrows.code.tex 2023-01-15 v3.1.10 (3.1.10)
\pgfarrowsep=\dimen292
)
(C:\Users\moise\AppData\Local\Programs\MiKTeX\tex/generic/pgf/basiclayer\pgfcor
eshade.code.tex
File: pgfcoreshade.code.tex 2023-01-15 v3.1.10 (3.1.10)
\pgf@max=\dimen293
\pgf@sys@shading@range@num=\count320
\pgf@shadingcount=\count321
)
(C:\Users\moise\AppData\Local\Programs\MiKTeX\tex/generic/pgf/basiclayer\pgfcor
eimage.code.tex
File: pgfcoreimage.code.tex 2023-01-15 v3.1.10 (3.1.10)
)
(C:\Users\moise\AppData\Local\Programs\MiKTeX\tex/generic/pgf/basiclayer\pgfcor
eexternal.code.tex
File: pgfcoreexternal.code.tex 2023-01-15 v3.1.10 (3.1.10)
\pgfexternal@startupbox=\box106
)
(C:\Users\moise\AppData\Local\Programs\MiKTeX\tex/generic/pgf/basiclayer\pgfcor
elayers.code.tex
File: pgfcorelayers.code.tex 2023-01-15 v3.1.10 (3.1.10)
)
(C:\Users\moise\AppData\Local\Programs\MiKTeX\tex/generic/pgf/basiclayer\pgfcor
etransparency.code.tex
File: pgfcoretransparency.code.tex 2023-01-15 v3.1.10 (3.1.10)
)
(C:\Users\moise\AppData\Local\Programs\MiKTeX\tex/generic/pgf/basiclayer\pgfcor
epatterns.code.tex
File: pgfcorepatterns.code.tex 2023-01-15 v3.1.10 (3.1.10)
)
(C:\Users\moise\AppData\Local\Programs\MiKTeX\tex/generic/pgf/basiclayer\pgfcor
erdf.code.tex
File: pgfcorerdf.code.tex 2023-01-15 v3.1.10 (3.1.10)
)))
(C:\Users\moise\AppData\Local\Programs\MiKTeX\tex/generic/pgf/modules\pgfmodule
shapes.code.tex
File: pgfmoduleshapes.code.tex 2023-01-15 v3.1.10 (3.1.10)
\pgfnodeparttextbox=\box107
)
(C:\Users\moise\AppData\Local\Programs\MiKTeX\tex/generic/pgf/modules\pgfmodule
plot.code.tex
File: pgfmoduleplot.code.tex 2023-01-15 v3.1.10 (3.1.10)
)
(C:\Users\moise\AppData\Local\Programs\MiKTeX\tex/latex/pgf/compatibility\pgfco
mp-version-0-65.sty
Package: pgfcomp-version-0-65 2023-01-15 v3.1.10 (3.1.10)
\pgf@nodesepstart=\dimen294
\pgf@nodesepend=\dimen295
)
(C:\Users\moise\AppData\Local\Programs\MiKTeX\tex/latex/pgf/compatibility\pgfco
mp-version-1-18.sty
Package: pgfcomp-version-1-18 2023-01-15 v3.1.10 (3.1.10)
))
(C:\Users\moise\AppData\Local\Programs\MiKTeX\tex/latex/pgf/utilities\pgffor.st
y
(C:\Users\moise\AppData\Local\Programs\MiKTeX\tex/latex/pgf/utilities\pgfkeys.s
ty
(C:\Users\moise\AppData\Local\Programs\MiKTeX\tex/generic/pgf/utilities\pgfkeys
.code.tex))
(C:\Users\moise\AppData\Local\Programs\MiKTeX\tex/latex/pgf/math\pgfmath.sty
(C:\Users\moise\AppData\Local\Programs\MiKTeX\tex/generic/pgf/math\pgfmath.code
.tex))
(C:\Users\moise\AppData\Local\Programs\MiKTeX\tex/generic/pgf/utilities\pgffor.
code.tex
Package: pgffor 2023-01-15 v3.1.10 (3.1.10)
\pgffor@iter=\dimen296
\pgffor@skip=\dimen297
\pgffor@stack=\toks35
\pgffor@toks=\toks36
))
(C:\Users\moise\AppData\Local\Programs\MiKTeX\tex/generic/pgf/frontendlayer/tik
z\tikz.code.tex
Package: tikz 2023-01-15 v3.1.10 (3.1.10)

(C:\Users\moise\AppData\Local\Programs\MiKTeX\tex/generic/pgf/libraries\pgflibr
aryplothandlers.code.tex
File: pgflibraryplothandlers.code.tex 2023-01-15 v3.1.10 (3.1.10)
\pgf@plot@mark@count=\count322
\pgfplotmarksize=\dimen298
)
\tikz@lastx=\dimen299
\tikz@lasty=\dimen300
\tikz@lastxsaved=\dimen301
\tikz@lastysaved=\dimen302
\tikz@lastmovetox=\dimen303
\tikz@lastmovetoy=\dimen304
\tikzleveldistance=\dimen305
\tikzsiblingdistance=\dimen306
\tikz@figbox=\box108
\tikz@figbox@bg=\box109
\tikz@tempbox=\box110
\tikz@tempbox@bg=\box111
\tikztreelevel=\count323
\tikznumberofchildren=\count324
\tikznumberofcurrentchild=\count325
\tikz@fig@count=\count326

(C:\Users\moise\AppData\Local\Programs\MiKTeX\tex/generic/pgf/modules\pgfmodule
matrix.code.tex
File: pgfmodulematrix.code.tex 2023-01-15 v3.1.10 (3.1.10)
\pgfmatrixcurrentrow=\count327
\pgfmatrixcurrentcolumn=\count328
\pgf@matrix@numberofcolumns=\count329
)
\tikz@expandcount=\count330

(C:\Users\moise\AppData\Local\Programs\MiKTeX\tex/generic/pgf/frontendlayer/tik
z/libraries\tikzlibrarytopaths.code.tex
File: tikzlibrarytopaths.code.tex 2023-01-15 v3.1.10 (3.1.10)
)))
(C:\Users\moise\AppData\Local\Programs\MiKTeX\tex/generic/pgfplots\pgfplots.cod
e.tex
(C:\Users\moise\AppData\Local\Programs\MiKTeX\tex/generic/pgfplots\pgfplotscore
.code.tex
\t@pgfplots@toka=\toks37
\t@pgfplots@tokb=\toks38
\t@pgfplots@tokc=\toks39
\pgfplots@tmpa=\dimen307
\c@pgfplots@coordindex=\count331
\c@pgfplots@scanlineindex=\count332

(C:\Users\moise\AppData\Local\Programs\MiKTeX\tex/generic/pgfplots/sys\pgfplots
sysgeneric.code.tex))
(C:\Users\moise\AppData\Local\Programs\MiKTeX\tex/generic/pgfplots/libs\pgfplot
slibrary.code.tex)
(C:\Users\moise\AppData\Local\Programs\MiKTeX\tex/generic/pgfplots/oldpgfcompat
ib\pgfplotsoldpgfsupp_loader.code.tex
(C:\Users\moise\AppData\Local\Programs\MiKTeX\tex/generic/pgf/libraries\pgflibr
aryfpu.code.tex)
Package pgfplots: loading complementary utilities for your pgf version...
\t@pgf@toka=\toks40
\t@pgf@tokb=\toks41
\t@pgf@tokc=\toks42

(C:\Users\moise\AppData\Local\Programs\MiKTeX\tex/generic/pgfplots/oldpgfcompat
ib\pgfplotsoldpgfsupp_pgfutil-common-lists.tex))
(C:\Users\moise\AppData\Local\Programs\MiKTeX\tex/generic/pgfplots/util\pgfplot
sutil.code.tex
(C:\Users\moise\AppData\Local\Programs\MiKTeX\tex/generic/pgfplots/liststructur
e\pgfplotsliststructure.code.tex)
(C:\Users\moise\AppData\Local\Programs\MiKTeX\tex/generic/pgfplots/liststructur
e\pgfplotsliststructureext.code.tex)
(C:\Users\moise\AppData\Local\Programs\MiKTeX\tex/generic/pgfplots/liststructur
e\pgfplotsarray.code.tex
\c@pgfplotsarray@tmp=\count333
)
(C:\Users\moise\AppData\Local\Programs\MiKTeX\tex/generic/pgfplots/liststructur
e\pgfplotsmatrix.code.tex)
(C:\Users\moise\AppData\Local\Programs\MiKTeX\tex/generic/pgfplots/numtable\pgf
plotstableshared.code.tex
\c@pgfplotstable@counta=\count334
\t@pgfplotstable@a=\toks43
)
(C:\Users\moise\AppData\Local\Programs\MiKTeX\tex/generic/pgfplots/liststructur
e\pgfplotsdeque.code.tex)
(C:\Users\moise\AppData\Local\Programs\MiKTeX\tex/generic/pgfplots/util\pgfplot
sbinary.code.tex
(C:\Users\moise\AppData\Local\Programs\MiKTeX\tex/generic/pgfplots/util\pgfplot
sbinary.data.code.tex))
(C:\Users\moise\AppData\Local\Programs\MiKTeX\tex/generic/pgfplots/util\pgfplot
sutil.verb.code.tex)
(C:\Users\moise\AppData\Local\Programs\MiKTeX\tex/generic/pgfplots/libs\pgflibr
arypgfplots.surfshading.code.tex
\c@pgfplotslibrarysurf@no=\count335

(C:\Users\moise\AppData\Local\Programs\MiKTeX\tex/generic/pgfplots/sys\pgflibra
rypgfplots.surfshading.pgfsys-pdftex.def)))
(C:\Users\moise\AppData\Local\Programs\MiKTeX\tex/generic/pgfplots/util\pgfplot
scolormap.code.tex
(C:\Users\moise\AppData\Local\Programs\MiKTeX\tex/generic/pgfplots/util\pgfplot
scolor.code.tex))
(C:\Users\moise\AppData\Local\Programs\MiKTeX\tex/generic/pgfplots\pgfplotsstac
kedplots.code.tex)
(C:\Users\moise\AppData\Local\Programs\MiKTeX\tex/generic/pgfplots\pgfplotsplot
handlers.code.tex
(C:\Users\moise\AppData\Local\Programs\MiKTeX\tex/generic/pgfplots\pgfplotsmesh
plothandler.code.tex
(C:\Users\moise\AppData\Local\Programs\MiKTeX\tex/generic/pgfplots\pgfplotsmesh
plotimage.code.tex)))
(C:\Users\moise\AppData\Local\Programs\MiKTeX\tex/generic/pgfplots\pgfplots.sca
ling.code.tex)
(C:\Users\moise\AppData\Local\Programs\MiKTeX\tex/generic/pgfplots\pgfplotscoor
dprocessing.code.tex)
(C:\Users\moise\AppData\Local\Programs\MiKTeX\tex/generic/pgfplots\pgfplots.err
orbars.code.tex)
(C:\Users\moise\AppData\Local\Programs\MiKTeX\tex/generic/pgfplots\pgfplots.mar
kers.code.tex)
(C:\Users\moise\AppData\Local\Programs\MiKTeX\tex/generic/pgfplots\pgfplotstick
s.code.tex)
(C:\Users\moise\AppData\Local\Programs\MiKTeX\tex/generic/pgfplots\pgfplots.pat
hs.code.tex)
(C:\Users\moise\AppData\Local\Programs\MiKTeX\tex/generic/pgf/frontendlayer/tik
z/libraries\tikzlibrarydecorations.code.tex
(C:\Users\moise\AppData\Local\Programs\MiKTeX\tex/generic/pgf/modules\pgfmodule
decorations.code.tex
\pgfdecoratedcompleteddistance=\dimen308
\pgfdecoratedremainingdistance=\dimen309
\pgfdecoratedinputsegmentcompleteddistance=\dimen310
\pgfdecoratedinputsegmentremainingdistance=\dimen311
\pgf@decorate@distancetomove=\dimen312
\pgf@decorate@repeatstate=\count336
\pgfdecorationsegmentamplitude=\dimen313
\pgfdecorationsegmentlength=\dimen314
)
\tikz@lib@dec@box=\box112
)
(C:\Users\moise\AppData\Local\Programs\MiKTeX\tex/generic/pgf/frontendlayer/tik
z/libraries\tikzlibrarydecorations.pathmorphing.code.tex
(C:\Users\moise\AppData\Local\Programs\MiKTeX\tex/generic/pgf/libraries/decorat
ions\pgflibrarydecorations.pathmorphing.code.tex))
(C:\Users\moise\AppData\Local\Programs\MiKTeX\tex/generic/pgf/frontendlayer/tik
z/libraries\tikzlibrarydecorations.pathreplacing.code.tex
(C:\Users\moise\AppData\Local\Programs\MiKTeX\tex/generic/pgf/libraries/decorat
ions\pgflibrarydecorations.pathreplacing.code.tex))
(C:\Users\moise\AppData\Local\Programs\MiKTeX\tex/generic/pgfplots/libs\tikzlib
rarypgfplots.contourlua.code.tex)
\pgfplots@numplots=\count337
\pgfplots@xmin@reg=\dimen315
\pgfplots@xmax@reg=\dimen316
\pgfplots@ymin@reg=\dimen317
\pgfplots@ymax@reg=\dimen318
\pgfplots@zmin@reg=\dimen319
\pgfplots@zmax@reg=\dimen320
)
(C:\Users\moise\AppData\Local\Programs\MiKTeX\tex/generic/pgf/frontendlayer/tik
z/libraries\tikzlibraryplotmarks.code.tex
File: tikzlibraryplotmarks.code.tex 2023-01-15 v3.1.10 (3.1.10)

(C:\Users\moise\AppData\Local\Programs\MiKTeX\tex/generic/pgf/libraries\pgflibr
aryplotmarks.code.tex
File: pgflibraryplotmarks.code.tex 2023-01-15 v3.1.10 (3.1.10)
)))
(C:\Users\moise\AppData\Local\Programs\MiKTeX\tex/latex/url\url.sty
\Urlmuskip=\muskip17
Package: url 2013/09/16  ver 3.4  Verb mode for urls, etc.
)
(C:\Users\moise\AppData\Local\Programs\MiKTeX\tex/latex/cancel\cancel.sty
Package: cancel 2013/04/12 v2.2 Cancel math terms
)
\@indexfile=\write4
\openout4 = `main.idx'.


Writing index file main.idx
LaTeX Font Info:    Trying to load font information for OT1+ptm on input line 5
6.
(C:\Users\moise\AppData\Local\Programs\MiKTeX\tex/latex/psnfss\ot1ptm.fd
File: ot1ptm.fd 2001/06/04 font definitions for OT1/ptm.
)
(C:\Users\moise\AppData\Local\Programs\MiKTeX\tex/latex/l3backend\l3backend-pdf
tex.def
File: l3backend-pdftex.def 2024-01-04 L3 backend support: PDF output (pdfTeX)
\l__color_backend_stack_int=\count338
\l__pdf_internal_box=\box113
) (main.aux (ch01.aux) (ch02.aux) (ch03.aux) (ch04.aux) (ch05.aux)
(ch06.aux) (ch07.aux) (ch08.aux) (ch09.aux) (ch10.aux) (ch11.aux) (ch12.aux)
(ch13.aux) (ch14.aux) (ch15.aux) (ch16.aux) (ch17.aux) (ch18.aux) (ch19.aux)
(ch20.aux) (ch21.aux) (ch22.aux) (ch23.aux) (ch24.aux) (ch25.aux) (referenc.aux
))
\openout1 = `main.aux'.

LaTeX Font Info:    Checking defaults for OML/cmm/m/it on input line 56.
LaTeX Font Info:    ... okay on input line 56.
LaTeX Font Info:    Checking defaults for OMS/cmsy/m/n on input line 56.
LaTeX Font Info:    ... okay on input line 56.
LaTeX Font Info:    Checking defaults for OT1/cmr/m/n on input line 56.
LaTeX Font Info:    ... okay on input line 56.
LaTeX Font Info:    Checking defaults for T1/cmr/m/n on input line 56.
LaTeX Font Info:    ... okay on input line 56.
LaTeX Font Info:    Checking defaults for TS1/cmr/m/n on input line 56.
LaTeX Font Info:    ... okay on input line 56.
LaTeX Font Info:    Checking defaults for OMX/cmex/m/n on input line 56.
LaTeX Font Info:    ... okay on input line 56.
LaTeX Font Info:    Checking defaults for U/cmr/m/n on input line 56.
LaTeX Font Info:    ... okay on input line 56.

(C:\Users\moise\AppData\Local\Programs\MiKTeX\tex/context/base/mkii\supp-pdf.mk
ii
[Loading MPS to PDF converter (version 2006.09.02).]
\scratchcounter=\count339
\scratchdimen=\dimen321
\scratchbox=\box114
\nofMPsegments=\count340
\nofMParguments=\count341
\everyMPshowfont=\toks44
\MPscratchCnt=\count342
\MPscratchDim=\dimen322
\MPnumerator=\count343
\makeMPintoPDFobject=\count344
\everyMPtoPDFconversion=\toks45
)
(C:\Users\moise\AppData\Local\Programs\MiKTeX\tex/latex/epstopdf-pkg\epstopdf-b
ase.sty
Package: epstopdf-base 2020-01-24 v2.11 Base part for package epstopdf
Package epstopdf-base Info: Redefining graphics rule for `.eps' on input line 4
85.

(C:\Users\moise\AppData\Local\Programs\MiKTeX\tex/latex/00miktex\epstopdf-sys.c
fg
File: epstopdf-sys.cfg 2021/03/18 v2.0 Configuration of epstopdf for MiKTeX
))
Package pgfplots notification 'compat/show suggested version=true': you might b
enefit from \pgfplotsset{compat=1.18} (current compat level: 1.17).

[1

{C:/Users/moise/AppData/Local/MiKTeX/fonts/map/pdftex/pdftex.map}{C:/Users/mois
e/AppData/Local/Programs/MiKTeX/fonts/enc/dvips/base/8r.enc}] [2


]

Package mathptmx Warning: There are no bold math fonts on input line 69.

(main.toc
LaTeX Font Info:    Trying to load font information for OT1+ztmcm on input line
 1.

(C:\Users\moise\AppData\Local\Programs\MiKTeX\tex/latex/psnfss\ot1ztmcm.fd
File: ot1ztmcm.fd 2000/01/03 Fontinst v1.801 font definitions for OT1/ztmcm.
)
LaTeX Font Info:    Trying to load font information for OML+ztmcm on input line
 1.

(C:\Users\moise\AppData\Local\Programs\MiKTeX\tex/latex/psnfss\omlztmcm.fd
File: omlztmcm.fd 2000/01/03 Fontinst v1.801 font definitions for OML/ztmcm.
)
LaTeX Font Info:    Trying to load font information for OMS+ztmcm on input line
 1.

(C:\Users\moise\AppData\Local\Programs\MiKTeX\tex/latex/psnfss\omsztmcm.fd
File: omsztmcm.fd 2000/01/03 Fontinst v1.801 font definitions for OMS/ztmcm.
)
LaTeX Font Info:    Trying to load font information for OMX+ztmcm on input line
 1.

(C:\Users\moise\AppData\Local\Programs\MiKTeX\tex/latex/psnfss\omxztmcm.fd
File: omxztmcm.fd 2000/01/03 Fontinst v1.801 font definitions for OMX/ztmcm.
)
LaTeX Font Info:    Font shape `OT1/ptm/bx/n' in size <10> not available
(Font)              Font shape `OT1/ptm/b/n' tried instead on input line 1.
LaTeX Font Info:    Font shape `OT1/ptm/bx/n' in size <7.4> not available
(Font)              Font shape `OT1/ptm/b/n' tried instead on input line 1.
LaTeX Font Info:    Font shape `OT1/ptm/bx/n' in size <6> not available
(Font)              Font shape `OT1/ptm/b/n' tried instead on input line 1.

[5


] [6] [7] [8] [9])
\tf@toc=\write5
\openout5 = `main.toc'.

 [10]
\openout2 = `ch01.aux'.

 (ch01.tex
Chapter 1.
[1





] [2] [3] [4] [5]) [6]
\openout2 = `ch02.aux'.

 (ch02.tex
Chapter 2.
[7





] [8]
<Figures/fig-02.01.pdf, id=63, 289.08pt x 289.08pt>
File: Figures/fig-02.01.pdf Graphic file (type pdf)
<use Figures/fig-02.01.pdf>
Package pdftex.def Info: Figures/fig-02.01.pdf  used on input line 53.
(pdftex.def)             Requested size: 144.54pt x 144.53964pt.
 [9] [10 <./Figures/fig-02.01.pdf>]
<Figures/fig-02.02.pdf, id=80, 462.52798pt x 346.89601pt>
File: Figures/fig-02.02.pdf Graphic file (type pdf)
<use Figures/fig-02.02.pdf>
Package pdftex.def Info: Figures/fig-02.02.pdf  used on input line 101.
(pdftex.def)             Requested size: 216.81pt x 162.6071pt.
LaTeX Font Info:    Calculating math sizes for size <8.5> on input line 102.
LaTeX Font Info:    Font shape `OT1/ptm/bx/n' in size <8.5> not available
(Font)              Font shape `OT1/ptm/b/n' tried instead on input line 102.
LaTeX Font Info:    Font shape `OT1/ptm/bx/n' in size <6.29004> not available
(Font)              Font shape `OT1/ptm/b/n' tried instead on input line 102.
LaTeX Font Info:    Font shape `OT1/ptm/bx/n' in size <5.10005> not available
(Font)              Font shape `OT1/ptm/b/n' tried instead on input line 102.
 [11 <./Figures/fig-02.02.pdf>]
<Figures/fig-02.03.pdf, id=107, 462.52798pt x 346.89601pt>
File: Figures/fig-02.03.pdf Graphic file (type pdf)
<use Figures/fig-02.03.pdf>
Package pdftex.def Info: Figures/fig-02.03.pdf  used on input line 122.
(pdftex.def)             Requested size: 216.81pt x 162.6071pt.

[12 <./Figures/fig-02.03.pdf>]
<Figures/fig-02.04.pdf, id=134, 289.08pt x 289.08pt>
File: Figures/fig-02.04.pdf Graphic file (type pdf)
<use Figures/fig-02.04.pdf>
Package pdftex.def Info: Figures/fig-02.04.pdf  used on input line 143.
(pdftex.def)             Requested size: 144.54pt x 144.53964pt.
 [13 <./Figures/fig-02.04.pdf>] [14] [15]
LaTeX Font Info:    Trying to load font information for TS1+ptm on input line 2
34.

(C:\Users\moise\AppData\Local\Programs\MiKTeX\tex/latex/psnfss\ts1ptm.fd
File: ts1ptm.fd 2001/06/04 font definitions for TS1/ptm.
)
[16]) [17]
\openout2 = `ch03.aux'.

 (ch03.tex [18





]
Chapter 3.
[19] [20] [21] [22]) [23]
\openout2 = `ch04.aux'.

 (ch04.tex [24





]
Chapter 4.
[25] [26] [27] [28] [29] [30]) [31]
\openout2 = `ch05.aux'.

 (ch05.tex [32





]
Chapter 5.
[33] [34] [35]) [36]
\openout2 = `ch06.aux'.

 (ch06.tex
Chapter 6.
[37





]
<Figures/fig-06.01.pdf, id=231, 462.52798pt x 346.89601pt>
File: Figures/fig-06.01.pdf Graphic file (type pdf)
<use Figures/fig-06.01.pdf>
Package pdftex.def Info: Figures/fig-06.01.pdf  used on input line 37.
(pdftex.def)             Requested size: 216.81pt x 162.6071pt.
 [38] [39 <./Figures/fig-06.01.pdf>] [40]
Overfull \hbox (8.80861pt too wide) in paragraph at lines 105--106
\OT1/ptm/m/n/10 Find the steady states and char-ac-ter-ize their sta-bil-ity fo
r the fol-low-ing one-dimensional
 []

[41]) [42]
\openout2 = `ch07.aux'.

 (ch07.tex
Chapter 7.
[43





] [44] [45] [46] [47]) [48]
\openout2 = `ch08.aux'.

 (ch08.tex
Chapter 8.
[49





] [50] [51]
<Figures/fig-08.01.pdf, id=293, 462.52798pt x 346.89601pt>
File: Figures/fig-08.01.pdf Graphic file (type pdf)
<use Figures/fig-08.01.pdf>
Package pdftex.def Info: Figures/fig-08.01.pdf  used on input line 78.
(pdftex.def)             Requested size: 216.81pt x 162.6071pt.
 [52]
<Figures/fig-08.02.pdf, id=297, 578.16pt x 433.62pt>
File: Figures/fig-08.02.pdf Graphic file (type pdf)
<use Figures/fig-08.02.pdf>
Package pdftex.def Info: Figures/fig-08.02.pdf  used on input line 93.
(pdftex.def)             Requested size: 216.81pt x 162.6071pt.
 [53 <./Figures/fig-08.01.pdf>] [54 <./Figures/fig-08.02.pdf>]) [55]
\openout2 = `ch09.aux'.

 (ch09.tex [56





]
Chapter 9.
[57]
<Figures/fig-09.01.pdf, id=347, 462.52798pt x 346.89601pt>
File: Figures/fig-09.01.pdf Graphic file (type pdf)
<use Figures/fig-09.01.pdf>
Package pdftex.def Info: Figures/fig-09.01.pdf  used on input line 35.
(pdftex.def)             Requested size: 216.81pt x 162.6071pt.
 [58 <./Figures/fig-09.01.pdf>] [59]
<Figures/fig-09.02.pdf, id=370, 462.52798pt x 346.89601pt>
File: Figures/fig-09.02.pdf Graphic file (type pdf)
<use Figures/fig-09.02.pdf>
Package pdftex.def Info: Figures/fig-09.02.pdf  used on input line 63.
(pdftex.def)             Requested size: 216.81pt x 162.6071pt.

Overfull \hbox (3.83945pt too wide) in paragraph at lines 74--75
\OT1/ptm/m/n/10 model: in-creased back-ground mor-tal-ity and an Allee ef-fect.
 By in-cor-po-rat-ing density-
 []

[60 <./Figures/fig-09.02.pdf>]) [61]
\openout2 = `ch10.aux'.

 (ch10.tex [62





]
Chapter 10.
[63]
Overfull \hbox (2.57947pt too wide) in paragraph at lines 32--33
[]\OT1/ptm/m/n/10 By elu-ci-dat-ing analo-gies be-tween con-tin-u-ous and dis-c
rete rep-re-sen-ta-tions through
 []

[64] [65] [66] [67]
Overfull \hbox (18.91939pt too wide) in paragraph at lines 108--109
\OT1/ptm/m/n/10 col-lab-o-ra-tions un-cov-ered new di-men-sions of in-tri-cacy 
even within classically-understood
 []

[68]) [69]
\openout2 = `ch11.aux'.

 (ch11.tex [70





]
Chapter 11.
[71] [72] [73] [74]
<Figures/fig-11.01.pdf, id=438, 433.62pt x 433.62pt>
File: Figures/fig-11.01.pdf Graphic file (type pdf)
<use Figures/fig-11.01.pdf>
Package pdftex.def Info: Figures/fig-11.01.pdf  used on input line 132.
(pdftex.def)             Requested size: 216.81pt x 216.80946pt.
<Figures/fig-11.02.I.pdf, id=439, 433.62pt x 433.62pt>
File: Figures/fig-11.02.I.pdf Graphic file (type pdf)
<use Figures/fig-11.02.I.pdf>
Package pdftex.def Info: Figures/fig-11.02.I.pdf  used on input line 144.
(pdftex.def)             Requested size: 108.405pt x 108.40472pt.
<Figures/fig-11.02.II.pdf, id=440, 433.62pt x 433.62pt>
File: Figures/fig-11.02.II.pdf Graphic file (type pdf)
<use Figures/fig-11.02.II.pdf>
Package pdftex.def Info: Figures/fig-11.02.II.pdf  used on input line 147.
(pdftex.def)             Requested size: 108.405pt x 108.40472pt.
<Figures/fig-11.02.V.pdf, id=441, 433.62pt x 433.62pt>
File: Figures/fig-11.02.V.pdf Graphic file (type pdf)
<use Figures/fig-11.02.V.pdf>
Package pdftex.def Info: Figures/fig-11.02.V.pdf  used on input line 150.
(pdftex.def)             Requested size: 108.405pt x 108.40472pt.
 [75 <./Figures/fig-11.01.pdf>] [76 <./Figures/fig-11.02.I.pdf> <./Figures/fig-
11.02.II.pdf> <./Figures/fig-11.02.V.pdf>]
<Figures/fig-11.03.III.pdf, id=468, 433.62pt x 433.62pt>
File: Figures/fig-11.03.III.pdf Graphic file (type pdf)
<use Figures/fig-11.03.III.pdf>
Package pdftex.def Info: Figures/fig-11.03.III.pdf  used on input line 172.
(pdftex.def)             Requested size: 108.405pt x 108.40472pt.
<Figures/fig-11.03.IV.pdf, id=469, 433.62pt x 433.62pt>
File: Figures/fig-11.03.IV.pdf Graphic file (type pdf)
<use Figures/fig-11.03.IV.pdf>
Package pdftex.def Info: Figures/fig-11.03.IV.pdf  used on input line 175.
(pdftex.def)             Requested size: 108.405pt x 108.40472pt.
 [77 <./Figures/fig-11.03.III.pdf> <./Figures/fig-11.03.IV.pdf>]) [78]
\openout2 = `ch12.aux'.

 (ch12.tex
Chapter 12.
[79





] [80] [81] [82]) [83]
\openout2 = `ch13.aux'.

 (ch13.tex [84





]
Chapter 13.
[85] [86] [87] [88]
<Figures/fig-13.01.A.pdf, id=510, 433.62pt x 433.62pt>
File: Figures/fig-13.01.A.pdf Graphic file (type pdf)
<use Figures/fig-13.01.A.pdf>
Package pdftex.def Info: Figures/fig-13.01.A.pdf  used on input line 156.
(pdftex.def)             Requested size: 144.54pt x 144.53743pt.
<Figures/fig-13.01.B.pdf, id=511, 433.62pt x 433.62pt>
File: Figures/fig-13.01.B.pdf Graphic file (type pdf)
<use Figures/fig-13.01.B.pdf>
Package pdftex.def Info: Figures/fig-13.01.B.pdf  used on input line 160.
(pdftex.def)             Requested size: 144.54pt x 144.53743pt.
<Figures/fig-13.01.C.pdf, id=512, 433.62pt x 433.62pt>
File: Figures/fig-13.01.C.pdf Graphic file (type pdf)
<use Figures/fig-13.01.C.pdf>
Package pdftex.def Info: Figures/fig-13.01.C.pdf  used on input line 164.
(pdftex.def)             Requested size: 144.54pt x 144.53743pt.
<Figures/fig-13.01.D.pdf, id=513, 433.62pt x 433.62pt>
File: Figures/fig-13.01.D.pdf Graphic file (type pdf)
<use Figures/fig-13.01.D.pdf>
Package pdftex.def Info: Figures/fig-13.01.D.pdf  used on input line 168.
(pdftex.def)             Requested size: 144.54pt x 144.53743pt.
 [89] [90 <./Figures/fig-13.01.A.pdf> <./Figures/fig-13.01.B.pdf> <./Figures/fi
g-13.01.C.pdf> <./Figures/fig-13.01.D.pdf>]) [91]
\openout2 = `ch14.aux'.

 (ch14.tex
[92





]
Chapter 14.
[93]
<Figures/fig-14.01.pdf, id=628, 433.62pt x 144.54pt>
File: Figures/fig-14.01.pdf Graphic file (type pdf)
<use Figures/fig-14.01.pdf>
Package pdftex.def Info: Figures/fig-14.01.pdf  used on input line 36.
(pdftex.def)             Requested size: 216.81pt x 72.2698pt.


LaTeX Warning: `!h' float specifier changed to `!ht'.

[94] [95 <./Figures/fig-14.01.pdf>] [96]
<Figures/fig-14.02.pdf, id=659, 722.7pt x 289.08pt>
File: Figures/fig-14.02.pdf Graphic file (type pdf)
<use Figures/fig-14.02.pdf>
Package pdftex.def Info: Figures/fig-14.02.pdf  used on input line 138.
(pdftex.def)             Requested size: 289.07999pt x 115.62994pt.
 [97] [98 <./Figures/fig-14.02.pdf>])
[99] [100]
\openout2 = `ch15.aux'.

 (ch15.tex
Chapter 15.
[101





] [102]
Overfull \hbox (2.08931pt too wide) in paragraph at lines 42--43
[]\OT1/ptm/m/n/10 When con-sid-er-ing evo-lu-tion-ary re-quire-ments, it be-com
es clear that sim-ply shrink-
 []

[103]) [104]
\openout2 = `ch16.aux'.

 (ch16.tex
Chapter 16.
[105





] [106] [107] [108]) [109]
\openout2 = `ch17.aux'.

 (ch17.tex [110





]
Chapter 17.
[111] [112] [113] [114] [115] [116] [117]) [118]
\openout2 = `ch18.aux'.

 (ch18.tex
Chapter 18.
[119





]
<Figures/fig-18.01.pdf, id=753, 462.52798pt x 346.89601pt>
File: Figures/fig-18.01.pdf Graphic file (type pdf)
<use Figures/fig-18.01.pdf>
Package pdftex.def Info: Figures/fig-18.01.pdf  used on input line 40.
(pdftex.def)             Requested size: 216.81pt x 162.6071pt.
 [120]
<Figures/fig-18.02.pdf, id=757, 462.52798pt x 346.89601pt>
File: Figures/fig-18.02.pdf Graphic file (type pdf)
<use Figures/fig-18.02.pdf>
Package pdftex.def Info: Figures/fig-18.02.pdf  used on input line 68.
(pdftex.def)             Requested size: 289.07999pt x 216.82005pt.
 [121 <./Figures/fig-18.01.pdf>] [122 <./Figures/fig-18.02.pdf>]
<Figures/fig-18.03.pdf, id=784, 144.90135pt x 155.41953pt>
File: Figures/fig-18.03.pdf Graphic file (type pdf)
<use Figures/fig-18.03.pdf>
Package pdftex.def Info: Figures/fig-18.03.pdf  used on input line 97.
(pdftex.def)             Requested size: 108.405pt x 116.27502pt.

[123 <./Figures/fig-18.03.pdf>] [124]) [125]
\openout2 = `ch19.aux'.

 (ch19.tex [126





]
Chapter 19.
[127] [128]
<Figures/fig-19.01.pdf, id=813, 433.62pt x 433.62pt>
File: Figures/fig-19.01.pdf Graphic file (type pdf)
<use Figures/fig-19.01.pdf>
Package pdftex.def Info: Figures/fig-19.01.pdf  used on input line 46.
(pdftex.def)             Requested size: 216.81pt x 216.80946pt.
 [129 <./Figures/fig-19.01.pdf>]
<Figures/fig-19.02.A.pdf, id=849, 433.62pt x 433.62pt>
File: Figures/fig-19.02.A.pdf Graphic file (type pdf)
<use Figures/fig-19.02.A.pdf>
Package pdftex.def Info: Figures/fig-19.02.A.pdf  used on input line 82.
(pdftex.def)             Requested size: 144.54pt x 144.53743pt.
<Figures/fig-19.02.B.pdf, id=850, 433.62pt x 433.62pt>
File: Figures/fig-19.02.B.pdf Graphic file (type pdf)
<use Figures/fig-19.02.B.pdf>
Package pdftex.def Info: Figures/fig-19.02.B.pdf  used on input line 86.
(pdftex.def)             Requested size: 144.54pt x 144.53743pt.
 [130]
<Figures/fig-19.03.pdf, id=854, 433.62pt x 433.62pt>
File: Figures/fig-19.03.pdf Graphic file (type pdf)
<use Figures/fig-19.03.pdf>
Package pdftex.def Info: Figures/fig-19.03.pdf  used on input line 101.
(pdftex.def)             Requested size: 216.81pt x 216.80946pt.


LaTeX Warning: `h' float specifier changed to `ht'.

[131 <./Figures/fig-19.02.A.pdf> <./Figures/fig-19.02.B.pdf>] [132 <./Figures/f
ig-19.03.pdf>]) [133]
\openout2 = `ch20.aux'.

 (ch20.tex [134





]
Chapter 20.
[135]
<Figures/fig-20.01.pdf, id=977, 473.2661pt x 231.62535pt>
File: Figures/fig-20.01.pdf Graphic file (type pdf)
<use Figures/fig-20.01.pdf>
Package pdftex.def Info: Figures/fig-20.01.pdf  used on input line 31.
(pdftex.def)             Requested size: 216.81pt x 106.11423pt.
 [136] [137 <./Figures/fig-20.01.pdf>] [138]
<Figures/fig-20.02.pdf, id=1002, 433.62pt x 433.62pt>
File: Figures/fig-20.02.pdf Graphic file (type pdf)
<use Figures/fig-20.02.pdf>
Package pdftex.def Info: Figures/fig-20.02.pdf  used on input line 95.
(pdftex.def)             Requested size: 216.81pt x 216.80946pt.
 [139] [140 <./Figures/fig-20.02.pdf>]
<Figures/fig-20.03.A.pdf, id=1034, 433.62pt x 433.62pt>
File: Figures/fig-20.03.A.pdf Graphic file (type pdf)
<use Figures/fig-20.03.A.pdf>
Package pdftex.def Info: Figures/fig-20.03.A.pdf  used on input line 125.
(pdftex.def)             Requested size: 144.54pt x 144.53743pt.
<Figures/fig-20.03.B.pdf, id=1035, 433.62pt x 433.62pt>
File: Figures/fig-20.03.B.pdf Graphic file (type pdf)
<use Figures/fig-20.03.B.pdf>
Package pdftex.def Info: Figures/fig-20.03.B.pdf  used on input line 129.
(pdftex.def)             Requested size: 144.54pt x 144.53743pt.
 [141 <./Figures/fig-20.03.A.pdf> <./Figures/fig-20.03.B.pdf>]
<Figures/fig-20.04.pdf, id=1097, 433.62pt x 433.62pt>
File: Figures/fig-20.04.pdf Graphic file (type pdf)
<use Figures/fig-20.04.pdf>
Package pdftex.def Info: Figures/fig-20.04.pdf  used on input line 146.
(pdftex.def)             Requested size: 216.81pt x 216.80946pt.


LaTeX Warning: `h' float specifier changed to `ht'.

[142] [143 <./Figures/fig-20.04.pdf>]) [144]
\openout2 = `ch21.aux'.

 (ch21.tex
Chapter 21.
[145





]
<Figures/fig-21.01.pdf, id=1142, 182.74673pt x 141.68935pt>
File: Figures/fig-21.01.pdf Graphic file (type pdf)
<use Figures/fig-21.01.pdf>
Package pdftex.def Info: Figures/fig-21.01.pdf  used on input line 31.
(pdftex.def)             Requested size: 108.405pt x 84.05pt.
 [146 <./Figures/fig-21.01.pdf>] [147] [148] [149] [150] [151]) [152]
\openout2 = `ch22.aux'.


(ch22.tex
Chapter 22.
[153





] [154] [155] [156] [157]) [158] [159]
\openout2 = `ch23.aux'.

 (ch23.tex [160





]
Chapter 23.
[161] [162]) [163]
\openout2 = `ch24.aux'.

 (ch24.tex [164





]
Chapter 24.
[165] [166] [167] [168] [169] [170] [171]
<Figures/fig-24.01.pdf, id=1242, 462.52798pt x 578.16pt>
File: Figures/fig-24.01.pdf Graphic file (type pdf)
<use Figures/fig-24.01.pdf>
Package pdftex.def Info: Figures/fig-24.01.pdf  used on input line 194.
(pdftex.def)             Requested size: 216.81pt x 271.01183pt.
 [172 <./Figures/fig-24.01.pdf>])
[173]
\openout2 = `ch25.aux'.

 (ch25.tex [174





]
Chapter 25.
[175] [176]
Overfull \hbox (8.61934pt too wide) in paragraph at lines 32--33
\OT1/ptm/m/n/10 Desmond Bernal ap-plied X-ray crys-tal-log-ra-phy to an-a-lyze 
larger bi-o-log-i-cal molecules.
 []

[177] [178]
Overfull \hbox (3.84998pt too wide) in paragraph at lines 58--59
[]\OT1/ptm/m/n/10 These ef-forts ex-em-pli-fied pro-duc-tive col-lab-o-ra-tion 
even dur-ing wartime, as French
 []

[179]) [180]
\openout2 = `referenc.aux'.

 (referenc.tex (main.bbl
LaTeX Font Info:    Trying to load font information for OT1+pcr on input line 1
4.

(C:\Users\moise\AppData\Local\Programs\MiKTeX\tex/latex/psnfss\ot1pcr.fd
File: ot1pcr.fd 2001/06/04 font definitions for OT1/pcr.
)
Underfull \hbox (badness 1694) in paragraph at lines 12--15
\OT1/ptm/m/n/10 Lon-don, DOI $10 . 1007 / 978-[]0-[]85729-[]115-[]8$, URL $\OT1
/pcr/m/n/10 http : / / dx . doi . org /
 []


Underfull \hbox (badness 4981) in paragraph at lines 21--25
[]\OT1/ptm/m/n/10 Bassett DR (2002) Sci-en-tific con-tri-bu-tions of a. v. hill
: ex-er-cise phys-
 []


Underfull \hbox (badness 3907) in paragraph at lines 21--25
\OT1/ptm/m/n/10 i-ol-ogy pi-o-neer. Jour-nal of Ap-plied Phys-i-ol-ogy 93(5):15
67--1582, DOI 
 []


Underfull \hbox (badness 1515) in paragraph at lines 50--54
\OT1/ptm/m/n/10 els for ery-thro-poiesis. Math-e-mat-i-cal Bio-sciences 128(1--
2):317--346, DOI 
 []


Underfull \hbox (badness 4108) in paragraph at lines 50--54
\OT1/ptm/m/n/10 10 . 1016 / 0025-[]5564(94 ) 00078-[]e$, URL $\OT1/pcr/m/n/10 h
ttp : / / dx . doi . org / 10 . 1016 /
 []


Underfull \hbox (badness 10000) in paragraph at lines 56--60
[]\OT1/ptm/m/n/10 Cajori F (1913a) His-tory of the ex-ponene-tial and log-a-rit
h-mic con-
 []


Underfull \hbox (badness 10000) in paragraph at lines 56--60
\OT1/ptm/m/n/10 cepts. The Amer-i-can Math-e-mat-i-cal Monthly 20(5):148--151, 
DOI 
 []


Underfull \hbox (badness 10000) in paragraph at lines 56--60
\OT1/ptm/m/n/10 10 . 1080 / 00029890 . 1913 . 11997942$, URL $\OT1/pcr/m/n/10 h
ttp : / / dx . doi . org / 10 .
 []

[181



]
Underfull \hbox (badness 10000) in paragraph at lines 91--95
[]\OT1/ptm/m/n/10 Cajori F (1913g) His-tory of the ex-po-nen-tial and log-a-rit
h-mic con-
 []


Underfull \hbox (badness 10000) in paragraph at lines 91--95
\OT1/ptm/m/n/10 cepts. The Amer-i-can Math-e-mat-i-cal Monthly 20(7):205--210, 
DOI 
 []


Underfull \hbox (badness 10000) in paragraph at lines 91--95
\OT1/ptm/m/n/10 10 . 1080 / 00029890 . 1913 . 11997960$, URL $\OT1/pcr/m/n/10 h
ttp : / / dx . doi . org / 10 .
 []


Underfull \hbox (badness 5847) in paragraph at lines 118--121
[]\OT1/ptm/m/n/10 Izhikevich E, FitzHugh R (2006) FitzHugh-nagumo model. Schol-
ar-pe-dia
 []

[182]
Underfull \hbox (badness 10000) in paragraph at lines 193--196
[]\OT1/ptm/m/n/10 Stent GS (1968) That was the molec-u-lar bi-ol-ogy that was. 
Sci-ence
 []


Underfull \hbox (badness 10000) in paragraph at lines 193--196
\OT1/ptm/m/n/10 160(3826):390{395, DOI $10 . 1126 / science . 160 . 3826 . 390$
, URL $\OT1/pcr/m/n/10 http :
 []

)) [183] (main.aux (ch01.aux) (ch02.aux) (ch03.aux) (ch04.aux) (ch05.aux)
(ch06.aux) (ch07.aux) (ch08.aux) (ch09.aux) (ch10.aux) (ch11.aux) (ch12.aux)
(ch13.aux) (ch14.aux) (ch15.aux) (ch16.aux) (ch17.aux) (ch18.aux) (ch19.aux)
(ch20.aux) (ch21.aux) (ch22.aux) (ch23.aux) (ch24.aux) (ch25.aux) (referenc.aux
))
 ***********
LaTeX2e <2023-11-01> patch level 1
L3 programming layer <2024-01-04>
 ***********
 ) 
Here is how much of TeX's memory you used:
 26706 strings out of 474486
 675077 string characters out of 5743755
 1939542 words of memory out of 5000000
 48329 multiletter control sequences out of 15000+600000
 615917 words of font info for 150 fonts, out of 8000000 for 9000
 1141 hyphenation exceptions out of 8191
 99i,21n,107p,1334b,609s stack positions out of 10000i,1000n,20000p,200000b,200000s
<C:/Users/moise/AppData/Local/Programs/MiKTeX/fonts/type1/public/amsfonts/cm/
cmex10.pfb><C:/Users/moise/AppData/Local/Programs/MiKTeX/fonts/type1/public/ams
fonts/cm/cmmi10.pfb><C:/Users/moise/AppData/Local/Programs/MiKTeX/fonts/type1/p
ublic/amsfonts/cm/cmr10.pfb><C:/Users/moise/AppData/Local/Programs/MiKTeX/fonts
/type1/public/amsfonts/cm/cmsy10.pfb><C:/Users/moise/AppData/Local/Programs/MiK
TeX/fonts/type1/public/amsfonts/latxfont/line10.pfb><C:/Users/moise/AppData/Loc
al/Programs/MiKTeX/fonts/type1/public/amsfonts/symbols/msam10.pfb><C:/Users/moi
se/AppData/Local/Programs/MiKTeX/fonts/type1/urw/courier/ucrr8a.pfb><C:/Users/m
oise/AppData/Local/Programs/MiKTeX/fonts/type1/urw/symbol/usyr.pfb><C:/Users/mo
ise/AppData/Local/Programs/MiKTeX/fonts/type1/urw/symbol/usyr.pfb><C:/Users/moi
se/AppData/Local/Programs/MiKTeX/fonts/type1/urw/times/utmb8a.pfb><C:/Users/moi
se/AppData/Local/Programs/MiKTeX/fonts/type1/urw/times/utmbi8a.pfb><C:/Users/mo
ise/AppData/Local/Programs/MiKTeX/fonts/type1/urw/times/utmr8a.pfb><C:/Users/mo
ise/AppData/Local/Programs/MiKTeX/fonts/type1/urw/times/utmri8a.pfb>
Output written on main.pdf (191 pages, 1366683 bytes).
PDF statistics:
 1391 PDF objects out of 1440 (max. 8388607)
 0 named destinations out of 1000 (max. 500000)
 188 words of extra memory for PDF output out of 10000 (max. 10000000)

