This is pdfTeX, Version 3.141592653-2.6-1.40.26 (TeX Live 2024) (preloaded format=pdflatex 2025.2.6)  6 FEB 2025 17:09
entering extended mode
 restricted \write18 enabled.
 %&-line parsing enabled.
**main.tex
(./main.tex
LaTeX2e <2024-11-01> patch level 2
L3 programming layer <2025-01-18>
(./svmono.cls
Document Class: svmono 2009/12/17 v5.5 
Springer Verlag global LaTeX document class for monographs
Class Springer-SVMono Info: extra/valid Springer sub-package 
(Springer-SVMono)           not found in option list - using "global" style.
(/home/msantillan/texlive/texmf-dist/tex/latex/base/article.cls
Document Class: article 2024/06/29 v1.4n Standard LaTeX document class
(/home/msantillan/texlive/texmf-dist/tex/latex/base/size10.clo
File: size10.clo 2024/06/29 v1.4n Standard LaTeX file (size option)
)
\c@part=\count196
\c@section=\count197
\c@subsection=\count198
\c@subsubsection=\count199
\c@paragraph=\count266
\c@subparagraph=\count267
\c@figure=\count268
\c@table=\count269
\abovecaptionskip=\skip49
\belowcaptionskip=\skip50
\bibindent=\dimen141
)
\svparindent=\dimen142
\betweenumberspace=\dimen143
\headlineindent=\dimen144
\c@chapter=\count270
\mottowidth=\dimen145
\svitemindent=\dimen146
\verbatimindent=\dimen147
LaTeX Font Info:    Redeclaring math symbol \Gamma on input line 832.
LaTeX Font Info:    Redeclaring math symbol \Delta on input line 833.
LaTeX Font Info:    Redeclaring math symbol \Theta on input line 834.
LaTeX Font Info:    Redeclaring math symbol \Lambda on input line 835.
LaTeX Font Info:    Redeclaring math symbol \Xi on input line 836.
LaTeX Font Info:    Redeclaring math symbol \Pi on input line 837.
LaTeX Font Info:    Redeclaring math symbol \Sigma on input line 838.
LaTeX Font Info:    Redeclaring math symbol \Upsilon on input line 839.
LaTeX Font Info:    Redeclaring math symbol \Phi on input line 840.
LaTeX Font Info:    Redeclaring math symbol \Psi on input line 841.
LaTeX Font Info:    Redeclaring math symbol \Omega on input line 842.
\tocchpnum=\dimen148
\tocsecnum=\dimen149
\tocsectotal=\dimen150
\tocsubsecnum=\dimen151
\tocsubsectotal=\dimen152
\tocsubsubsecnum=\dimen153
\tocsubsubsectotal=\dimen154
\tocparanum=\dimen155
\tocparatotal=\dimen156
\tocsubparanum=\dimen157
\foot@parindent=\dimen158
\spthmsep=\dimen159
\c@theorem=\count271
\c@case=\count272
\c@conjecture=\count273
\c@corollary=\count274
\c@definition=\count275
\c@example=\count276
\c@exercise=\count277
\c@lemma=\count278
\c@note=\count279
\c@problem=\count280
\c@property=\count281
\c@proposition=\count282
\c@question=\count283
\c@solution=\count284
\c@remark=\count285
\c@prob=\count286
\instindent=\dimen160
\figgap=\dimen161
\bildb@x=\box52
\figcapgap=\dimen162
\tabcapgap=\dimen163
\c@merk=\count287
LaTeX Info: Redefining \abstract on input line 1894.
)
(/home/msantillan/texlive/texmf-dist/tex/latex/graphics/color.sty
Package: color 2024/06/23 v1.3e Standard LaTeX Color (DPC)

(/home/msantillan/texlive/texmf-dist/tex/latex/graphics-cfg/color.cfg
File: color.cfg 2016/01/02 v1.6 sample color configuration
)
Package color Info: Driver file: pdftex.def on input line 149.

(/home/msantillan/texlive/texmf-dist/tex/latex/graphics-def/pdftex.def
File: pdftex.def 2024/04/13 v1.2c Graphics/color driver for pdftex
)
(/home/msantillan/texlive/texmf-dist/tex/latex/graphics/mathcolor.ltx))
(/home/msantillan/texlive/texmf-dist/tex/latex/framed/framed.sty
Package: framed 2011/10/22 v 0.96: framed or shaded text with page breaks
\OuterFrameSep=\skip51
\fb@frw=\dimen164
\fb@frh=\dimen165
\FrameRule=\dimen166
\FrameSep=\dimen167
)
(/home/msantillan/texlive/texmf-dist/tex/latex/psnfss/mathptmx.sty
Package: mathptmx 2020/03/25 PSNFSS-v9.3 Times w/ Math, improved (SPQR, WaS) 
LaTeX Font Info:    Redeclaring symbol font `operators' on input line 28.
LaTeX Font Info:    Overwriting symbol font `operators' in version `normal'
(Font)                  OT1/cmr/m/n --> OT1/ztmcm/m/n on input line 28.
LaTeX Font Info:    Overwriting symbol font `operators' in version `bold'
(Font)                  OT1/cmr/bx/n --> OT1/ztmcm/m/n on input line 28.
LaTeX Font Info:    Redeclaring symbol font `letters' on input line 29.
LaTeX Font Info:    Overwriting symbol font `letters' in version `normal'
(Font)                  OML/cmm/m/it --> OML/ztmcm/m/it on input line 29.
LaTeX Font Info:    Overwriting symbol font `letters' in version `bold'
(Font)                  OML/cmm/b/it --> OML/ztmcm/m/it on input line 29.
LaTeX Font Info:    Redeclaring symbol font `symbols' on input line 30.
LaTeX Font Info:    Overwriting symbol font `symbols' in version `normal'
(Font)                  OMS/cmsy/m/n --> OMS/ztmcm/m/n on input line 30.
LaTeX Font Info:    Overwriting symbol font `symbols' in version `bold'
(Font)                  OMS/cmsy/b/n --> OMS/ztmcm/m/n on input line 30.
LaTeX Font Info:    Redeclaring symbol font `largesymbols' on input line 31.
LaTeX Font Info:    Overwriting symbol font `largesymbols' in version `normal'
(Font)                  OMX/cmex/m/n --> OMX/ztmcm/m/n on input line 31.
LaTeX Font Info:    Overwriting symbol font `largesymbols' in version `bold'
(Font)                  OMX/cmex/m/n --> OMX/ztmcm/m/n on input line 31.
\symbold=\mathgroup4
\symitalic=\mathgroup5
LaTeX Font Info:    Redeclaring math alphabet \mathbf on input line 34.
LaTeX Font Info:    Overwriting math alphabet `\mathbf' in version `normal'
(Font)                  OT1/cmr/bx/n --> OT1/ptm/bx/n on input line 34.
LaTeX Font Info:    Overwriting math alphabet `\mathbf' in version `bold'
(Font)                  OT1/cmr/bx/n --> OT1/ptm/bx/n on input line 34.
LaTeX Font Info:    Redeclaring math alphabet \mathit on input line 35.
LaTeX Font Info:    Overwriting math alphabet `\mathit' in version `normal'
(Font)                  OT1/cmr/m/it --> OT1/ptm/m/it on input line 35.
LaTeX Font Info:    Overwriting math alphabet `\mathit' in version `bold'
(Font)                  OT1/cmr/bx/it --> OT1/ptm/m/it on input line 35.
LaTeX Info: Redefining \hbar on input line 50.
)
(/home/msantillan/texlive/texmf-dist/tex/latex/psnfss/helvet.sty
Package: helvet 2020/03/25 PSNFSS-v9.3 (WaS) 

(/home/msantillan/texlive/texmf-dist/tex/latex/graphics/keyval.sty
Package: keyval 2022/05/29 v1.15 key=value parser (DPC)
\KV@toks@=\toks17
))
(/home/msantillan/texlive/texmf-dist/tex/latex/psnfss/courier.sty
Package: courier 2020/03/25 PSNFSS-v9.3 (WaS) 
)
(/home/msantillan/texlive/texmf-dist/tex/latex/type1cm/type1cm.sty
Package: type1cm 2002/09/05 v0.04 BlueSky/Y&Y Type1 CM font definitions (DPC, p
atched RF)
)
(/home/msantillan/texlive/texmf-dist/tex/latex/base/makeidx.sty
Package: makeidx 2021/10/04 v1.0m Standard LaTeX package
)
(/home/msantillan/texlive/texmf-dist/tex/latex/graphics/graphicx.sty
Package: graphicx 2021/09/16 v1.2d Enhanced LaTeX Graphics (DPC,SPQR)

(/home/msantillan/texlive/texmf-dist/tex/latex/graphics/graphics.sty
Package: graphics 2024/08/06 v1.4g Standard LaTeX Graphics (DPC,SPQR)

(/home/msantillan/texlive/texmf-dist/tex/latex/graphics/trig.sty
Package: trig 2023/12/02 v1.11 sin cos tan (DPC)
)
(/home/msantillan/texlive/texmf-dist/tex/latex/graphics-cfg/graphics.cfg
File: graphics.cfg 2016/06/04 v1.11 sample graphics configuration
)
Package graphics Info: Driver file: pdftex.def on input line 106.
)
\Gin@req@height=\dimen168
\Gin@req@width=\dimen169
)
(/home/msantillan/texlive/texmf-dist/tex/latex/tools/multicol.sty
Package: multicol 2024/09/14 v1.9i multicolumn formatting (FMi)
\c@tracingmulticols=\count288
\mult@box=\box53
\multicol@leftmargin=\dimen170
\c@unbalance=\count289
\c@collectmore=\count290
\doublecol@number=\count291
\multicoltolerance=\count292
\multicolpretolerance=\count293
\full@width=\dimen171
\page@free=\dimen172
\premulticols=\dimen173
\postmulticols=\dimen174
\multicolsep=\skip52
\multicolbaselineskip=\skip53
\partial@page=\box54
\last@line=\box55
\mc@boxedresult=\box56
\maxbalancingoverflow=\dimen175
\mult@rightbox=\box57
\mult@grightbox=\box58
\mult@firstbox=\box59
\mult@gfirstbox=\box60
\@tempa=\box61
\@tempa=\box62
\@tempa=\box63
\@tempa=\box64
\@tempa=\box65
\@tempa=\box66
\@tempa=\box67
\@tempa=\box68
\@tempa=\box69
\@tempa=\box70
\@tempa=\box71
\@tempa=\box72
\@tempa=\box73
\@tempa=\box74
\@tempa=\box75
\@tempa=\box76
\@tempa=\box77
\@tempa=\box78
\@tempa=\box79
\@tempa=\box80
\@tempa=\box81
\@tempa=\box82
\@tempa=\box83
\@tempa=\box84
\@tempa=\box85
\@tempa=\box86
\@tempa=\box87
\@tempa=\box88
\@tempa=\box89
\@tempa=\box90
\@tempa=\box91
\@tempa=\box92
\@tempa=\box93
\@tempa=\box94
\@tempa=\box95
\@tempa=\box96
\c@minrows=\count294
\c@columnbadness=\count295
\c@finalcolumnbadness=\count296
\last@try=\dimen176
\multicolovershoot=\dimen177
\multicolundershoot=\dimen178
\mult@nat@firstbox=\box97
\colbreak@box=\box98
\mc@col@check@num=\count297
)
(/home/msantillan/texlive/texmf-dist/tex/latex/footmisc/footmisc.sty
Package: footmisc 2024/12/24 v6.0g a miscellany of footnote facilities
\FN@temptoken=\toks18
\footnotemargin=\dimen179
\@outputbox@depth=\dimen180
Package footmisc Info: Declaring symbol style bringhurst on input line 699.
Package footmisc Info: Declaring symbol style chicago on input line 707.
Package footmisc Info: Declaring symbol style wiley on input line 716.
Package footmisc Info: Declaring symbol style lamport-robust on input line 727.

Package footmisc Info: Declaring symbol style lamport* on input line 747.
Package footmisc Info: Declaring symbol style lamport*-robust on input line 768
.
)
(/home/msantillan/texlive/texmf-dist/tex/latex/amsfonts/amssymb.sty
Package: amssymb 2013/01/14 v3.01 AMS font symbols

(/home/msantillan/texlive/texmf-dist/tex/latex/amsfonts/amsfonts.sty
Package: amsfonts 2013/01/14 v3.01 Basic AMSFonts support
\@emptytoks=\toks19
\symAMSa=\mathgroup6
\symAMSb=\mathgroup7
LaTeX Font Info:    Overwriting math alphabet `\mathfrak' in version `bold'
(Font)                  U/euf/m/n --> U/euf/b/n on input line 106.
))
(/home/msantillan/texlive/texmf-dist/tex/latex/amsmath/amsmath.sty
Package: amsmath 2024/11/05 v2.17t AMS math features
\@mathmargin=\skip54

For additional information on amsmath, use the `?' option.
(/home/msantillan/texlive/texmf-dist/tex/latex/amsmath/amstext.sty
Package: amstext 2021/08/26 v2.01 AMS text

(/home/msantillan/texlive/texmf-dist/tex/latex/amsmath/amsgen.sty
File: amsgen.sty 1999/11/30 v2.0 generic functions
\@emptytoks=\toks20
\ex@=\dimen181
))
(/home/msantillan/texlive/texmf-dist/tex/latex/amsmath/amsbsy.sty
Package: amsbsy 1999/11/29 v1.2d Bold Symbols
\pmbraise@=\dimen182
)
(/home/msantillan/texlive/texmf-dist/tex/latex/amsmath/amsopn.sty
Package: amsopn 2022/04/08 v2.04 operator names
)
\inf@bad=\count298
LaTeX Info: Redefining \frac on input line 233.
\uproot@=\count299
\leftroot@=\count300
LaTeX Info: Redefining \overline on input line 398.
LaTeX Info: Redefining \colon on input line 409.
\classnum@=\count301
\DOTSCASE@=\count302
LaTeX Info: Redefining \ldots on input line 495.
LaTeX Info: Redefining \dots on input line 498.
LaTeX Info: Redefining \cdots on input line 619.
\Mathstrutbox@=\box99
\strutbox@=\box100
LaTeX Info: Redefining \big on input line 721.
LaTeX Info: Redefining \Big on input line 722.
LaTeX Info: Redefining \bigg on input line 723.
LaTeX Info: Redefining \Bigg on input line 724.
\big@size=\dimen183
LaTeX Font Info:    Redeclaring font encoding OML on input line 742.
LaTeX Font Info:    Redeclaring font encoding OMS on input line 743.
\macc@depth=\count303
LaTeX Info: Redefining \bmod on input line 904.
LaTeX Info: Redefining \pmod on input line 909.
LaTeX Info: Redefining \smash on input line 939.
LaTeX Info: Redefining \relbar on input line 969.
LaTeX Info: Redefining \Relbar on input line 970.
\c@MaxMatrixCols=\count304
\dotsspace@=\muskip17
\c@parentequation=\count305
\dspbrk@lvl=\count306
\tag@help=\toks21
\row@=\count307
\column@=\count308
\maxfields@=\count309
\andhelp@=\toks22
\eqnshift@=\dimen184
\alignsep@=\dimen185
\tagshift@=\dimen186
\tagwidth@=\dimen187
\totwidth@=\dimen188
\lineht@=\dimen189
\@envbody=\toks23
\multlinegap=\skip55
\multlinetaggap=\skip56
\mathdisplay@stack=\toks24
LaTeX Info: Redefining \[ on input line 2953.
LaTeX Info: Redefining \] on input line 2954.
)
(/home/msantillan/texlive/texmf-dist/tex/latex/mathtools/mathtools.sty
Package: mathtools 2024/10/04 v1.31 mathematical typesetting tools

(/home/msantillan/texlive/texmf-dist/tex/latex/tools/calc.sty
Package: calc 2023/07/08 v4.3 Infix arithmetic (KKT,FJ)
\calc@Acount=\count310
\calc@Bcount=\count311
\calc@Adimen=\dimen190
\calc@Bdimen=\dimen191
\calc@Askip=\skip57
\calc@Bskip=\skip58
LaTeX Info: Redefining \setlength on input line 80.
LaTeX Info: Redefining \addtolength on input line 81.
\calc@Ccount=\count312
\calc@Cskip=\skip59
)
(/home/msantillan/texlive/texmf-dist/tex/latex/mathtools/mhsetup.sty
Package: mhsetup 2021/03/18 v1.4 programming setup (MH)
)
\g_MT_multlinerow_int=\count313
\l_MT_multwidth_dim=\dimen192
\origjot=\skip60
\l_MT_shortvdotswithinadjustabove_dim=\dimen193
\l_MT_shortvdotswithinadjustbelow_dim=\dimen194
\l_MT_above_intertext_sep=\dimen195
\l_MT_below_intertext_sep=\dimen196
\l_MT_above_shortintertext_sep=\dimen197
\l_MT_below_shortintertext_sep=\dimen198
\xmathstrut@box=\box101
\xmathstrut@dim=\dimen199
)
(/home/msantillan/texlive/texmf-dist/tex/latex/natbib/natbib.sty
Package: natbib 2010/09/13 8.31b (PWD, AO)
\bibhang=\skip61
\bibsep=\skip62
LaTeX Info: Redefining \cite on input line 694.
\c@NAT@ctr=\count314
)
(/home/msantillan/texlive/texmf-dist/tex/latex/subfigure/subfigure.sty
Package: subfigure 2002/03/15 v2.1.5 subfigure package
\subfigtopskip=\skip63
\subfigcapskip=\skip64
\subfigcaptopadj=\dimen256
\subfigbottomskip=\skip65
\subfigcapmargin=\dimen257
\subfiglabelskip=\skip66
\c@subfigure=\count315
\c@lofdepth=\count316
\c@subtable=\count317
\c@lotdepth=\count318

****************************************
* Local config file subfigure.cfg used *
****************************************
(/home/msantillan/texlive/texmf-dist/tex/latex/subfigure/subfigure.cfg)
\subfig@top=\skip67
\subfig@bottom=\skip68
)
(/home/msantillan/texlive/texmf-dist/tex/latex/pgfplots/pgfplots.sty
(/home/msantillan/texlive/texmf-dist/tex/generic/pgfplots/pgfplots.revision.tex
)
Package: pgfplots 2021/05/15 v1.18.1 Data Visualization (1.18.1)
 (/home/msantillan/texlive/texmf-dist/tex/latex/pgf/frontendlayer/tikz.sty
(/home/msantillan/texlive/texmf-dist/tex/latex/pgf/basiclayer/pgf.sty
(/home/msantillan/texlive/texmf-dist/tex/latex/pgf/utilities/pgfrcs.sty
(/home/msantillan/texlive/texmf-dist/tex/generic/pgf/utilities/pgfutil-common.t
ex
\pgfutil@everybye=\toks25
\pgfutil@tempdima=\dimen258
\pgfutil@tempdimb=\dimen259
)
(/home/msantillan/texlive/texmf-dist/tex/generic/pgf/utilities/pgfutil-latex.de
f
\pgfutil@abb=\box102
)
(/home/msantillan/texlive/texmf-dist/tex/generic/pgf/utilities/pgfrcs.code.tex
(/home/msantillan/texlive/texmf-dist/tex/generic/pgf/pgf.revision.tex)
Package: pgfrcs 2023-01-15 v3.1.10 (3.1.10)
))
Package: pgf 2023-01-15 v3.1.10 (3.1.10)

(/home/msantillan/texlive/texmf-dist/tex/latex/pgf/basiclayer/pgfcore.sty
(/home/msantillan/texlive/texmf-dist/tex/latex/pgf/systemlayer/pgfsys.sty
(/home/msantillan/texlive/texmf-dist/tex/generic/pgf/systemlayer/pgfsys.code.te
x
Package: pgfsys 2023-01-15 v3.1.10 (3.1.10)

(/home/msantillan/texlive/texmf-dist/tex/generic/pgf/utilities/pgfkeys.code.tex
\pgfkeys@pathtoks=\toks26
\pgfkeys@temptoks=\toks27

(/home/msantillan/texlive/texmf-dist/tex/generic/pgf/utilities/pgfkeyslibraryfi
ltered.code.tex
\pgfkeys@tmptoks=\toks28
))
\pgf@x=\dimen260
\pgf@y=\dimen261
\pgf@xa=\dimen262
\pgf@ya=\dimen263
\pgf@xb=\dimen264
\pgf@yb=\dimen265
\pgf@xc=\dimen266
\pgf@yc=\dimen267
\pgf@xd=\dimen268
\pgf@yd=\dimen269
\w@pgf@writea=\write3
\r@pgf@reada=\read2
\c@pgf@counta=\count319
\c@pgf@countb=\count320
\c@pgf@countc=\count321
\c@pgf@countd=\count322
\t@pgf@toka=\toks29
\t@pgf@tokb=\toks30
\t@pgf@tokc=\toks31
\pgf@sys@id@count=\count323

(/home/msantillan/texlive/texmf-dist/tex/generic/pgf/systemlayer/pgf.cfg
File: pgf.cfg 2023-01-15 v3.1.10 (3.1.10)
)
Driver file for pgf: pgfsys-pdftex.def

(/home/msantillan/texlive/texmf-dist/tex/generic/pgf/systemlayer/pgfsys-pdftex.
def
File: pgfsys-pdftex.def 2023-01-15 v3.1.10 (3.1.10)

(/home/msantillan/texlive/texmf-dist/tex/generic/pgf/systemlayer/pgfsys-common-
pdf.def
File: pgfsys-common-pdf.def 2023-01-15 v3.1.10 (3.1.10)
)))
(/home/msantillan/texlive/texmf-dist/tex/generic/pgf/systemlayer/pgfsyssoftpath
.code.tex
File: pgfsyssoftpath.code.tex 2023-01-15 v3.1.10 (3.1.10)
\pgfsyssoftpath@smallbuffer@items=\count324
\pgfsyssoftpath@bigbuffer@items=\count325
)
(/home/msantillan/texlive/texmf-dist/tex/generic/pgf/systemlayer/pgfsysprotocol
.code.tex
File: pgfsysprotocol.code.tex 2023-01-15 v3.1.10 (3.1.10)
)) (/home/msantillan/texlive/texmf-dist/tex/latex/xcolor/xcolor.sty
Package: xcolor 2024/09/29 v3.02 LaTeX color extensions (UK)

(/home/msantillan/texlive/texmf-dist/tex/latex/graphics-cfg/color.cfg
File: color.cfg 2016/01/02 v1.6 sample color configuration
)
Package xcolor Info: Driver file: pdftex.def on input line 274.
LaTeX Info: Redefining \color on input line 762.

(/home/msantillan/texlive/texmf-dist/tex/latex/graphics/mathcolor.ltx)
Package xcolor Info: Model `cmy' substituted by `cmy0' on input line 1349.
Package xcolor Info: Model `hsb' substituted by `rgb' on input line 1353.
Package xcolor Info: Model `RGB' extended on input line 1365.
Package xcolor Info: Model `HTML' substituted by `rgb' on input line 1367.
Package xcolor Info: Model `Hsb' substituted by `hsb' on input line 1368.
Package xcolor Info: Model `tHsb' substituted by `hsb' on input line 1369.
Package xcolor Info: Model `HSB' substituted by `hsb' on input line 1370.
Package xcolor Info: Model `Gray' substituted by `gray' on input line 1371.
Package xcolor Info: Model `wave' substituted by `hsb' on input line 1372.
)
(/home/msantillan/texlive/texmf-dist/tex/generic/pgf/basiclayer/pgfcore.code.te
x
Package: pgfcore 2023-01-15 v3.1.10 (3.1.10)
 (/home/msantillan/texlive/texmf-dist/tex/generic/pgf/math/pgfmath.code.tex
(/home/msantillan/texlive/texmf-dist/tex/generic/pgf/math/pgfmathutil.code.tex)

(/home/msantillan/texlive/texmf-dist/tex/generic/pgf/math/pgfmathparser.code.te
x
\pgfmath@dimen=\dimen270
\pgfmath@count=\count326
\pgfmath@box=\box103
\pgfmath@toks=\toks32
\pgfmath@stack@operand=\toks33
\pgfmath@stack@operation=\toks34
)
(/home/msantillan/texlive/texmf-dist/tex/generic/pgf/math/pgfmathfunctions.code
.tex)
(/home/msantillan/texlive/texmf-dist/tex/generic/pgf/math/pgfmathfunctions.basi
c.code.tex)
(/home/msantillan/texlive/texmf-dist/tex/generic/pgf/math/pgfmathfunctions.trig
onometric.code.tex)
(/home/msantillan/texlive/texmf-dist/tex/generic/pgf/math/pgfmathfunctions.rand
om.code.tex)
(/home/msantillan/texlive/texmf-dist/tex/generic/pgf/math/pgfmathfunctions.comp
arison.code.tex)
(/home/msantillan/texlive/texmf-dist/tex/generic/pgf/math/pgfmathfunctions.base
.code.tex)
(/home/msantillan/texlive/texmf-dist/tex/generic/pgf/math/pgfmathfunctions.roun
d.code.tex)
(/home/msantillan/texlive/texmf-dist/tex/generic/pgf/math/pgfmathfunctions.misc
.code.tex)
(/home/msantillan/texlive/texmf-dist/tex/generic/pgf/math/pgfmathfunctions.inte
gerarithmetics.code.tex)
(/home/msantillan/texlive/texmf-dist/tex/generic/pgf/math/pgfmathcalc.code.tex)

(/home/msantillan/texlive/texmf-dist/tex/generic/pgf/math/pgfmathfloat.code.tex
\c@pgfmathroundto@lastzeros=\count327
)) (/home/msantillan/texlive/texmf-dist/tex/generic/pgf/math/pgfint.code.tex)
(/home/msantillan/texlive/texmf-dist/tex/generic/pgf/basiclayer/pgfcorepoints.c
ode.tex
File: pgfcorepoints.code.tex 2023-01-15 v3.1.10 (3.1.10)
\pgf@picminx=\dimen271
\pgf@picmaxx=\dimen272
\pgf@picminy=\dimen273
\pgf@picmaxy=\dimen274
\pgf@pathminx=\dimen275
\pgf@pathmaxx=\dimen276
\pgf@pathminy=\dimen277
\pgf@pathmaxy=\dimen278
\pgf@xx=\dimen279
\pgf@xy=\dimen280
\pgf@yx=\dimen281
\pgf@yy=\dimen282
\pgf@zx=\dimen283
\pgf@zy=\dimen284
)
(/home/msantillan/texlive/texmf-dist/tex/generic/pgf/basiclayer/pgfcorepathcons
truct.code.tex
File: pgfcorepathconstruct.code.tex 2023-01-15 v3.1.10 (3.1.10)
\pgf@path@lastx=\dimen285
\pgf@path@lasty=\dimen286
)
(/home/msantillan/texlive/texmf-dist/tex/generic/pgf/basiclayer/pgfcorepathusag
e.code.tex
File: pgfcorepathusage.code.tex 2023-01-15 v3.1.10 (3.1.10)
\pgf@shorten@end@additional=\dimen287
\pgf@shorten@start@additional=\dimen288
)
(/home/msantillan/texlive/texmf-dist/tex/generic/pgf/basiclayer/pgfcorescopes.c
ode.tex
File: pgfcorescopes.code.tex 2023-01-15 v3.1.10 (3.1.10)
\pgfpic=\box104
\pgf@hbox=\box105
\pgf@layerbox@main=\box106
\pgf@picture@serial@count=\count328
)
(/home/msantillan/texlive/texmf-dist/tex/generic/pgf/basiclayer/pgfcoregraphics
tate.code.tex
File: pgfcoregraphicstate.code.tex 2023-01-15 v3.1.10 (3.1.10)
\pgflinewidth=\dimen289
)
(/home/msantillan/texlive/texmf-dist/tex/generic/pgf/basiclayer/pgfcoretransfor
mations.code.tex
File: pgfcoretransformations.code.tex 2023-01-15 v3.1.10 (3.1.10)
\pgf@pt@x=\dimen290
\pgf@pt@y=\dimen291
\pgf@pt@temp=\dimen292
)
(/home/msantillan/texlive/texmf-dist/tex/generic/pgf/basiclayer/pgfcorequick.co
de.tex
File: pgfcorequick.code.tex 2023-01-15 v3.1.10 (3.1.10)
)
(/home/msantillan/texlive/texmf-dist/tex/generic/pgf/basiclayer/pgfcoreobjects.
code.tex
File: pgfcoreobjects.code.tex 2023-01-15 v3.1.10 (3.1.10)
)
(/home/msantillan/texlive/texmf-dist/tex/generic/pgf/basiclayer/pgfcorepathproc
essing.code.tex
File: pgfcorepathprocessing.code.tex 2023-01-15 v3.1.10 (3.1.10)
)
(/home/msantillan/texlive/texmf-dist/tex/generic/pgf/basiclayer/pgfcorearrows.c
ode.tex
File: pgfcorearrows.code.tex 2023-01-15 v3.1.10 (3.1.10)
\pgfarrowsep=\dimen293
)
(/home/msantillan/texlive/texmf-dist/tex/generic/pgf/basiclayer/pgfcoreshade.co
de.tex
File: pgfcoreshade.code.tex 2023-01-15 v3.1.10 (3.1.10)
\pgf@max=\dimen294
\pgf@sys@shading@range@num=\count329
\pgf@shadingcount=\count330
)
(/home/msantillan/texlive/texmf-dist/tex/generic/pgf/basiclayer/pgfcoreimage.co
de.tex
File: pgfcoreimage.code.tex 2023-01-15 v3.1.10 (3.1.10)
)
(/home/msantillan/texlive/texmf-dist/tex/generic/pgf/basiclayer/pgfcoreexternal
.code.tex
File: pgfcoreexternal.code.tex 2023-01-15 v3.1.10 (3.1.10)
\pgfexternal@startupbox=\box107
)
(/home/msantillan/texlive/texmf-dist/tex/generic/pgf/basiclayer/pgfcorelayers.c
ode.tex
File: pgfcorelayers.code.tex 2023-01-15 v3.1.10 (3.1.10)
)
(/home/msantillan/texlive/texmf-dist/tex/generic/pgf/basiclayer/pgfcoretranspar
ency.code.tex
File: pgfcoretransparency.code.tex 2023-01-15 v3.1.10 (3.1.10)
)
(/home/msantillan/texlive/texmf-dist/tex/generic/pgf/basiclayer/pgfcorepatterns
.code.tex
File: pgfcorepatterns.code.tex 2023-01-15 v3.1.10 (3.1.10)
)
(/home/msantillan/texlive/texmf-dist/tex/generic/pgf/basiclayer/pgfcorerdf.code
.tex
File: pgfcorerdf.code.tex 2023-01-15 v3.1.10 (3.1.10)
)))
(/home/msantillan/texlive/texmf-dist/tex/generic/pgf/modules/pgfmoduleshapes.co
de.tex
File: pgfmoduleshapes.code.tex 2023-01-15 v3.1.10 (3.1.10)
\pgfnodeparttextbox=\box108
)
(/home/msantillan/texlive/texmf-dist/tex/generic/pgf/modules/pgfmoduleplot.code
.tex
File: pgfmoduleplot.code.tex 2023-01-15 v3.1.10 (3.1.10)
)
(/home/msantillan/texlive/texmf-dist/tex/latex/pgf/compatibility/pgfcomp-versio
n-0-65.sty
Package: pgfcomp-version-0-65 2023-01-15 v3.1.10 (3.1.10)
\pgf@nodesepstart=\dimen295
\pgf@nodesepend=\dimen296
)
(/home/msantillan/texlive/texmf-dist/tex/latex/pgf/compatibility/pgfcomp-versio
n-1-18.sty
Package: pgfcomp-version-1-18 2023-01-15 v3.1.10 (3.1.10)
))
(/home/msantillan/texlive/texmf-dist/tex/latex/pgf/utilities/pgffor.sty
(/home/msantillan/texlive/texmf-dist/tex/latex/pgf/utilities/pgfkeys.sty
(/home/msantillan/texlive/texmf-dist/tex/generic/pgf/utilities/pgfkeys.code.tex
)) (/home/msantillan/texlive/texmf-dist/tex/latex/pgf/math/pgfmath.sty
(/home/msantillan/texlive/texmf-dist/tex/generic/pgf/math/pgfmath.code.tex))
(/home/msantillan/texlive/texmf-dist/tex/generic/pgf/utilities/pgffor.code.tex
Package: pgffor 2023-01-15 v3.1.10 (3.1.10)
\pgffor@iter=\dimen297
\pgffor@skip=\dimen298
\pgffor@stack=\toks35
\pgffor@toks=\toks36
))
(/home/msantillan/texlive/texmf-dist/tex/generic/pgf/frontendlayer/tikz/tikz.co
de.tex
Package: tikz 2023-01-15 v3.1.10 (3.1.10)

(/home/msantillan/texlive/texmf-dist/tex/generic/pgf/libraries/pgflibraryplotha
ndlers.code.tex
File: pgflibraryplothandlers.code.tex 2023-01-15 v3.1.10 (3.1.10)
\pgf@plot@mark@count=\count331
\pgfplotmarksize=\dimen299
)
\tikz@lastx=\dimen300
\tikz@lasty=\dimen301
\tikz@lastxsaved=\dimen302
\tikz@lastysaved=\dimen303
\tikz@lastmovetox=\dimen304
\tikz@lastmovetoy=\dimen305
\tikzleveldistance=\dimen306
\tikzsiblingdistance=\dimen307
\tikz@figbox=\box109
\tikz@figbox@bg=\box110
\tikz@tempbox=\box111
\tikz@tempbox@bg=\box112
\tikztreelevel=\count332
\tikznumberofchildren=\count333
\tikznumberofcurrentchild=\count334
\tikz@fig@count=\count335

(/home/msantillan/texlive/texmf-dist/tex/generic/pgf/modules/pgfmodulematrix.co
de.tex
File: pgfmodulematrix.code.tex 2023-01-15 v3.1.10 (3.1.10)
\pgfmatrixcurrentrow=\count336
\pgfmatrixcurrentcolumn=\count337
\pgf@matrix@numberofcolumns=\count338
)
\tikz@expandcount=\count339

(/home/msantillan/texlive/texmf-dist/tex/generic/pgf/frontendlayer/tikz/librari
es/tikzlibrarytopaths.code.tex
File: tikzlibrarytopaths.code.tex 2023-01-15 v3.1.10 (3.1.10)
)))
(/home/msantillan/texlive/texmf-dist/tex/generic/pgfplots/pgfplots.code.tex
(/home/msantillan/texlive/texmf-dist/tex/generic/pgfplots/pgfplotscore.code.tex
\t@pgfplots@toka=\toks37
\t@pgfplots@tokb=\toks38
\t@pgfplots@tokc=\toks39
\pgfplots@tmpa=\dimen308
\c@pgfplots@coordindex=\count340
\c@pgfplots@scanlineindex=\count341

(/home/msantillan/texlive/texmf-dist/tex/generic/pgfplots/sys/pgfplotssysgeneri
c.code.tex))
(/home/msantillan/texlive/texmf-dist/tex/generic/pgfplots/libs/pgfplotslibrary.
code.tex)
(/home/msantillan/texlive/texmf-dist/tex/generic/pgfplots/oldpgfcompatib/pgfplo
tsoldpgfsupp_loader.code.tex
(/home/msantillan/texlive/texmf-dist/tex/generic/pgf/libraries/pgflibraryfpu.co
de.tex)
Package pgfplots: loading complementary utilities for your pgf version...
\t@pgf@toka=\toks40
\t@pgf@tokb=\toks41
\t@pgf@tokc=\toks42

(/home/msantillan/texlive/texmf-dist/tex/generic/pgfplots/oldpgfcompatib/pgfplo
tsoldpgfsupp_pgfutil-common-lists.tex))
(/home/msantillan/texlive/texmf-dist/tex/generic/pgfplots/util/pgfplotsutil.cod
e.tex
(/home/msantillan/texlive/texmf-dist/tex/generic/pgfplots/liststructure/pgfplot
sliststructure.code.tex)
(/home/msantillan/texlive/texmf-dist/tex/generic/pgfplots/liststructure/pgfplot
sliststructureext.code.tex)
(/home/msantillan/texlive/texmf-dist/tex/generic/pgfplots/liststructure/pgfplot
sarray.code.tex
\c@pgfplotsarray@tmp=\count342
)
(/home/msantillan/texlive/texmf-dist/tex/generic/pgfplots/liststructure/pgfplot
smatrix.code.tex)
(/home/msantillan/texlive/texmf-dist/tex/generic/pgfplots/numtable/pgfplotstabl
eshared.code.tex
\c@pgfplotstable@counta=\count343
\t@pgfplotstable@a=\toks43
)
(/home/msantillan/texlive/texmf-dist/tex/generic/pgfplots/liststructure/pgfplot
sdeque.code.tex)
(/home/msantillan/texlive/texmf-dist/tex/generic/pgfplots/util/pgfplotsbinary.c
ode.tex
(/home/msantillan/texlive/texmf-dist/tex/generic/pgfplots/util/pgfplotsbinary.d
ata.code.tex))
(/home/msantillan/texlive/texmf-dist/tex/generic/pgfplots/util/pgfplotsutil.ver
b.code.tex)
(/home/msantillan/texlive/texmf-dist/tex/generic/pgfplots/libs/pgflibrarypgfplo
ts.surfshading.code.tex
\c@pgfplotslibrarysurf@no=\count344

(/home/msantillan/texlive/texmf-dist/tex/generic/pgfplots/sys/pgflibrarypgfplot
s.surfshading.pgfsys-pdftex.def)))
(/home/msantillan/texlive/texmf-dist/tex/generic/pgfplots/util/pgfplotscolormap
.code.tex
(/home/msantillan/texlive/texmf-dist/tex/generic/pgfplots/util/pgfplotscolor.co
de.tex))
(/home/msantillan/texlive/texmf-dist/tex/generic/pgfplots/pgfplotsstackedplots.
code.tex)
(/home/msantillan/texlive/texmf-dist/tex/generic/pgfplots/pgfplotsplothandlers.
code.tex
(/home/msantillan/texlive/texmf-dist/tex/generic/pgfplots/pgfplotsmeshplothandl
er.code.tex
(/home/msantillan/texlive/texmf-dist/tex/generic/pgfplots/pgfplotsmeshplotimage
.code.tex)))
(/home/msantillan/texlive/texmf-dist/tex/generic/pgfplots/pgfplots.scaling.code
.tex)
(/home/msantillan/texlive/texmf-dist/tex/generic/pgfplots/pgfplotscoordprocessi
ng.code.tex)
(/home/msantillan/texlive/texmf-dist/tex/generic/pgfplots/pgfplots.errorbars.co
de.tex)
(/home/msantillan/texlive/texmf-dist/tex/generic/pgfplots/pgfplots.markers.code
.tex)
(/home/msantillan/texlive/texmf-dist/tex/generic/pgfplots/pgfplotsticks.code.te
x)
(/home/msantillan/texlive/texmf-dist/tex/generic/pgfplots/pgfplots.paths.code.t
ex)
(/home/msantillan/texlive/texmf-dist/tex/generic/pgf/frontendlayer/tikz/librari
es/tikzlibrarydecorations.code.tex
(/home/msantillan/texlive/texmf-dist/tex/generic/pgf/modules/pgfmoduledecoratio
ns.code.tex
\pgfdecoratedcompleteddistance=\dimen309
\pgfdecoratedremainingdistance=\dimen310
\pgfdecoratedinputsegmentcompleteddistance=\dimen311
\pgfdecoratedinputsegmentremainingdistance=\dimen312
\pgf@decorate@distancetomove=\dimen313
\pgf@decorate@repeatstate=\count345
\pgfdecorationsegmentamplitude=\dimen314
\pgfdecorationsegmentlength=\dimen315
)
\tikz@lib@dec@box=\box113
)
(/home/msantillan/texlive/texmf-dist/tex/generic/pgf/frontendlayer/tikz/librari
es/tikzlibrarydecorations.pathmorphing.code.tex
(/home/msantillan/texlive/texmf-dist/tex/generic/pgf/libraries/decorations/pgfl
ibrarydecorations.pathmorphing.code.tex))
(/home/msantillan/texlive/texmf-dist/tex/generic/pgf/frontendlayer/tikz/librari
es/tikzlibrarydecorations.pathreplacing.code.tex
(/home/msantillan/texlive/texmf-dist/tex/generic/pgf/libraries/decorations/pgfl
ibrarydecorations.pathreplacing.code.tex))
(/home/msantillan/texlive/texmf-dist/tex/generic/pgfplots/libs/tikzlibrarypgfpl
ots.contourlua.code.tex)
\pgfplots@numplots=\count346
\pgfplots@xmin@reg=\dimen316
\pgfplots@xmax@reg=\dimen317
\pgfplots@ymin@reg=\dimen318
\pgfplots@ymax@reg=\dimen319
\pgfplots@zmin@reg=\dimen320
\pgfplots@zmax@reg=\dimen321
)
(/home/msantillan/texlive/texmf-dist/tex/generic/pgf/frontendlayer/tikz/librari
es/tikzlibraryplotmarks.code.tex
File: tikzlibraryplotmarks.code.tex 2023-01-15 v3.1.10 (3.1.10)

(/home/msantillan/texlive/texmf-dist/tex/generic/pgf/libraries/pgflibraryplotma
rks.code.tex
File: pgflibraryplotmarks.code.tex 2023-01-15 v3.1.10 (3.1.10)
)))
(/home/msantillan/texlive/texmf-dist/tex/latex/textgreek/textgreek.sty
Package: textgreek 2011/10/09 v0.7 Greek symbols in text
Package textgreek Info: Loading the definitions for the Greek fontencoding. on 
input line 39.

(/home/msantillan/texlive/texmf-dist/tex/latex/greek-fontenc/lgrenc.def
File: lgrenc.def 2023-09-12 2.5 LGR Greek font encoding definitions
Now handling font encoding LGR ...
... no UTF-8 mapping file for font encoding LGR

(/home/msantillan/texlive/texmf-dist/tex/latex/greek-fontenc/greek-fontenc.def
File: greek-fontenc.def 2023-09-12 2.5 Common Greek font encoding definitions
))
Package textgreek Info: Loaded fontmap: {eur/*/*}{U/eur/*/*} {phv/*/*}{U/psy/*/
*}. on input line 69.
) (/home/msantillan/texlive/texmf-dist/tex/latex/url/url.sty
\Urlmuskip=\muskip18
Package: url 2013/09/16  ver 3.4  Verb mode for urls, etc.
)
(/home/msantillan/texlive/texmf-dist/tex/latex/cancel/cancel.sty
Package: cancel 2013/04/12 v2.2 Cancel math terms
)
\@indexfile=\write4
\openout4 = `main.idx'.


Writing index file main.idx
LaTeX Font Info:    Trying to load font information for OT1+ptm on input line 5
7.
(/home/msantillan/texlive/texmf-dist/tex/latex/psnfss/ot1ptm.fd
File: ot1ptm.fd 2001/06/04 font definitions for OT1/ptm.
)
(/home/msantillan/texlive/texmf-dist/tex/latex/l3backend/l3backend-pdftex.def
File: l3backend-pdftex.def 2024-05-08 L3 backend support: PDF output (pdfTeX)
\l__color_backend_stack_int=\count347
\l__pdf_internal_box=\box114
)
(./main.aux (./ch01.aux) (./ch02.aux) (./ch03.aux) (./ch04.aux) (./ch05.aux)
(./ch06.aux) (./ch07.aux) (./ch08.aux) (./ch09.aux) (./ch10.aux) (./ch11.aux)
(./ch12.aux) (./ch13.aux) (./ch14.aux) (./ch15.aux) (./ch16.aux) (./ch17.aux)
(./ch18.aux) (./ch19.aux) (./ch20.aux) (./ch21.aux) (./ch22.aux) (./ch23.aux)
(./ch24.aux) (./ch25.aux) (./ch26.aux) (./ch27.aux) (./referenc.aux))
\openout1 = `main.aux'.

LaTeX Font Info:    Checking defaults for OML/cmm/m/it on input line 57.
LaTeX Font Info:    ... okay on input line 57.
LaTeX Font Info:    Checking defaults for OMS/cmsy/m/n on input line 57.
LaTeX Font Info:    ... okay on input line 57.
LaTeX Font Info:    Checking defaults for OT1/cmr/m/n on input line 57.
LaTeX Font Info:    ... okay on input line 57.
LaTeX Font Info:    Checking defaults for T1/cmr/m/n on input line 57.
LaTeX Font Info:    ... okay on input line 57.
LaTeX Font Info:    Checking defaults for TS1/cmr/m/n on input line 57.
LaTeX Font Info:    ... okay on input line 57.
LaTeX Font Info:    Checking defaults for OMX/cmex/m/n on input line 57.
LaTeX Font Info:    ... okay on input line 57.
LaTeX Font Info:    Checking defaults for U/cmr/m/n on input line 57.
LaTeX Font Info:    ... okay on input line 57.
LaTeX Font Info:    Checking defaults for LGR/cmr/m/n on input line 57.
LaTeX Font Info:    Trying to load font information for LGR+cmr on input line 5
7.

(/home/msantillan/texlive/texmf-dist/tex/latex/cbfonts-fd/lgrcmr.fd
File: lgrcmr.fd 2017/07/29 v1.2 Greek European Computer Regular
)
LaTeX Font Info:    ... okay on input line 57.

(/home/msantillan/texlive/texmf-dist/tex/context/base/mkii/supp-pdf.mkii
[Loading MPS to PDF converter (version 2006.09.02).]
\scratchcounter=\count348
\scratchdimen=\dimen322
\scratchbox=\box115
\nofMPsegments=\count349
\nofMParguments=\count350
\everyMPshowfont=\toks44
\MPscratchCnt=\count351
\MPscratchDim=\dimen323
\MPnumerator=\count352
\makeMPintoPDFobject=\count353
\everyMPtoPDFconversion=\toks45
) (/home/msantillan/texlive/texmf-dist/tex/latex/epstopdf-pkg/epstopdf-base.sty
Package: epstopdf-base 2020-01-24 v2.11 Base part for package epstopdf
Package epstopdf-base Info: Redefining graphics rule for `.eps' on input line 4
85.
(/home/msantillan/texlive/texmf-dist/tex/latex/latexconfig/epstopdf-sys.cfg
File: epstopdf-sys.cfg 2010/07/13 v1.3 Configuration of (r)epstopdf for TeX Liv
e
))
Package pgfplots notification 'compat/show suggested version=true': you might b
enefit from \pgfplotsset{compat=1.18} (current compat level: 1.17).



[1

{/home/msantillan/texlive/texmf-var/fonts/map/pdftex/updmap/pdftex.map}{/home/m
santillan/texlive/texmf-dist/fonts/enc/dvips/base/8r.enc}]

[2


]

Package mathptmx Warning: There are no bold math fonts on input line 70.

(./main.toc
LaTeX Font Info:    Trying to load font information for OT1+ztmcm on input line
 1.
 (/home/msantillan/texlive/texmf-dist/tex/latex/psnfss/ot1ztmcm.fd
File: ot1ztmcm.fd 2000/01/03 Fontinst v1.801 font definitions for OT1/ztmcm.
)
LaTeX Font Info:    Trying to load font information for OML+ztmcm on input line
 1.

(/home/msantillan/texlive/texmf-dist/tex/latex/psnfss/omlztmcm.fd
File: omlztmcm.fd 2000/01/03 Fontinst v1.801 font definitions for OML/ztmcm.
)
LaTeX Font Info:    Trying to load font information for OMS+ztmcm on input line
 1.

(/home/msantillan/texlive/texmf-dist/tex/latex/psnfss/omsztmcm.fd
File: omsztmcm.fd 2000/01/03 Fontinst v1.801 font definitions for OMS/ztmcm.
)
LaTeX Font Info:    Trying to load font information for OMX+ztmcm on input line
 1.

(/home/msantillan/texlive/texmf-dist/tex/latex/psnfss/omxztmcm.fd
File: omxztmcm.fd 2000/01/03 Fontinst v1.801 font definitions for OMX/ztmcm.
)
LaTeX Font Info:    Font shape `OT1/ptm/bx/n' in size <10> not available
(Font)              Font shape `OT1/ptm/b/n' tried instead on input line 1.
LaTeX Font Info:    Font shape `OT1/ptm/bx/n' in size <7.4> not available
(Font)              Font shape `OT1/ptm/b/n' tried instead on input line 1.
LaTeX Font Info:    Font shape `OT1/ptm/bx/n' in size <6> not available
(Font)              Font shape `OT1/ptm/b/n' tried instead on input line 1.


[5


]

[6]

[7]

[8]

[9])
\tf@toc=\write5
\openout5 = `main.toc'.



[10]
\openout2 = `ch01.aux'.

 (./ch01.tex
Chapter 1.


[1





]

[2]

[3]

[4]

[5])

[6]
\openout2 = `ch02.aux'.

 (./ch02.tex
Chapter 2.


[7





]

[8]
<Figures/fig-02.01.pdf, id=64, 289.08pt x 289.08pt>
File: Figures/fig-02.01.pdf Graphic file (type pdf)
<use Figures/fig-02.01.pdf>
Package pdftex.def Info: Figures/fig-02.01.pdf  used on input line 53.
(pdftex.def)             Requested size: 144.54pt x 144.53964pt.


[9]

[10 <./Figures/fig-02.01.pdf>]
<Figures/fig-02.02.pdf, id=81, 462.52798pt x 346.89601pt>
File: Figures/fig-02.02.pdf Graphic file (type pdf)
<use Figures/fig-02.02.pdf>
Package pdftex.def Info: Figures/fig-02.02.pdf  used on input line 101.
(pdftex.def)             Requested size: 216.81pt x 162.6071pt.
LaTeX Font Info:    Calculating math sizes for size <8.5> on input line 102.
LaTeX Font Info:    Font shape `OT1/ptm/bx/n' in size <8.5> not available
(Font)              Font shape `OT1/ptm/b/n' tried instead on input line 102.
LaTeX Font Info:    Font shape `OT1/ptm/bx/n' in size <6.29004> not available
(Font)              Font shape `OT1/ptm/b/n' tried instead on input line 102.
LaTeX Font Info:    Font shape `OT1/ptm/bx/n' in size <5.10005> not available
(Font)              Font shape `OT1/ptm/b/n' tried instead on input line 102.


[11 <./Figures/fig-02.02.pdf>]
<Figures/fig-02.03.pdf, id=108, 462.52798pt x 346.89601pt>
File: Figures/fig-02.03.pdf Graphic file (type pdf)
<use Figures/fig-02.03.pdf>
Package pdftex.def Info: Figures/fig-02.03.pdf  used on input line 122.
(pdftex.def)             Requested size: 216.81pt x 162.6071pt.


[12 <./Figures/fig-02.03.pdf>]
<Figures/fig-02.04.pdf, id=135, 289.08pt x 289.08pt>
File: Figures/fig-02.04.pdf Graphic file (type pdf)
<use Figures/fig-02.04.pdf>
Package pdftex.def Info: Figures/fig-02.04.pdf  used on input line 143.
(pdftex.def)             Requested size: 144.54pt x 144.53964pt.


[13 <./Figures/fig-02.04.pdf>]

[14]

[15]
LaTeX Font Info:    Trying to load font information for TS1+ptm on input line 2
34.
 (/home/msantillan/texlive/texmf-dist/tex/latex/psnfss/ts1ptm.fd
File: ts1ptm.fd 2001/06/04 font definitions for TS1/ptm.
)

[16])

[17]
\openout2 = `ch03.aux'.

 (./ch03.tex

[18





]
Chapter 3.


[19]

[20]

[21]

[22])

[23]
\openout2 = `ch04.aux'.

 (./ch04.tex

[24





]
Chapter 4.


[25]

[26]

[27]

[28]

[29]

[30])

[31]
\openout2 = `ch05.aux'.

 (./ch05.tex

[32





]
Chapter 5.


[33]

[34]

[35])

[36]
\openout2 = `ch06.aux'.

 (./ch06.tex
Chapter 6.


[37





]
<Figures/fig-06.01.pdf, id=233, 462.52798pt x 346.89601pt>
File: Figures/fig-06.01.pdf Graphic file (type pdf)
<use Figures/fig-06.01.pdf>
Package pdftex.def Info: Figures/fig-06.01.pdf  used on input line 37.
(pdftex.def)             Requested size: 216.81pt x 162.6071pt.


[38]

[39 <./Figures/fig-06.01.pdf>]

[40]
Overfull \hbox (8.80861pt too wide) in paragraph at lines 105--106
\OT1/ptm/m/n/10 Find the steady states and char-ac-ter-ize their sta-bil-ity fo
r the fol-low-ing one-dimensional
 []



[41])

[42]
\openout2 = `ch07.aux'.

 (./ch07.tex
Chapter 7.


[43





]

[44]

[45]

[46]

[47])

[48]
\openout2 = `ch08.aux'.

 (./ch08.tex
Chapter 8.


[49





]

[50]

[51]
<Figures/fig-08.01.pdf, id=295, 462.52798pt x 346.89601pt>
File: Figures/fig-08.01.pdf Graphic file (type pdf)
<use Figures/fig-08.01.pdf>
Package pdftex.def Info: Figures/fig-08.01.pdf  used on input line 78.
(pdftex.def)             Requested size: 216.81pt x 162.6071pt.


[52]
<Figures/fig-08.02.pdf, id=299, 578.16pt x 433.62pt>
File: Figures/fig-08.02.pdf Graphic file (type pdf)
<use Figures/fig-08.02.pdf>
Package pdftex.def Info: Figures/fig-08.02.pdf  used on input line 93.
(pdftex.def)             Requested size: 216.81pt x 162.6071pt.


[53 <./Figures/fig-08.01.pdf>]

[54 <./Figures/fig-08.02.pdf>])

[55]
\openout2 = `ch09.aux'.

 (./ch09.tex

[56





]
Chapter 9.


[57]
<Figures/fig-09.01.pdf, id=349, 462.52798pt x 346.89601pt>
File: Figures/fig-09.01.pdf Graphic file (type pdf)
<use Figures/fig-09.01.pdf>
Package pdftex.def Info: Figures/fig-09.01.pdf  used on input line 35.
(pdftex.def)             Requested size: 216.81pt x 162.6071pt.


[58 <./Figures/fig-09.01.pdf>]

[59]
<Figures/fig-09.02.pdf, id=373, 462.52798pt x 346.89601pt>
File: Figures/fig-09.02.pdf Graphic file (type pdf)
<use Figures/fig-09.02.pdf>
Package pdftex.def Info: Figures/fig-09.02.pdf  used on input line 63.
(pdftex.def)             Requested size: 216.81pt x 162.6071pt.

Overfull \hbox (3.83945pt too wide) in paragraph at lines 74--75
\OT1/ptm/m/n/10 model: in-creased back-ground mor-tal-ity and an Allee ef-fect.
 By in-cor-po-rat-ing density-
 []



[60 <./Figures/fig-09.02.pdf>])

[61]
\openout2 = `ch10.aux'.

 (./ch10.tex

[62





]
Chapter 10.


[63]
Overfull \hbox (2.57947pt too wide) in paragraph at lines 32--33
[]\OT1/ptm/m/n/10 By elu-ci-dat-ing analo-gies be-tween con-tin-u-ous and dis-c
rete rep-re-sen-ta-tions through
 []



[64]

[65]

[66]

[67]
Overfull \hbox (18.91939pt too wide) in paragraph at lines 108--109
\OT1/ptm/m/n/10 col-lab-o-ra-tions un-cov-ered new di-men-sions of in-tri-cacy 
even within classically-understood
 []



[68])

[69]
\openout2 = `ch11.aux'.

 (./ch11.tex

[70





]
Chapter 11.


[71]

[72]

[73]

[74]
<Figures/fig-11.01.pdf, id=441, 433.62pt x 433.62pt>
File: Figures/fig-11.01.pdf Graphic file (type pdf)
<use Figures/fig-11.01.pdf>
Package pdftex.def Info: Figures/fig-11.01.pdf  used on input line 132.
(pdftex.def)             Requested size: 216.81pt x 216.80946pt.
<Figures/fig-11.02.I.pdf, id=442, 433.62pt x 433.62pt>
File: Figures/fig-11.02.I.pdf Graphic file (type pdf)
<use Figures/fig-11.02.I.pdf>
Package pdftex.def Info: Figures/fig-11.02.I.pdf  used on input line 144.
(pdftex.def)             Requested size: 108.405pt x 108.40472pt.
<Figures/fig-11.02.II.pdf, id=443, 433.62pt x 433.62pt>
File: Figures/fig-11.02.II.pdf Graphic file (type pdf)
<use Figures/fig-11.02.II.pdf>
Package pdftex.def Info: Figures/fig-11.02.II.pdf  used on input line 147.
(pdftex.def)             Requested size: 108.405pt x 108.40472pt.
<Figures/fig-11.02.V.pdf, id=444, 433.62pt x 433.62pt>
File: Figures/fig-11.02.V.pdf Graphic file (type pdf)
<use Figures/fig-11.02.V.pdf>
Package pdftex.def Info: Figures/fig-11.02.V.pdf  used on input line 150.
(pdftex.def)             Requested size: 108.405pt x 108.40472pt.


[75 <./Figures/fig-11.01.pdf>]

[76 <./Figures/fig-11.02.I.pdf> <./Figures/fig-11.02.II.pdf> <./Figures/fig-11.
02.V.pdf>]
<Figures/fig-11.03.III.pdf, id=471, 433.62pt x 433.62pt>
File: Figures/fig-11.03.III.pdf Graphic file (type pdf)
<use Figures/fig-11.03.III.pdf>
Package pdftex.def Info: Figures/fig-11.03.III.pdf  used on input line 172.
(pdftex.def)             Requested size: 108.405pt x 108.40472pt.
<Figures/fig-11.03.IV.pdf, id=472, 433.62pt x 433.62pt>
File: Figures/fig-11.03.IV.pdf Graphic file (type pdf)
<use Figures/fig-11.03.IV.pdf>
Package pdftex.def Info: Figures/fig-11.03.IV.pdf  used on input line 175.
(pdftex.def)             Requested size: 108.405pt x 108.40472pt.


[77 <./Figures/fig-11.03.III.pdf> <./Figures/fig-11.03.IV.pdf>])

[78]
\openout2 = `ch12.aux'.

 (./ch12.tex
Chapter 12.


[79





]

[80]

[81]

[82])

[83]
\openout2 = `ch13.aux'.

 (./ch13.tex

[84





]
Chapter 13.


[85]

[86]

[87]

[88]
<Figures/fig-13.01.A.pdf, id=513, 433.62pt x 433.62pt>
File: Figures/fig-13.01.A.pdf Graphic file (type pdf)
<use Figures/fig-13.01.A.pdf>
Package pdftex.def Info: Figures/fig-13.01.A.pdf  used on input line 156.
(pdftex.def)             Requested size: 144.54pt x 144.53743pt.
<Figures/fig-13.01.B.pdf, id=514, 433.62pt x 433.62pt>
File: Figures/fig-13.01.B.pdf Graphic file (type pdf)
<use Figures/fig-13.01.B.pdf>
Package pdftex.def Info: Figures/fig-13.01.B.pdf  used on input line 160.
(pdftex.def)             Requested size: 144.54pt x 144.53743pt.
<Figures/fig-13.01.C.pdf, id=515, 433.62pt x 433.62pt>
File: Figures/fig-13.01.C.pdf Graphic file (type pdf)
<use Figures/fig-13.01.C.pdf>
Package pdftex.def Info: Figures/fig-13.01.C.pdf  used on input line 164.
(pdftex.def)             Requested size: 144.54pt x 144.53743pt.
<Figures/fig-13.01.D.pdf, id=516, 433.62pt x 433.62pt>
File: Figures/fig-13.01.D.pdf Graphic file (type pdf)
<use Figures/fig-13.01.D.pdf>
Package pdftex.def Info: Figures/fig-13.01.D.pdf  used on input line 168.
(pdftex.def)             Requested size: 144.54pt x 144.53743pt.


[89]

[90 <./Figures/fig-13.01.A.pdf> <./Figures/fig-13.01.B.pdf> <./Figures/fig-13.0
1.C.pdf> <./Figures/fig-13.01.D.pdf>])

[91]
\openout2 = `ch14.aux'.

 (./ch14.tex

[92





]
Chapter 14.


[93]
<Figures/fig-14.01.pdf, id=632, 433.62pt x 144.54pt>
File: Figures/fig-14.01.pdf Graphic file (type pdf)
<use Figures/fig-14.01.pdf>
Package pdftex.def Info: Figures/fig-14.01.pdf  used on input line 36.
(pdftex.def)             Requested size: 216.81pt x 72.2698pt.


LaTeX Warning: `!h' float specifier changed to `!ht'.



[94]

[95 <./Figures/fig-14.01.pdf>]

[96]
<Figures/fig-14.02.pdf, id=663, 722.7pt x 289.08pt>
File: Figures/fig-14.02.pdf Graphic file (type pdf)
<use Figures/fig-14.02.pdf>
Package pdftex.def Info: Figures/fig-14.02.pdf  used on input line 138.
(pdftex.def)             Requested size: 289.07999pt x 115.62994pt.


[97]

[98 <./Figures/fig-14.02.pdf>])

[99]

[100]
\openout2 = `ch15.aux'.

 (./ch15.tex
Chapter 15.


[101





]

[102]
Overfull \hbox (2.08931pt too wide) in paragraph at lines 42--43
[]\OT1/ptm/m/n/10 When con-sid-er-ing evo-lu-tion-ary re-quire-ments, it be-com
es clear that sim-ply shrink-
 []



[103])

[104]
\openout2 = `ch16.aux'.

 (./ch16.tex
Chapter 16.


[105





]

[106]

[107]

[108])

[109]
\openout2 = `ch17.aux'.

 (./ch17.tex

[110





]
Chapter 17.


[111]

[112]

[113]

[114]

[115]

[116]

[117])

[118]
\openout2 = `ch18.aux'.

 (./ch18.tex
Chapter 18.


[119





]
<Figures/fig-18.01.pdf, id=757, 462.52798pt x 346.89601pt>
File: Figures/fig-18.01.pdf Graphic file (type pdf)
<use Figures/fig-18.01.pdf>
Package pdftex.def Info: Figures/fig-18.01.pdf  used on input line 40.
(pdftex.def)             Requested size: 216.81pt x 162.6071pt.


[120]
<Figures/fig-18.02.pdf, id=762, 462.52798pt x 346.89601pt>
File: Figures/fig-18.02.pdf Graphic file (type pdf)
<use Figures/fig-18.02.pdf>
Package pdftex.def Info: Figures/fig-18.02.pdf  used on input line 68.
(pdftex.def)             Requested size: 289.07999pt x 216.82005pt.


[121 <./Figures/fig-18.01.pdf>]

[122 <./Figures/fig-18.02.pdf>]
<Figures/fig-18.03.pdf, id=789, 144.90135pt x 155.41953pt>
File: Figures/fig-18.03.pdf Graphic file (type pdf)
<use Figures/fig-18.03.pdf>
Package pdftex.def Info: Figures/fig-18.03.pdf  used on input line 97.
(pdftex.def)             Requested size: 108.405pt x 116.27502pt.


[123 <./Figures/fig-18.03.pdf>]

[124])

[125]
\openout2 = `ch19.aux'.

 (./ch19.tex

[126





]
Chapter 19.


[127]

[128]
<Figures/fig-19.01.pdf, id=818, 433.62pt x 433.62pt>
File: Figures/fig-19.01.pdf Graphic file (type pdf)
<use Figures/fig-19.01.pdf>
Package pdftex.def Info: Figures/fig-19.01.pdf  used on input line 46.
(pdftex.def)             Requested size: 216.81pt x 216.80946pt.


[129 <./Figures/fig-19.01.pdf>]
<Figures/fig-19.02.A.pdf, id=854, 433.62pt x 433.62pt>
File: Figures/fig-19.02.A.pdf Graphic file (type pdf)
<use Figures/fig-19.02.A.pdf>
Package pdftex.def Info: Figures/fig-19.02.A.pdf  used on input line 82.
(pdftex.def)             Requested size: 144.54pt x 144.53743pt.
<Figures/fig-19.02.B.pdf, id=855, 433.62pt x 433.62pt>
File: Figures/fig-19.02.B.pdf Graphic file (type pdf)
<use Figures/fig-19.02.B.pdf>
Package pdftex.def Info: Figures/fig-19.02.B.pdf  used on input line 86.
(pdftex.def)             Requested size: 144.54pt x 144.53743pt.


[130]
<Figures/fig-19.03.pdf, id=859, 433.62pt x 433.62pt>
File: Figures/fig-19.03.pdf Graphic file (type pdf)
<use Figures/fig-19.03.pdf>
Package pdftex.def Info: Figures/fig-19.03.pdf  used on input line 101.
(pdftex.def)             Requested size: 216.81pt x 216.80946pt.


LaTeX Warning: `h' float specifier changed to `ht'.



[131 <./Figures/fig-19.02.A.pdf> <./Figures/fig-19.02.B.pdf>]

[132 <./Figures/fig-19.03.pdf>])

[133]
\openout2 = `ch20.aux'.

 (./ch20.tex

[134





]
Chapter 20.


[135]
<Figures/fig-20.01.pdf, id=981, 473.2661pt x 231.62535pt>
File: Figures/fig-20.01.pdf Graphic file (type pdf)
<use Figures/fig-20.01.pdf>
Package pdftex.def Info: Figures/fig-20.01.pdf  used on input line 31.
(pdftex.def)             Requested size: 216.81pt x 106.11423pt.


[136]

[137 <./Figures/fig-20.01.pdf>]

[138]
<Figures/fig-20.02.pdf, id=1006, 433.62pt x 433.62pt>
File: Figures/fig-20.02.pdf Graphic file (type pdf)
<use Figures/fig-20.02.pdf>
Package pdftex.def Info: Figures/fig-20.02.pdf  used on input line 95.
(pdftex.def)             Requested size: 216.81pt x 216.80946pt.


[139]

[140 <./Figures/fig-20.02.pdf>]
<Figures/fig-20.03.A.pdf, id=1039, 433.62pt x 433.62pt>
File: Figures/fig-20.03.A.pdf Graphic file (type pdf)
<use Figures/fig-20.03.A.pdf>
Package pdftex.def Info: Figures/fig-20.03.A.pdf  used on input line 125.
(pdftex.def)             Requested size: 144.54pt x 144.53743pt.
<Figures/fig-20.03.B.pdf, id=1040, 433.62pt x 433.62pt>
File: Figures/fig-20.03.B.pdf Graphic file (type pdf)
<use Figures/fig-20.03.B.pdf>
Package pdftex.def Info: Figures/fig-20.03.B.pdf  used on input line 129.
(pdftex.def)             Requested size: 144.54pt x 144.53743pt.


[141 <./Figures/fig-20.03.A.pdf> <./Figures/fig-20.03.B.pdf>]
<Figures/fig-20.04.pdf, id=1102, 433.62pt x 433.62pt>
File: Figures/fig-20.04.pdf Graphic file (type pdf)
<use Figures/fig-20.04.pdf>
Package pdftex.def Info: Figures/fig-20.04.pdf  used on input line 146.
(pdftex.def)             Requested size: 216.81pt x 216.80946pt.


LaTeX Warning: `h' float specifier changed to `ht'.



[142]

[143 <./Figures/fig-20.04.pdf>])

[144]
\openout2 = `ch21.aux'.

 (./ch21.tex
Chapter 21.


[145





]
<Figures/fig-21.01.pdf, id=1147, 182.74673pt x 141.68935pt>
File: Figures/fig-21.01.pdf Graphic file (type pdf)
<use Figures/fig-21.01.pdf>
Package pdftex.def Info: Figures/fig-21.01.pdf  used on input line 31.
(pdftex.def)             Requested size: 108.405pt x 84.05pt.


[146 <./Figures/fig-21.01.pdf>]

[147]

[148]

[149]

[150]

[151])

[152]
\openout2 = `ch22.aux'.

 (./ch22.tex
Chapter 22.


[153





]

[154]

[155]

[156]

[157])

[158]

[159]
\openout2 = `ch23.aux'.

 (./ch23.tex

[160





]
Chapter 23.


[161]

[162])

[163]
\openout2 = `ch24.aux'.

 (./ch24.tex

[164





]
Chapter 24.


[165]

[166]

[167]

[168]

[169]

[170]

[171]
<Figures/fig-24.01.pdf, id=1248, 462.52798pt x 578.16pt>
File: Figures/fig-24.01.pdf Graphic file (type pdf)
<use Figures/fig-24.01.pdf>
Package pdftex.def Info: Figures/fig-24.01.pdf  used on input line 194.
(pdftex.def)             Requested size: 216.81pt x 271.01183pt.


[172 <./Figures/fig-24.01.pdf>])

[173]
\openout2 = `ch25.aux'.

 (./ch25.tex

[174





]
Chapter 25.


[175]

[176]
Overfull \hbox (8.61934pt too wide) in paragraph at lines 32--33
\OT1/ptm/m/n/10 Desmond Bernal ap-plied X-ray crys-tal-log-ra-phy to an-a-lyze 
larger bi-o-log-i-cal molecules.
 []



[177]

[178]
Overfull \hbox (3.84998pt too wide) in paragraph at lines 58--59
[]\OT1/ptm/m/n/10 These ef-forts ex-em-pli-fied pro-duc-tive col-lab-o-ra-tion 
even dur-ing wartime, as French
 []



[179])

[180]
\openout2 = `ch26.aux'.

 (./ch26.tex
Chapter 26.


[181





]

[182]

[183]

[184]

[185]

[186])

[187]
\openout2 = `ch27.aux'.

 (./ch27.tex

[188





]
Chapter 27.


[189]

[190]

[191])

[192]
\openout2 = `referenc.aux'.

 (./referenc.tex (./main.bbl
LaTeX Font Info:    Trying to load font information for OT1+pcr on input line 1
4.

(/home/msantillan/texlive/texmf-dist/tex/latex/psnfss/ot1pcr.fd
File: ot1pcr.fd 2001/06/04 font definitions for OT1/pcr.
)
Underfull \hbox (badness 1694) in paragraph at lines 12--15
\OT1/ptm/m/n/10 Lon-don, DOI $10 . 1007 / 978-[]0-[]85729-[]115-[]8$, URL $\OT1
/pcr/m/n/10 http : / / dx . doi . org /
 []


Underfull \hbox (badness 4981) in paragraph at lines 21--25
[]\OT1/ptm/m/n/10 Bassett DR (2002) Sci-en-tific con-tri-bu-tions of a. v. hill
: ex-er-cise phys-
 []


Underfull \hbox (badness 3907) in paragraph at lines 21--25
\OT1/ptm/m/n/10 i-ol-ogy pi-o-neer. Jour-nal of Ap-plied Phys-i-ol-ogy 93(5):15
67--1582, DOI 
 []


Underfull \hbox (badness 1515) in paragraph at lines 50--54
\OT1/ptm/m/n/10 els for ery-thro-poiesis. Math-e-mat-i-cal Bio-sciences 128(1--
2):317--346, DOI 
 []


Underfull \hbox (badness 4108) in paragraph at lines 50--54
\OT1/ptm/m/n/10 10 . 1016 / 0025-[]5564(94 ) 00078-[]e$, URL $\OT1/pcr/m/n/10 h
ttp : / / dx . doi . org / 10 . 1016 /
 []


Underfull \hbox (badness 10000) in paragraph at lines 56--60
[]\OT1/ptm/m/n/10 Cajori F (1913a) His-tory of the ex-ponene-tial and log-a-rit
h-mic con-
 []


Underfull \hbox (badness 10000) in paragraph at lines 56--60
\OT1/ptm/m/n/10 cepts. The Amer-i-can Math-e-mat-i-cal Monthly 20(5):148--151, 
DOI 
 []


Underfull \hbox (badness 10000) in paragraph at lines 56--60
\OT1/ptm/m/n/10 10 . 1080 / 00029890 . 1913 . 11997942$, URL $\OT1/pcr/m/n/10 h
ttp : / / dx . doi . org / 10 .
 []



[193



]
Underfull \hbox (badness 10000) in paragraph at lines 91--95
[]\OT1/ptm/m/n/10 Cajori F (1913g) His-tory of the ex-po-nen-tial and log-a-rit
h-mic con-
 []


Underfull \hbox (badness 10000) in paragraph at lines 91--95
\OT1/ptm/m/n/10 cepts. The Amer-i-can Math-e-mat-i-cal Monthly 20(7):205--210, 
DOI 
 []


Underfull \hbox (badness 10000) in paragraph at lines 91--95
\OT1/ptm/m/n/10 10 . 1080 / 00029890 . 1913 . 11997960$, URL $\OT1/pcr/m/n/10 h
ttp : / / dx . doi . org / 10 .
 []


Underfull \hbox (badness 5847) in paragraph at lines 118--121
[]\OT1/ptm/m/n/10 Izhikevich E, FitzHugh R (2006) FitzHugh-nagumo model. Schol-
ar-pe-dia
 []



[194]
Underfull \hbox (badness 10000) in paragraph at lines 199--202
[]\OT1/ptm/m/n/10 Stent GS (1968) That was the molec-u-lar bi-ol-ogy that was. 
Sci-ence
 []


Underfull \hbox (badness 10000) in paragraph at lines 199--202
\OT1/ptm/m/n/10 160(3826):390{395, DOI $10 . 1126 / science . 160 . 3826 . 390$
, URL $\OT1/pcr/m/n/10 http :
 []

))

[195] (./main.aux (./ch01.aux) (./ch02.aux) (./ch03.aux) (./ch04.aux)
(./ch05.aux) (./ch06.aux) (./ch07.aux) (./ch08.aux) (./ch09.aux) (./ch10.aux)
(./ch11.aux) (./ch12.aux) (./ch13.aux) (./ch14.aux) (./ch15.aux) (./ch16.aux)
(./ch17.aux) (./ch18.aux) (./ch19.aux) (./ch20.aux) (./ch21.aux) (./ch22.aux)
(./ch23.aux) (./ch24.aux) (./ch25.aux) (./ch26.aux) (./ch27.aux)
(./referenc.aux))
 ***********
LaTeX2e <2024-11-01> patch level 2
L3 programming layer <2025-01-18>
 ***********
 ) 
Here is how much of TeX's memory you used:
 27800 strings out of 475018
 689241 string characters out of 5760925
 1169746 words of memory out of 5000000
 50129 multiletter control sequences out of 15000+600000
 616685 words of font info for 150 fonts, out of 8000000 for 9000
 81 hyphenation exceptions out of 8191
 99i,21n,105p,1332b,609s stack positions out of 10000i,1000n,20000p,200000b,200000s
</home/msantillan/texlive/texmf-dist/fonts/type1/public/amsfonts/cm/cmex10.pf
b></home/msantillan/texlive/texmf-dist/fonts/type1/public/amsfonts/cm/cmmi10.pf
b></home/msantillan/texlive/texmf-dist/fonts/type1/public/amsfonts/cm/cmr10.pfb
></home/msantillan/texlive/texmf-dist/fonts/type1/public/amsfonts/cm/cmsy10.pfb
></home/msantillan/texlive/texmf-dist/fonts/type1/public/amsfonts/latxfont/line
10.pfb></home/msantillan/texlive/texmf-dist/fonts/type1/public/amsfonts/symbols
/msam10.pfb></home/msantillan/texlive/texmf-dist/fonts/type1/urw/courier/ucrr8a
.pfb></home/msantillan/texlive/texmf-dist/fonts/type1/urw/symbol/usyr.pfb></hom
e/msantillan/texlive/texmf-dist/fonts/type1/urw/symbol/usyr.pfb></home/msantill
an/texlive/texmf-dist/fonts/type1/urw/times/utmb8a.pfb></home/msantillan/texliv
e/texmf-dist/fonts/type1/urw/times/utmbi8a.pfb></home/msantillan/texlive/texmf-
dist/fonts/type1/urw/times/utmr8a.pfb></home/msantillan/texlive/texmf-dist/font
s/type1/urw/times/utmri8a.pfb>
Output written on main.pdf (203 pages, 1219979 bytes).
PDF statistics:
 1437 PDF objects out of 1440 (max. 8388607)
 746 compressed objects within 8 object streams
 0 named destinations out of 1000 (max. 500000)
 188 words of extra memory for PDF output out of 10000 (max. 10000000)

